DOID:65,Unique genes before filter: 2409
Unique genes in embed: 1604
Holdout performance for /home/exouser/gene-embedding-benchmarks/data/embeddings/intersect/BulkFM-MASK-CONT-15 with best C=0.1:
Holdout AUC: 0.6084
Holdout AUPRC: 0.1531
Holdout PR@10: 0.3000
Holdout Duration: 0.30s
DOID:0050161,Unique genes before filter: 374
Unique genes in embed: 274
Holdout performance for /home/exouser/gene-embedding-benchmarks/data/embeddings/intersect/BulkFM-MASK-CONT-15 with best C=0.1:
Holdout AUC: 0.4517
Holdout AUPRC: 0.0889
Holdout PR@10: 0.0000
Holdout Duration: 0.01s
DOID:417,Unique genes before filter: 440
Unique genes in embed: 315
Holdout performance for /home/exouser/gene-embedding-benchmarks/data/embeddings/intersect/BulkFM-MASK-CONT-15 with best C=0.1:
Holdout AUC: 0.8034
Holdout AUPRC: 0.4843
Holdout PR@10: 0.4000
Holdout Duration: 0.02s
DOID:612,Unique genes before filter: 1672
Unique genes in embed: 1142
Holdout performance for /home/exouser/gene-embedding-benchmarks/data/embeddings/intersect/BulkFM-MASK-CONT-15 with best C=0.1:
Holdout AUC: 0.8218
Holdout AUPRC: 0.4436
Holdout PR@10: 0.6000
Holdout Duration: 0.15s
DOID:0050739,Unique genes before filter: 1943
Unique genes in embed: 1285
Holdout performance for /home/exouser/gene-embedding-benchmarks/data/embeddings/intersect/BulkFM-MASK-CONT-15 with best C=10.0:
Holdout AUC: 0.4815
Holdout AUPRC: 0.7983
Holdout PR@10: 0.7000
Holdout Duration: 0.23s
DOID:0050736,Unique genes before filter: 1321
Unique genes in embed: 912
Holdout performance for /home/exouser/gene-embedding-benchmarks/data/embeddings/intersect/BulkFM-MASK-CONT-15 with best C=10.0:
Holdout AUC: 0.4750
Holdout AUPRC: 0.6394
Holdout PR@10: 0.5000
Holdout Duration: 0.11s
DOID:0050686,Unique genes before filter: 1551
Unique genes in embed: 1069
Holdout performance for /home/exouser/gene-embedding-benchmarks/data/embeddings/intersect/BulkFM-MASK-CONT-15 with best C=0.1:
Holdout AUC: 0.6363
Holdout AUPRC: 0.1182
Holdout PR@10: 0.0000
Holdout Duration: 0.14s
DOID:0050687,Unique genes before filter: 418
Unique genes in embed: 289
Holdout performance for /home/exouser/gene-embedding-benchmarks/data/embeddings/intersect/BulkFM-MASK-CONT-15 with best C=0.1:
Holdout AUC: 0.5793
Holdout AUPRC: 0.1206
Holdout PR@10: 0.1000
Holdout Duration: 0.01s
DOID:557,Unique genes before filter: 946
Unique genes in embed: 661
Holdout performance for /home/exouser/gene-embedding-benchmarks/data/embeddings/intersect/BulkFM-MASK-CONT-15 with best C=0.1:
Holdout AUC: 0.4851
Holdout AUPRC: 0.0891
Holdout PR@10: 0.0000
Holdout Duration: 0.05s
DOID:305,Unique genes before filter: 319
Unique genes in embed: 220
Holdout performance for /home/exouser/gene-embedding-benchmarks/data/embeddings/intersect/BulkFM-MASK-CONT-15 with best C=0.1:
Holdout AUC: 0.5952
Holdout AUPRC: 0.1976
Holdout PR@10: 0.2000
Holdout Duration: 0.01s
DOID:37,Unique genes before filter: 1210
Unique genes in embed: 837
Holdout performance for /home/exouser/gene-embedding-benchmarks/data/embeddings/intersect/BulkFM-MASK-CONT-15 with best C=1.0:
Holdout AUC: 0.5669
Holdout AUPRC: 0.2322
Holdout PR@10: 0.3000
Holdout Duration: 0.06s
DOID:936,Unique genes before filter: 2676
Unique genes in embed: 1787
Holdout performance for /home/exouser/gene-embedding-benchmarks/data/embeddings/intersect/BulkFM-MASK-CONT-15 with best C=0.1:
Holdout AUC: 0.6130
Holdout AUPRC: 0.1395
Holdout PR@10: 0.0000
Holdout Duration: 0.35s
DOID:114,Unique genes before filter: 1067
Unique genes in embed: 736
Holdout performance for /home/exouser/gene-embedding-benchmarks/data/embeddings/intersect/BulkFM-MASK-CONT-15 with best C=0.1:
Holdout AUC: 0.6186
Holdout AUPRC: 0.1764
Holdout PR@10: 0.1000
Holdout Duration: 0.06s
DOID:0060036,Unique genes before filter: 649
Unique genes in embed: 452
Holdout performance for /home/exouser/gene-embedding-benchmarks/data/embeddings/intersect/BulkFM-MASK-CONT-15 with best C=0.1:
Holdout AUC: 0.7896
Holdout AUPRC: 0.3232
Holdout PR@10: 0.3000
Holdout Duration: 0.03s
DOID:0050700,Unique genes before filter: 649
Unique genes in embed: 468
Holdout performance for /home/exouser/gene-embedding-benchmarks/data/embeddings/intersect/BulkFM-MASK-CONT-15 with best C=1.0:
Holdout AUC: 0.6689
Holdout AUPRC: 0.2432
Holdout PR@10: 0.3000
Holdout Duration: 0.02s
DOID:0050737,Unique genes before filter: 1864
Unique genes in embed: 1209
Holdout performance for /home/exouser/gene-embedding-benchmarks/data/embeddings/intersect/BulkFM-MASK-CONT-15 with best C=10.0:
Holdout AUC: 0.4573
Holdout AUPRC: 0.7113
Holdout PR@10: 0.6000
Holdout Duration: 0.19s
DOID:0080009,Unique genes before filter: 385
Unique genes in embed: 274
Holdout performance for /home/exouser/gene-embedding-benchmarks/data/embeddings/intersect/BulkFM-MASK-CONT-15 with best C=0.1:
Holdout AUC: 0.5726
Holdout AUPRC: 0.2586
Holdout PR@10: 0.1000
Holdout Duration: 0.01s
DOID:0050735,Unique genes before filter: 604
Unique genes in embed: 432
Holdout performance for /home/exouser/gene-embedding-benchmarks/data/embeddings/intersect/BulkFM-MASK-CONT-15 with best C=0.1:
Holdout AUC: 0.6456
Holdout AUPRC: 0.4506
Holdout PR@10: 0.5000
Holdout Duration: 0.03s
DOID:0080001,Unique genes before filter: 1969
Unique genes in embed: 1330
Holdout performance for /home/exouser/gene-embedding-benchmarks/data/embeddings/intersect/BulkFM-MASK-CONT-15 with best C=0.1:
Holdout AUC: 0.5080
Holdout AUPRC: 0.1667
Holdout PR@10: 0.3000
Holdout Duration: 0.21s
DOID:0080005,Unique genes before filter: 297
Unique genes in embed: 213
Holdout performance for /home/exouser/gene-embedding-benchmarks/data/embeddings/intersect/BulkFM-MASK-CONT-15 with best C=0.1:
Holdout AUC: 0.3071
Holdout AUPRC: 0.0736
Holdout PR@10: 0.0000
Holdout Duration: 0.01s
DOID:2490,Unique genes before filter: 418
Unique genes in embed: 290
Holdout performance for /home/exouser/gene-embedding-benchmarks/data/embeddings/intersect/BulkFM-MASK-CONT-15 with best C=0.1:
Holdout AUC: 0.5333
Holdout AUPRC: 0.1700
Holdout PR@10: 0.1000
Holdout Duration: 0.01s
DOID:4961,Unique genes before filter: 242
Unique genes in embed: 184
Holdout performance for /home/exouser/gene-embedding-benchmarks/data/embeddings/intersect/BulkFM-MASK-CONT-15 with best C=1.0:
Holdout AUC: 0.6000
Holdout AUPRC: 0.3005
Holdout PR@10: 0.1000
Holdout Duration: 0.01s
DOID:2531,Unique genes before filter: 462
Unique genes in embed: 341
Holdout performance for /home/exouser/gene-embedding-benchmarks/data/embeddings/intersect/BulkFM-MASK-CONT-15 with best C=0.1:
Holdout AUC: 0.5816
Holdout AUPRC: 0.1915
Holdout PR@10: 0.3000
Holdout Duration: 0.02s
DOID:1934,Unique genes before filter: 396
Unique genes in embed: 279
Holdout performance for /home/exouser/gene-embedding-benchmarks/data/embeddings/intersect/BulkFM-MASK-CONT-15 with best C=10.0:
Holdout AUC: 0.5677
Holdout AUPRC: 0.1140
Holdout PR@10: 0.0000
Holdout Duration: 0.01s
DOID:0080006,Unique genes before filter: 1496
Unique genes in embed: 1033
Holdout performance for /home/exouser/gene-embedding-benchmarks/data/embeddings/intersect/BulkFM-MASK-CONT-15 with best C=1.0:
Holdout AUC: 0.6031
Holdout AUPRC: 0.1562
Holdout PR@10: 0.1000
Holdout Duration: 0.09s
DOID:2256,Unique genes before filter: 880
Unique genes in embed: 619
Holdout performance for /home/exouser/gene-embedding-benchmarks/data/embeddings/intersect/BulkFM-MASK-CONT-15 with best C=0.1:
Holdout AUC: 0.4727
Holdout AUPRC: 0.1230
Holdout PR@10: 0.2000
Holdout Duration: 0.05s
DOID:0080012,Unique genes before filter: 545
Unique genes in embed: 384
Holdout performance for /home/exouser/gene-embedding-benchmarks/data/embeddings/intersect/BulkFM-MASK-CONT-15 with best C=0.1:
Holdout AUC: 0.6265
Holdout AUPRC: 0.3286
Holdout PR@10: 0.3000
Holdout Duration: 0.02s
DOID:231,Unique genes before filter: 506
Unique genes in embed: 360
Holdout performance for /home/exouser/gene-embedding-benchmarks/data/embeddings/intersect/BulkFM-MASK-CONT-15 with best C=0.1:
Holdout AUC: 0.4192
Holdout AUPRC: 0.0791
Holdout PR@10: 0.0000
Holdout Duration: 0.02s
DOID:1289,Unique genes before filter: 1958
Unique genes in embed: 1328
Holdout performance for /home/exouser/gene-embedding-benchmarks/data/embeddings/intersect/BulkFM-MASK-CONT-15 with best C=0.1:
Holdout AUC: 0.6124
Holdout AUPRC: 0.1962
Holdout PR@10: 0.3000
Holdout Duration: 0.18s
DOID:440,Unique genes before filter: 748
Unique genes in embed: 526
Holdout performance for /home/exouser/gene-embedding-benchmarks/data/embeddings/intersect/BulkFM-MASK-CONT-15 with best C=10.0:
Holdout AUC: 0.4923
Holdout AUPRC: 0.1679
Holdout PR@10: 0.1000
Holdout Duration: 0.03s
DOID:0050539,Unique genes before filter: 286
Unique genes in embed: 211
Holdout performance for /home/exouser/gene-embedding-benchmarks/data/embeddings/intersect/BulkFM-MASK-CONT-15 with best C=0.1:
Holdout AUC: 0.4844
Holdout AUPRC: 0.0883
Holdout PR@10: 0.0000
Holdout Duration: 0.01s
DOID:10595,Unique genes before filter: 539
Unique genes in embed: 382
Holdout performance for /home/exouser/gene-embedding-benchmarks/data/embeddings/intersect/BulkFM-MASK-CONT-15 with best C=0.1:
Holdout AUC: 0.5881
Holdout AUPRC: 0.1213
Holdout PR@10: 0.1000
Holdout Duration: 0.02s
DOID:870,Unique genes before filter: 1111
Unique genes in embed: 781
Holdout performance for /home/exouser/gene-embedding-benchmarks/data/embeddings/intersect/BulkFM-MASK-CONT-15 with best C=1.0:
Holdout AUC: 0.5750
Holdout AUPRC: 0.1074
Holdout PR@10: 0.1000
Holdout Duration: 0.06s
DOID:2355,Unique genes before filter: 737
Unique genes in embed: 510
Holdout performance for /home/exouser/gene-embedding-benchmarks/data/embeddings/intersect/BulkFM-MASK-CONT-15 with best C=0.1:
Holdout AUC: 0.6760
Holdout AUPRC: 0.2553
Holdout PR@10: 0.2000
Holdout Duration: 0.03s
DOID:12449,Unique genes before filter: 462
Unique genes in embed: 330
Holdout performance for /home/exouser/gene-embedding-benchmarks/data/embeddings/intersect/BulkFM-MASK-CONT-15 with best C=0.1:
Holdout AUC: 0.6828
Holdout AUPRC: 0.2113
Holdout PR@10: 0.1000
Holdout Duration: 0.02s
DOID:423,Unique genes before filter: 1188
Unique genes in embed: 815
Holdout performance for /home/exouser/gene-embedding-benchmarks/data/embeddings/intersect/BulkFM-MASK-CONT-15 with best C=10.0:
Holdout AUC: 0.5212
Holdout AUPRC: 0.1830
Holdout PR@10: 0.3000
Holdout Duration: 0.06s
DOID:0080000,Unique genes before filter: 1375
Unique genes in embed: 962
Holdout performance for /home/exouser/gene-embedding-benchmarks/data/embeddings/intersect/BulkFM-MASK-CONT-15 with best C=1.0:
Holdout AUC: 0.4745
Holdout AUPRC: 0.0822
Holdout PR@10: 0.0000
Holdout Duration: 0.08s
DOID:9884,Unique genes before filter: 561
Unique genes in embed: 394
Holdout performance for /home/exouser/gene-embedding-benchmarks/data/embeddings/intersect/BulkFM-MASK-CONT-15 with best C=0.1:
Holdout AUC: 0.6718
Holdout AUPRC: 0.1535
Holdout PR@10: 0.1000
Holdout Duration: 0.02s
DOID:66,Unique genes before filter: 1287
Unique genes in embed: 888
Holdout performance for /home/exouser/gene-embedding-benchmarks/data/embeddings/intersect/BulkFM-MASK-CONT-15 with best C=1.0:
Holdout AUC: 0.6726
Holdout AUPRC: 0.1766
Holdout PR@10: 0.1000
Holdout Duration: 0.06s
DOID:2786,Unique genes before filter: 726
Unique genes in embed: 514
Holdout performance for /home/exouser/gene-embedding-benchmarks/data/embeddings/intersect/BulkFM-MASK-CONT-15 with best C=0.1:
Holdout AUC: 0.7333
Holdout AUPRC: 0.2146
Holdout PR@10: 0.2000
Holdout Duration: 0.03s
DOID:9799,Unique genes before filter: 1056
Unique genes in embed: 720
Holdout performance for /home/exouser/gene-embedding-benchmarks/data/embeddings/intersect/BulkFM-MASK-CONT-15 with best C=10.0:
Holdout AUC: 0.4506
Holdout AUPRC: 0.0787
Holdout PR@10: 0.0000
Holdout Duration: 0.05s
DOID:4448,Unique genes before filter: 286
Unique genes in embed: 195
Holdout performance for /home/exouser/gene-embedding-benchmarks/data/embeddings/intersect/BulkFM-MASK-CONT-15 with best C=10.0:
Holdout AUC: 0.8125
Holdout AUPRC: 0.5114
Holdout PR@10: 0.3000
Holdout Duration: 0.01s
DOID:8466,Unique genes before filter: 1045
Unique genes in embed: 735
Holdout performance for /home/exouser/gene-embedding-benchmarks/data/embeddings/intersect/BulkFM-MASK-CONT-15 with best C=1.0:
Holdout AUC: 0.6536
Holdout AUPRC: 0.1601
Holdout PR@10: 0.1000
Holdout Duration: 0.05s
DOID:5614,Unique genes before filter: 2508
Unique genes in embed: 1695
Holdout performance for /home/exouser/gene-embedding-benchmarks/data/embeddings/intersect/BulkFM-MASK-CONT-15 with best C=0.1:
Holdout AUC: 0.6019
Holdout AUPRC: 0.1298
Holdout PR@10: 0.1000
Holdout Duration: 0.32s
DOID:5679,Unique genes before filter: 1353
Unique genes in embed: 949
Holdout performance for /home/exouser/gene-embedding-benchmarks/data/embeddings/intersect/BulkFM-MASK-CONT-15 with best C=10.0:
Holdout AUC: 0.5357
Holdout AUPRC: 0.1072
Holdout PR@10: 0.1000
Holdout Duration: 0.08s
DOID:1091,Unique genes before filter: 242
Unique genes in embed: 155
Holdout performance for /home/exouser/gene-embedding-benchmarks/data/embeddings/intersect/BulkFM-MASK-CONT-15 with best C=0.1:
Holdout AUC: 0.6875
Holdout AUPRC: 0.1900
Holdout PR@10: 0.2000
Holdout Duration: 0.01s
DOID:403,Unique genes before filter: 264
Unique genes in embed: 177
Holdout performance for /home/exouser/gene-embedding-benchmarks/data/embeddings/intersect/BulkFM-MASK-CONT-15 with best C=0.1:
Holdout AUC: 0.8512
Holdout AUPRC: 0.3955
Holdout PR@10: 0.3000
Holdout Duration: 0.01s
DOID:0060564,Unique genes before filter: 352
Unique genes in embed: 243
Holdout performance for /home/exouser/gene-embedding-benchmarks/data/embeddings/intersect/BulkFM-MASK-CONT-15 with best C=10.0:
Holdout AUC: 0.2857
Holdout AUPRC: 0.0738
Holdout PR@10: 0.0000
Holdout Duration: 0.01s
DOID:0050828,Unique genes before filter: 319
Unique genes in embed: 220
Holdout performance for /home/exouser/gene-embedding-benchmarks/data/embeddings/intersect/BulkFM-MASK-CONT-15 with best C=0.1:
Holdout AUC: 0.6615
Holdout AUPRC: 0.1264
Holdout PR@10: 0.0000
Holdout Duration: 0.01s
DOID:178,Unique genes before filter: 539
Unique genes in embed: 368
Holdout performance for /home/exouser/gene-embedding-benchmarks/data/embeddings/intersect/BulkFM-MASK-CONT-15 with best C=1.0:
Holdout AUC: 0.4272
Holdout AUPRC: 0.1404
Holdout PR@10: 0.1000
Holdout Duration: 0.02s
DOID:0060037,Unique genes before filter: 1980
Unique genes in embed: 1354
Holdout performance for /home/exouser/gene-embedding-benchmarks/data/embeddings/intersect/BulkFM-MASK-CONT-15 with best C=1.0:
Holdout AUC: 0.6264
Holdout AUPRC: 0.1486
Holdout PR@10: 0.2000
Holdout Duration: 0.15s
DOID:0060309,Unique genes before filter: 396
Unique genes in embed: 283
Holdout performance for /home/exouser/gene-embedding-benchmarks/data/embeddings/intersect/BulkFM-MASK-CONT-15 with best C=0.1:
Holdout AUC: 0.6566
Holdout AUPRC: 0.3324
Holdout PR@10: 0.2000
Holdout Duration: 0.01s
DOID:1059,Unique genes before filter: 1914
Unique genes in embed: 1296
Holdout performance for /home/exouser/gene-embedding-benchmarks/data/embeddings/intersect/BulkFM-MASK-CONT-15 with best C=0.1:
Holdout AUC: 0.6682
Holdout AUPRC: 0.1508
Holdout PR@10: 0.3000
Holdout Duration: 0.19s
DOID:0060038,Unique genes before filter: 1980
Unique genes in embed: 1349
Holdout performance for /home/exouser/gene-embedding-benchmarks/data/embeddings/intersect/BulkFM-MASK-CONT-15 with best C=0.1:
Holdout AUC: 0.5461
Holdout AUPRC: 0.1461
Holdout PR@10: 0.1000
Holdout Duration: 0.21s
DOID:0050888,Unique genes before filter: 462
Unique genes in embed: 331
Holdout performance for /home/exouser/gene-embedding-benchmarks/data/embeddings/intersect/BulkFM-MASK-CONT-15 with best C=10.0:
Holdout AUC: 0.7271
Holdout AUPRC: 0.3007
Holdout PR@10: 0.2000
Holdout Duration: 0.02s
DOID:10273,Unique genes before filter: 253
Unique genes in embed: 178
Holdout performance for /home/exouser/gene-embedding-benchmarks/data/embeddings/intersect/BulkFM-MASK-CONT-15 with best C=10.0:
Holdout AUC: 0.6304
Holdout AUPRC: 0.1285
Holdout PR@10: 0.1000
Holdout Duration: 0.01s
DOID:0050753,Unique genes before filter: 726
Unique genes in embed: 506
Holdout performance for /home/exouser/gene-embedding-benchmarks/data/embeddings/intersect/BulkFM-MASK-CONT-15 with best C=0.1:
Holdout AUC: 0.7514
Holdout AUPRC: 0.1844
Holdout PR@10: 0.1000
Holdout Duration: 0.03s
DOID:0050951,Unique genes before filter: 825
Unique genes in embed: 586
Holdout performance for /home/exouser/gene-embedding-benchmarks/data/embeddings/intersect/BulkFM-MASK-CONT-15 with best C=0.1:
Holdout AUC: 0.4520
Holdout AUPRC: 0.0899
Holdout PR@10: 0.0000
Holdout Duration: 0.04s
DOID:0050950,Unique genes before filter: 363
Unique genes in embed: 263
Holdout performance for /home/exouser/gene-embedding-benchmarks/data/embeddings/intersect/BulkFM-MASK-CONT-15 with best C=0.1:
Holdout AUC: 0.7976
Holdout AUPRC: 0.2714
Holdout PR@10: 0.3000
Holdout Duration: 0.01s
DOID:2277,Unique genes before filter: 737
Unique genes in embed: 516
Holdout performance for /home/exouser/gene-embedding-benchmarks/data/embeddings/intersect/BulkFM-MASK-CONT-15 with best C=0.1:
Holdout AUC: 0.5493
Holdout AUPRC: 0.1134
Holdout PR@10: 0.1000
Holdout Duration: 0.04s
DOID:1923,Unique genes before filter: 242
Unique genes in embed: 179
Holdout performance for /home/exouser/gene-embedding-benchmarks/data/embeddings/intersect/BulkFM-MASK-CONT-15 with best C=0.1:
Holdout AUC: 0.5568
Holdout AUPRC: 0.1154
Holdout PR@10: 0.1000
Holdout Duration: 0.01s
DOID:1441,Unique genes before filter: 396
Unique genes in embed: 281
Holdout performance for /home/exouser/gene-embedding-benchmarks/data/embeddings/intersect/BulkFM-MASK-CONT-15 with best C=0.1:
Holdout AUC: 0.3958
Holdout AUPRC: 0.0753
Holdout PR@10: 0.0000
Holdout Duration: 0.01s
DOID:607,Unique genes before filter: 638
Unique genes in embed: 434
Holdout performance for /home/exouser/gene-embedding-benchmarks/data/embeddings/intersect/BulkFM-MASK-CONT-15 with best C=0.1:
Holdout AUC: 0.5712
Holdout AUPRC: 0.1105
Holdout PR@10: 0.1000
Holdout Duration: 0.02s
DOID:2476,Unique genes before filter: 638
Unique genes in embed: 453
Holdout performance for /home/exouser/gene-embedding-benchmarks/data/embeddings/intersect/BulkFM-MASK-CONT-15 with best C=0.1:
Holdout AUC: 0.6047
Holdout AUPRC: 0.1228
Holdout PR@10: 0.1000
Holdout Duration: 0.03s
DOID:0080578,Unique genes before filter: 385
Unique genes in embed: 263
Holdout performance for /home/exouser/gene-embedding-benchmarks/data/embeddings/intersect/BulkFM-MASK-CONT-15 with best C=0.1:
Holdout AUC: 0.3844
Holdout AUPRC: 0.0820
Holdout PR@10: 0.0000
Holdout Duration: 0.01s
DOID:627,Unique genes before filter: 209
Unique genes in embed: 145
Holdout performance for /home/exouser/gene-embedding-benchmarks/data/embeddings/intersect/BulkFM-MASK-CONT-15 with best C=10.0:
Holdout AUC: 0.5938
Holdout AUPRC: 0.1787
Holdout PR@10: 0.1000
Holdout Duration: 0.01s
DOID:0111962,Unique genes before filter: 484
Unique genes in embed: 337
Holdout performance for /home/exouser/gene-embedding-benchmarks/data/embeddings/intersect/BulkFM-MASK-CONT-15 with best C=1.0:
Holdout AUC: 0.7656
Holdout AUPRC: 0.1897
Holdout PR@10: 0.1000
Holdout Duration: 0.01s
DOID:2115,Unique genes before filter: 308
Unique genes in embed: 216
Holdout performance for /home/exouser/gene-embedding-benchmarks/data/embeddings/intersect/BulkFM-MASK-CONT-15 with best C=10.0:
Holdout AUC: 0.7080
Holdout AUPRC: 0.2086
Holdout PR@10: 0.2000
Holdout Duration: 0.01s
DOID:2583,Unique genes before filter: 220
Unique genes in embed: 161
Holdout performance for /home/exouser/gene-embedding-benchmarks/data/embeddings/intersect/BulkFM-MASK-CONT-15 with best C=0.1:
Holdout AUC: 0.5625
Holdout AUPRC: 0.1397
Holdout PR@10: 0.1000
Holdout Duration: 0.01s
DOID:0081337,Unique genes before filter: 330
Unique genes in embed: 234
Holdout performance for /home/exouser/gene-embedding-benchmarks/data/embeddings/intersect/BulkFM-MASK-CONT-15 with best C=0.1:
Holdout AUC: 0.4692
Holdout AUPRC: 0.1668
Holdout PR@10: 0.2000
Holdout Duration: 0.01s
DOID:1247,Unique genes before filter: 462
Unique genes in embed: 347
Holdout performance for /home/exouser/gene-embedding-benchmarks/data/embeddings/intersect/BulkFM-MASK-CONT-15 with best C=0.1:
Holdout AUC: 0.7707
Holdout AUPRC: 0.3523
Holdout PR@10: 0.4000
Holdout Duration: 0.02s
DOID:0060340,Unique genes before filter: 469
Unique genes in embed: 319
Holdout performance for /home/exouser/gene-embedding-benchmarks/data/embeddings/intersect/BulkFM-MASK-CONT-15 with best C=0.1:
Holdout AUC: 0.6270
Holdout AUPRC: 0.3731
Holdout PR@10: 0.3000
Holdout Duration: 0.02s
DOID:0050777,Unique genes before filter: 275
Unique genes in embed: 204
Holdout performance for /home/exouser/gene-embedding-benchmarks/data/embeddings/intersect/BulkFM-MASK-CONT-15 with best C=0.1:
Holdout AUC: 0.5563
Holdout AUPRC: 0.1171
Holdout PR@10: 0.0000
Holdout Duration: 0.01s
DOID:1826,Unique genes before filter: 1408
Unique genes in embed: 971
Holdout performance for /home/exouser/gene-embedding-benchmarks/data/embeddings/intersect/BulkFM-MASK-CONT-15 with best C=0.1:
Holdout AUC: 0.6707
Holdout AUPRC: 0.1426
Holdout PR@10: 0.1000
Holdout Duration: 0.11s
DOID:0050563,Unique genes before filter: 1144
Unique genes in embed: 800
Holdout performance for /home/exouser/gene-embedding-benchmarks/data/embeddings/intersect/BulkFM-MASK-CONT-15 with best C=0.1:
Holdout AUC: 0.6590
Holdout AUPRC: 0.1347
Holdout PR@10: 0.0000
Holdout Duration: 0.07s
DOID:0050564,Unique genes before filter: 450
Unique genes in embed: 322
Holdout performance for /home/exouser/gene-embedding-benchmarks/data/embeddings/intersect/BulkFM-MASK-CONT-15 with best C=1.0:
Holdout AUC: 0.5611
Holdout AUPRC: 0.1926
Holdout PR@10: 0.1000
Holdout Duration: 0.01s
DOID:2742,Unique genes before filter: 1144
Unique genes in embed: 811
Holdout performance for /home/exouser/gene-embedding-benchmarks/data/embeddings/intersect/BulkFM-MASK-CONT-15 with best C=0.1:
Holdout AUC: 0.5765
Holdout AUPRC: 0.1206
Holdout PR@10: 0.1000
Holdout Duration: 0.08s
DOID:10579,Unique genes before filter: 407
Unique genes in embed: 290
Holdout performance for /home/exouser/gene-embedding-benchmarks/data/embeddings/intersect/BulkFM-MASK-CONT-15 with best C=10.0:
Holdout AUC: 0.6704
Holdout AUPRC: 0.5136
Holdout PR@10: 0.3000
Holdout Duration: 0.01s
DOID:1443,Unique genes before filter: 451
Unique genes in embed: 313
Holdout performance for /home/exouser/gene-embedding-benchmarks/data/embeddings/intersect/BulkFM-MASK-CONT-15 with best C=0.1:
Holdout AUC: 0.6526
Holdout AUPRC: 0.2034
Holdout PR@10: 0.2000
Holdout Duration: 0.01s
DOID:0112202,Unique genes before filter: 1012
Unique genes in embed: 715
Holdout performance for /home/exouser/gene-embedding-benchmarks/data/embeddings/intersect/BulkFM-MASK-CONT-15 with best C=0.1:
Holdout AUC: 0.6739
Holdout AUPRC: 0.1767
Holdout PR@10: 0.3000
Holdout Duration: 0.06s
DOID:0050701,Unique genes before filter: 1232
Unique genes in embed: 868
Holdout performance for /home/exouser/gene-embedding-benchmarks/data/embeddings/intersect/BulkFM-MASK-CONT-15 with best C=1.0:
Holdout AUC: 0.6669
Holdout AUPRC: 0.1515
Holdout PR@10: 0.1000
Holdout Duration: 0.07s
DOID:0060307,Unique genes before filter: 478
Unique genes in embed: 329
Holdout performance for /home/exouser/gene-embedding-benchmarks/data/embeddings/intersect/BulkFM-MASK-CONT-15 with best C=0.1:
Holdout AUC: 0.7243
Holdout AUPRC: 0.2866
Holdout PR@10: 0.1000
Holdout Duration: 0.02s
DOID:0111910,Unique genes before filter: 671
Unique genes in embed: 459
Holdout performance for /home/exouser/gene-embedding-benchmarks/data/embeddings/intersect/BulkFM-MASK-CONT-15 with best C=0.1:
Holdout AUC: 0.7481
Holdout AUPRC: 0.2556
Holdout PR@10: 0.2000
Holdout Duration: 0.03s
DOID:48,Unique genes before filter: 847
Unique genes in embed: 580
Holdout performance for /home/exouser/gene-embedding-benchmarks/data/embeddings/intersect/BulkFM-MASK-CONT-15 with best C=1.0:
Holdout AUC: 0.7471
Holdout AUPRC: 0.1897
Holdout PR@10: 0.2000
Holdout Duration: 0.03s
DOID:12336,Unique genes before filter: 682
Unique genes in embed: 470
Holdout performance for /home/exouser/gene-embedding-benchmarks/data/embeddings/intersect/BulkFM-MASK-CONT-15 with best C=0.1:
Holdout AUC: 0.8609
Holdout AUPRC: 0.5712
Holdout PR@10: 0.4000
Holdout Duration: 0.03s
DOID:5212,Unique genes before filter: 418
Unique genes in embed: 293
Holdout performance for /home/exouser/gene-embedding-benchmarks/data/embeddings/intersect/BulkFM-MASK-CONT-15 with best C=0.1:
Holdout AUC: 0.7897
Holdout AUPRC: 0.2000
Holdout PR@10: 0.2000
Holdout Duration: 0.01s
DOID:110,Unique genes before filter: 363
Unique genes in embed: 270
Holdout performance for /home/exouser/gene-embedding-benchmarks/data/embeddings/intersect/BulkFM-MASK-CONT-15 with best C=0.1:
Holdout AUC: 0.4948
Holdout AUPRC: 0.0981
Holdout PR@10: 0.0000
Holdout Duration: 0.01s
DOID:83,Unique genes before filter: 341
Unique genes in embed: 252
Holdout performance for /home/exouser/gene-embedding-benchmarks/data/embeddings/intersect/BulkFM-MASK-CONT-15 with best C=0.1:
Holdout AUC: 0.6452
Holdout AUPRC: 0.1422
Holdout PR@10: 0.1000
Holdout Duration: 0.01s
DOID:0060308,Unique genes before filter: 475
Unique genes in embed: 326
Holdout performance for /home/exouser/gene-embedding-benchmarks/data/embeddings/intersect/BulkFM-MASK-CONT-15 with best C=0.1:
Holdout AUC: 0.5342
Holdout AUPRC: 0.1126
Holdout PR@10: 0.1000
Holdout Duration: 0.02s
DOID:0050776,Unique genes before filter: 220
Unique genes in embed: 167
Holdout performance for /home/exouser/gene-embedding-benchmarks/data/embeddings/intersect/BulkFM-MASK-CONT-15 with best C=1.0:
Holdout AUC: 0.4750
Holdout AUPRC: 0.1374
Holdout PR@10: 0.1000
Holdout Duration: 0.01s
DOID:0050889,Unique genes before filter: 220
Unique genes in embed: 158
Holdout performance for /home/exouser/gene-embedding-benchmarks/data/embeddings/intersect/BulkFM-MASK-CONT-15 with best C=10.0:
Holdout AUC: 0.4750
Holdout AUPRC: 0.1097
Holdout PR@10: 0.1000
Holdout Duration: 0.01s
DOID:0050565,Unique genes before filter: 464
Unique genes in embed: 324
Holdout performance for /home/exouser/gene-embedding-benchmarks/data/embeddings/intersect/BulkFM-MASK-CONT-15 with best C=0.1:
Holdout AUC: 0.5023
Holdout AUPRC: 0.1196
Holdout PR@10: 0.1000
Holdout Duration: 0.02s
DOID:9562,Unique genes before filter: 418
Unique genes in embed: 290
Holdout performance for /home/exouser/gene-embedding-benchmarks/data/embeddings/intersect/BulkFM-MASK-CONT-15 with best C=0.1:
Holdout AUC: 0.8240
Holdout AUPRC: 0.5576
Holdout PR@10: 0.3000
Holdout Duration: 0.01s
DOID:10584,Unique genes before filter: 671
Unique genes in embed: 473
Holdout performance for /home/exouser/gene-embedding-benchmarks/data/embeddings/intersect/BulkFM-MASK-CONT-15 with best C=0.1:
Holdout AUC: 0.3853
Holdout AUPRC: 0.0778
Holdout PR@10: 0.0000
Holdout Duration: 0.03s
DOID:5295,Unique genes before filter: 462
Unique genes in embed: 314
Holdout performance for /home/exouser/gene-embedding-benchmarks/data/embeddings/intersect/BulkFM-MASK-CONT-15 with best C=0.1:
Holdout AUC: 0.5595
Holdout AUPRC: 0.1089
Holdout PR@10: 0.0000
Holdout Duration: 0.02s
DOID:3119,Unique genes before filter: 451
Unique genes in embed: 328
Holdout performance for /home/exouser/gene-embedding-benchmarks/data/embeddings/intersect/BulkFM-MASK-CONT-15 with best C=0.1:
Holdout AUC: 0.5733
Holdout AUPRC: 0.1435
Holdout PR@10: 0.1000
Holdout Duration: 0.02s
DOID:229,Unique genes before filter: 308
Unique genes in embed: 215
Holdout performance for /home/exouser/gene-embedding-benchmarks/data/embeddings/intersect/BulkFM-MASK-CONT-15 with best C=1.0:
Holdout AUC: 0.5560
Holdout AUPRC: 0.1349
Holdout PR@10: 0.2000
Holdout Duration: 0.01s
DOID:1100,Unique genes before filter: 253
Unique genes in embed: 180
Holdout performance for /home/exouser/gene-embedding-benchmarks/data/embeddings/intersect/BulkFM-MASK-CONT-15 with best C=10.0:
Holdout AUC: 0.6875
Holdout AUPRC: 0.3821
Holdout PR@10: 0.2000
Holdout Duration: 0.01s
DOID:12930,Unique genes before filter: 385
Unique genes in embed: 261
Holdout performance for /home/exouser/gene-embedding-benchmarks/data/embeddings/intersect/BulkFM-MASK-CONT-15 with best C=0.1:
Holdout AUC: 0.6897
Holdout AUPRC: 0.6378
Holdout PR@10: 0.3000
Holdout Duration: 0.01s
DOID:1342,Unique genes before filter: 363
Unique genes in embed: 256
Holdout performance for /home/exouser/gene-embedding-benchmarks/data/embeddings/intersect/BulkFM-MASK-CONT-15 with best C=0.1:
Holdout AUC: 0.7222
Holdout AUPRC: 0.2279
Holdout PR@10: 0.2000
Holdout Duration: 0.01s
DOID:9256,Unique genes before filter: 253
Unique genes in embed: 184
Holdout performance for /home/exouser/gene-embedding-benchmarks/data/embeddings/intersect/BulkFM-MASK-CONT-15 with best C=0.1:
Holdout AUC: 0.7321
Holdout AUPRC: 0.1812
Holdout PR@10: 0.2000
Holdout Duration: 0.01s
DOID:10155,Unique genes before filter: 253
Unique genes in embed: 176
Holdout performance for /home/exouser/gene-embedding-benchmarks/data/embeddings/intersect/BulkFM-MASK-CONT-15 with best C=0.1:
Holdout AUC: 0.8214
Holdout AUPRC: 0.4789
Holdout PR@10: 0.3000
Holdout Duration: 0.01s
DOID:5672,Unique genes before filter: 253
Unique genes in embed: 179
Holdout performance for /home/exouser/gene-embedding-benchmarks/data/embeddings/intersect/BulkFM-MASK-CONT-15 with best C=0.1:
Holdout AUC: 0.3929
Holdout AUPRC: 0.0869
Holdout PR@10: 0.0000
Holdout Duration: 0.01s
Saved fold results to /home/exouser/gene-embedding-benchmarks/results/tsvs/BulkFM-MASK-CONT-15_fold_results.pkl
Saved holdout results to /home/exouser/gene-embedding-benchmarks/results/tsvs/BulkFM-MASK-CONT-15_holdout_results.pkl
