DOID:65,Unique genes before filter: 2409
Unique genes in embed: 1604
Holdout performance for /home/exouser/gene-embedding-benchmarks/data/embeddings/intersect/BulkFM-MASK-BIN-15 with best C=1.0:
Holdout AUC: 0.6178
Holdout AUPRC: 0.1729
Holdout PR@10: 0.2000
Holdout Duration: 0.26s
DOID:0050161,Unique genes before filter: 374
Unique genes in embed: 274
Holdout performance for /home/exouser/gene-embedding-benchmarks/data/embeddings/intersect/BulkFM-MASK-BIN-15 with best C=10.0:
Holdout AUC: 0.6552
Holdout AUPRC: 0.2657
Holdout PR@10: 0.2000
Holdout Duration: 0.01s
DOID:417,Unique genes before filter: 440
Unique genes in embed: 315
Holdout performance for /home/exouser/gene-embedding-benchmarks/data/embeddings/intersect/BulkFM-MASK-BIN-15 with best C=0.1:
Holdout AUC: 0.5945
Holdout AUPRC: 0.1529
Holdout PR@10: 0.2000
Holdout Duration: 0.02s
DOID:612,Unique genes before filter: 1672
Unique genes in embed: 1142
Holdout performance for /home/exouser/gene-embedding-benchmarks/data/embeddings/intersect/BulkFM-MASK-BIN-15 with best C=1.0:
Holdout AUC: 0.7881
Holdout AUPRC: 0.3468
Holdout PR@10: 0.5000
Holdout Duration: 0.11s
DOID:0050739,Unique genes before filter: 1943
Unique genes in embed: 1285
Holdout performance for /home/exouser/gene-embedding-benchmarks/data/embeddings/intersect/BulkFM-MASK-BIN-15 with best C=100.0:
Holdout AUC: 0.4953
Holdout AUPRC: 0.8128
Holdout PR@10: 0.9000
Holdout Duration: 0.22s
DOID:0050736,Unique genes before filter: 1321
Unique genes in embed: 912
Holdout performance for /home/exouser/gene-embedding-benchmarks/data/embeddings/intersect/BulkFM-MASK-BIN-15 with best C=0.1:
Holdout AUC: 0.4968
Holdout AUPRC: 0.6592
Holdout PR@10: 0.7000
Holdout Duration: 0.10s
DOID:0050686,Unique genes before filter: 1551
Unique genes in embed: 1069
Holdout performance for /home/exouser/gene-embedding-benchmarks/data/embeddings/intersect/BulkFM-MASK-BIN-15 with best C=0.1:
Holdout AUC: 0.6356
Holdout AUPRC: 0.1732
Holdout PR@10: 0.3000
Holdout Duration: 0.14s
DOID:0050687,Unique genes before filter: 418
Unique genes in embed: 289
Holdout performance for /home/exouser/gene-embedding-benchmarks/data/embeddings/intersect/BulkFM-MASK-BIN-15 with best C=0.1:
Holdout AUC: 0.3690
Holdout AUPRC: 0.0857
Holdout PR@10: 0.1000
Holdout Duration: 0.01s
DOID:557,Unique genes before filter: 946
Unique genes in embed: 661
Holdout performance for /home/exouser/gene-embedding-benchmarks/data/embeddings/intersect/BulkFM-MASK-BIN-15 with best C=1.0:
Holdout AUC: 0.5775
Holdout AUPRC: 0.1285
Holdout PR@10: 0.1000
Holdout Duration: 0.04s
DOID:305,Unique genes before filter: 319
Unique genes in embed: 220
Holdout performance for /home/exouser/gene-embedding-benchmarks/data/embeddings/intersect/BulkFM-MASK-BIN-15 with best C=10.0:
Holdout AUC: 0.6607
Holdout AUPRC: 0.4191
Holdout PR@10: 0.2000
Holdout Duration: 0.01s
DOID:37,Unique genes before filter: 1210
Unique genes in embed: 837
Holdout performance for /home/exouser/gene-embedding-benchmarks/data/embeddings/intersect/BulkFM-MASK-BIN-15 with best C=0.1:
Holdout AUC: 0.4400
Holdout AUPRC: 0.1361
Holdout PR@10: 0.1000
Holdout Duration: 0.08s
DOID:936,Unique genes before filter: 2676
Unique genes in embed: 1787
Holdout performance for /home/exouser/gene-embedding-benchmarks/data/embeddings/intersect/BulkFM-MASK-BIN-15 with best C=0.1:
Holdout AUC: 0.5529
Holdout AUPRC: 0.1277
Holdout PR@10: 0.1000
Holdout Duration: 0.36s
DOID:114,Unique genes before filter: 1067
Unique genes in embed: 736
Holdout performance for /home/exouser/gene-embedding-benchmarks/data/embeddings/intersect/BulkFM-MASK-BIN-15 with best C=0.1:
Holdout AUC: 0.5886
Holdout AUPRC: 0.1758
Holdout PR@10: 0.3000
Holdout Duration: 0.06s
DOID:0060036,Unique genes before filter: 649
Unique genes in embed: 452
Holdout performance for /home/exouser/gene-embedding-benchmarks/data/embeddings/intersect/BulkFM-MASK-BIN-15 with best C=0.1:
Holdout AUC: 0.8500
Holdout AUPRC: 0.3284
Holdout PR@10: 0.3000
Holdout Duration: 0.03s
DOID:0050700,Unique genes before filter: 649
Unique genes in embed: 468
Holdout performance for /home/exouser/gene-embedding-benchmarks/data/embeddings/intersect/BulkFM-MASK-BIN-15 with best C=0.1:
Holdout AUC: 0.6708
Holdout AUPRC: 0.3008
Holdout PR@10: 0.3000
Holdout Duration: 0.03s
DOID:0050737,Unique genes before filter: 1864
Unique genes in embed: 1209
Holdout performance for /home/exouser/gene-embedding-benchmarks/data/embeddings/intersect/BulkFM-MASK-BIN-15 with best C=0.1:
Holdout AUC: 0.5560
Holdout AUPRC: 0.7787
Holdout PR@10: 0.8000
Holdout Duration: 0.17s
DOID:0080009,Unique genes before filter: 385
Unique genes in embed: 274
Holdout performance for /home/exouser/gene-embedding-benchmarks/data/embeddings/intersect/BulkFM-MASK-BIN-15 with best C=0.1:
Holdout AUC: 0.5511
Holdout AUPRC: 0.2590
Holdout PR@10: 0.1000
Holdout Duration: 0.01s
DOID:0050735,Unique genes before filter: 604
Unique genes in embed: 432
Holdout performance for /home/exouser/gene-embedding-benchmarks/data/embeddings/intersect/BulkFM-MASK-BIN-15 with best C=0.1:
Holdout AUC: 0.5823
Holdout AUPRC: 0.3636
Holdout PR@10: 0.3000
Holdout Duration: 0.03s
DOID:0080001,Unique genes before filter: 1969
Unique genes in embed: 1330
Holdout performance for /home/exouser/gene-embedding-benchmarks/data/embeddings/intersect/BulkFM-MASK-BIN-15 with best C=1.0:
Holdout AUC: 0.6554
Holdout AUPRC: 0.1574
Holdout PR@10: 0.2000
Holdout Duration: 0.15s
DOID:0080005,Unique genes before filter: 297
Unique genes in embed: 213
Holdout performance for /home/exouser/gene-embedding-benchmarks/data/embeddings/intersect/BulkFM-MASK-BIN-15 with best C=10.0:
Holdout AUC: 0.6750
Holdout AUPRC: 0.2082
Holdout PR@10: 0.1000
Holdout Duration: 0.01s
DOID:2490,Unique genes before filter: 418
Unique genes in embed: 290
Holdout performance for /home/exouser/gene-embedding-benchmarks/data/embeddings/intersect/BulkFM-MASK-BIN-15 with best C=0.1:
Holdout AUC: 0.6167
Holdout AUPRC: 0.1389
Holdout PR@10: 0.1000
Holdout Duration: 0.01s
DOID:4961,Unique genes before filter: 242
Unique genes in embed: 184
Holdout performance for /home/exouser/gene-embedding-benchmarks/data/embeddings/intersect/BulkFM-MASK-BIN-15 with best C=0.1:
Holdout AUC: 0.4200
Holdout AUPRC: 0.0995
Holdout PR@10: 0.1000
Holdout Duration: 0.01s
DOID:2531,Unique genes before filter: 462
Unique genes in embed: 341
Holdout performance for /home/exouser/gene-embedding-benchmarks/data/embeddings/intersect/BulkFM-MASK-BIN-15 with best C=1.0:
Holdout AUC: 0.5082
Holdout AUPRC: 0.1655
Holdout PR@10: 0.1000
Holdout Duration: 0.01s
DOID:1934,Unique genes before filter: 396
Unique genes in embed: 279
Holdout performance for /home/exouser/gene-embedding-benchmarks/data/embeddings/intersect/BulkFM-MASK-BIN-15 with best C=10.0:
Holdout AUC: 0.6562
Holdout AUPRC: 0.3392
Holdout PR@10: 0.2000
Holdout Duration: 0.01s
DOID:0080006,Unique genes before filter: 1496
Unique genes in embed: 1033
Holdout performance for /home/exouser/gene-embedding-benchmarks/data/embeddings/intersect/BulkFM-MASK-BIN-15 with best C=10.0:
Holdout AUC: 0.6240
Holdout AUPRC: 0.1220
Holdout PR@10: 0.1000
Holdout Duration: 0.10s
DOID:2256,Unique genes before filter: 880
Unique genes in embed: 619
Holdout performance for /home/exouser/gene-embedding-benchmarks/data/embeddings/intersect/BulkFM-MASK-BIN-15 with best C=10.0:
Holdout AUC: 0.7350
Holdout AUPRC: 0.3028
Holdout PR@10: 0.4000
Holdout Duration: 0.04s
DOID:0080012,Unique genes before filter: 545
Unique genes in embed: 384
Holdout performance for /home/exouser/gene-embedding-benchmarks/data/embeddings/intersect/BulkFM-MASK-BIN-15 with best C=0.1:
Holdout AUC: 0.5921
Holdout AUPRC: 0.3037
Holdout PR@10: 0.4000
Holdout Duration: 0.02s
DOID:231,Unique genes before filter: 506
Unique genes in embed: 360
Holdout performance for /home/exouser/gene-embedding-benchmarks/data/embeddings/intersect/BulkFM-MASK-BIN-15 with best C=10.0:
Holdout AUC: 0.4419
Holdout AUPRC: 0.0813
Holdout PR@10: 0.0000
Holdout Duration: 0.01s
DOID:1289,Unique genes before filter: 1958
Unique genes in embed: 1328
Holdout performance for /home/exouser/gene-embedding-benchmarks/data/embeddings/intersect/BulkFM-MASK-BIN-15 with best C=0.1:
Holdout AUC: 0.5756
Holdout AUPRC: 0.1251
Holdout PR@10: 0.1000
Holdout Duration: 0.18s
DOID:440,Unique genes before filter: 748
Unique genes in embed: 526
Holdout performance for /home/exouser/gene-embedding-benchmarks/data/embeddings/intersect/BulkFM-MASK-BIN-15 with best C=1.0:
Holdout AUC: 0.6083
Holdout AUPRC: 0.1457
Holdout PR@10: 0.2000
Holdout Duration: 0.03s
DOID:0050539,Unique genes before filter: 286
Unique genes in embed: 211
Holdout performance for /home/exouser/gene-embedding-benchmarks/data/embeddings/intersect/BulkFM-MASK-BIN-15 with best C=1.0:
Holdout AUC: 0.3958
Holdout AUPRC: 0.1049
Holdout PR@10: 0.1000
Holdout Duration: 0.01s
DOID:10595,Unique genes before filter: 539
Unique genes in embed: 382
Holdout performance for /home/exouser/gene-embedding-benchmarks/data/embeddings/intersect/BulkFM-MASK-BIN-15 with best C=1.0:
Holdout AUC: 0.5739
Holdout AUPRC: 0.2325
Holdout PR@10: 0.2000
Holdout Duration: 0.02s
DOID:870,Unique genes before filter: 1111
Unique genes in embed: 781
Holdout performance for /home/exouser/gene-embedding-benchmarks/data/embeddings/intersect/BulkFM-MASK-BIN-15 with best C=0.1:
Holdout AUC: 0.6226
Holdout AUPRC: 0.1337
Holdout PR@10: 0.0000
Holdout Duration: 0.07s
DOID:2355,Unique genes before filter: 737
Unique genes in embed: 510
Holdout performance for /home/exouser/gene-embedding-benchmarks/data/embeddings/intersect/BulkFM-MASK-BIN-15 with best C=0.1:
Holdout AUC: 0.6160
Holdout AUPRC: 0.1360
Holdout PR@10: 0.2000
Holdout Duration: 0.03s
DOID:12449,Unique genes before filter: 462
Unique genes in embed: 330
Holdout performance for /home/exouser/gene-embedding-benchmarks/data/embeddings/intersect/BulkFM-MASK-BIN-15 with best C=10.0:
Holdout AUC: 0.8011
Holdout AUPRC: 0.2476
Holdout PR@10: 0.3000
Holdout Duration: 0.01s
DOID:423,Unique genes before filter: 1188
Unique genes in embed: 815
Holdout performance for /home/exouser/gene-embedding-benchmarks/data/embeddings/intersect/BulkFM-MASK-BIN-15 with best C=1.0:
Holdout AUC: 0.7046
Holdout AUPRC: 0.1795
Holdout PR@10: 0.1000
Holdout Duration: 0.05s
DOID:0080000,Unique genes before filter: 1375
Unique genes in embed: 962
Holdout performance for /home/exouser/gene-embedding-benchmarks/data/embeddings/intersect/BulkFM-MASK-BIN-15 with best C=1.0:
Holdout AUC: 0.6853
Holdout AUPRC: 0.1960
Holdout PR@10: 0.2000
Holdout Duration: 0.08s
DOID:9884,Unique genes before filter: 561
Unique genes in embed: 394
Holdout performance for /home/exouser/gene-embedding-benchmarks/data/embeddings/intersect/BulkFM-MASK-BIN-15 with best C=1.0:
Holdout AUC: 0.6815
Holdout AUPRC: 0.1386
Holdout PR@10: 0.0000
Holdout Duration: 0.02s
DOID:66,Unique genes before filter: 1287
Unique genes in embed: 888
Holdout performance for /home/exouser/gene-embedding-benchmarks/data/embeddings/intersect/BulkFM-MASK-BIN-15 with best C=1.0:
Holdout AUC: 0.6152
Holdout AUPRC: 0.1861
Holdout PR@10: 0.1000
Holdout Duration: 0.06s
DOID:2786,Unique genes before filter: 726
Unique genes in embed: 514
Holdout performance for /home/exouser/gene-embedding-benchmarks/data/embeddings/intersect/BulkFM-MASK-BIN-15 with best C=0.1:
Holdout AUC: 0.6988
Holdout AUPRC: 0.2166
Holdout PR@10: 0.2000
Holdout Duration: 0.03s
DOID:9799,Unique genes before filter: 1056
Unique genes in embed: 720
Holdout performance for /home/exouser/gene-embedding-benchmarks/data/embeddings/intersect/BulkFM-MASK-BIN-15 with best C=1.0:
Holdout AUC: 0.5049
Holdout AUPRC: 0.1064
Holdout PR@10: 0.1000
Holdout Duration: 0.05s
DOID:4448,Unique genes before filter: 286
Unique genes in embed: 195
Holdout performance for /home/exouser/gene-embedding-benchmarks/data/embeddings/intersect/BulkFM-MASK-BIN-15 with best C=1.0:
Holdout AUC: 0.5625
Holdout AUPRC: 0.1512
Holdout PR@10: 0.1000
Holdout Duration: 0.01s
DOID:8466,Unique genes before filter: 1045
Unique genes in embed: 735
Holdout performance for /home/exouser/gene-embedding-benchmarks/data/embeddings/intersect/BulkFM-MASK-BIN-15 with best C=0.1:
Holdout AUC: 0.5039
Holdout AUPRC: 0.1695
Holdout PR@10: 0.1000
Holdout Duration: 0.06s
DOID:5614,Unique genes before filter: 2508
Unique genes in embed: 1695
Holdout performance for /home/exouser/gene-embedding-benchmarks/data/embeddings/intersect/BulkFM-MASK-BIN-15 with best C=0.1:
Holdout AUC: 0.5843
Holdout AUPRC: 0.1080
Holdout PR@10: 0.0000
Holdout Duration: 0.30s
DOID:5679,Unique genes before filter: 1353
Unique genes in embed: 949
Holdout performance for /home/exouser/gene-embedding-benchmarks/data/embeddings/intersect/BulkFM-MASK-BIN-15 with best C=0.1:
Holdout AUC: 0.5009
Holdout AUPRC: 0.0903
Holdout PR@10: 0.0000
Holdout Duration: 0.11s
DOID:1091,Unique genes before filter: 242
Unique genes in embed: 155
Holdout performance for /home/exouser/gene-embedding-benchmarks/data/embeddings/intersect/BulkFM-MASK-BIN-15 with best C=0.1:
Holdout AUC: 0.6500
Holdout AUPRC: 0.1455
Holdout PR@10: 0.1000
Holdout Duration: 0.01s
DOID:403,Unique genes before filter: 264
Unique genes in embed: 177
Holdout performance for /home/exouser/gene-embedding-benchmarks/data/embeddings/intersect/BulkFM-MASK-BIN-15 with best C=0.1:
Holdout AUC: 0.7798
Holdout AUPRC: 0.2207
Holdout PR@10: 0.2000
Holdout Duration: 0.01s
DOID:0060564,Unique genes before filter: 352
Unique genes in embed: 243
Holdout performance for /home/exouser/gene-embedding-benchmarks/data/embeddings/intersect/BulkFM-MASK-BIN-15 with best C=10.0:
Holdout AUC: 0.6369
Holdout AUPRC: 0.1641
Holdout PR@10: 0.1000
Holdout Duration: 0.01s
DOID:0050828,Unique genes before filter: 319
Unique genes in embed: 220
Holdout performance for /home/exouser/gene-embedding-benchmarks/data/embeddings/intersect/BulkFM-MASK-BIN-15 with best C=0.1:
Holdout AUC: 0.5365
Holdout AUPRC: 0.1068
Holdout PR@10: 0.1000
Holdout Duration: 0.01s
DOID:178,Unique genes before filter: 539
Unique genes in embed: 368
Holdout performance for /home/exouser/gene-embedding-benchmarks/data/embeddings/intersect/BulkFM-MASK-BIN-15 with best C=0.1:
Holdout AUC: 0.3402
Holdout AUPRC: 0.0742
Holdout PR@10: 0.0000
Holdout Duration: 0.02s
DOID:0060037,Unique genes before filter: 1980
Unique genes in embed: 1354
Holdout performance for /home/exouser/gene-embedding-benchmarks/data/embeddings/intersect/BulkFM-MASK-BIN-15 with best C=0.1:
Holdout AUC: 0.5919
Holdout AUPRC: 0.1626
Holdout PR@10: 0.2000
Holdout Duration: 0.20s
DOID:0060309,Unique genes before filter: 396
Unique genes in embed: 283
Holdout performance for /home/exouser/gene-embedding-benchmarks/data/embeddings/intersect/BulkFM-MASK-BIN-15 with best C=0.1:
Holdout AUC: 0.6818
Holdout AUPRC: 0.1529
Holdout PR@10: 0.0000
Holdout Duration: 0.02s
DOID:1059,Unique genes before filter: 1914
Unique genes in embed: 1296
Holdout performance for /home/exouser/gene-embedding-benchmarks/data/embeddings/intersect/BulkFM-MASK-BIN-15 with best C=0.1:
Holdout AUC: 0.5445
Holdout AUPRC: 0.1000
Holdout PR@10: 0.1000
Holdout Duration: 0.18s
DOID:0060038,Unique genes before filter: 1980
Unique genes in embed: 1349
Holdout performance for /home/exouser/gene-embedding-benchmarks/data/embeddings/intersect/BulkFM-MASK-BIN-15 with best C=0.1:
Holdout AUC: 0.5398
Holdout AUPRC: 0.1213
Holdout PR@10: 0.2000
Holdout Duration: 0.19s
DOID:0050888,Unique genes before filter: 462
Unique genes in embed: 331
Holdout performance for /home/exouser/gene-embedding-benchmarks/data/embeddings/intersect/BulkFM-MASK-BIN-15 with best C=0.1:
Holdout AUC: 0.7957
Holdout AUPRC: 0.2214
Holdout PR@10: 0.1000
Holdout Duration: 0.02s
DOID:10273,Unique genes before filter: 253
Unique genes in embed: 178
Holdout performance for /home/exouser/gene-embedding-benchmarks/data/embeddings/intersect/BulkFM-MASK-BIN-15 with best C=0.1:
Holdout AUC: 0.4728
Holdout AUPRC: 0.0978
Holdout PR@10: 0.1000
Holdout Duration: 0.01s
DOID:0050753,Unique genes before filter: 726
Unique genes in embed: 506
Holdout performance for /home/exouser/gene-embedding-benchmarks/data/embeddings/intersect/BulkFM-MASK-BIN-15 with best C=0.1:
Holdout AUC: 0.6278
Holdout AUPRC: 0.1990
Holdout PR@10: 0.2000
Holdout Duration: 0.03s
DOID:0050951,Unique genes before filter: 825
Unique genes in embed: 586
Holdout performance for /home/exouser/gene-embedding-benchmarks/data/embeddings/intersect/BulkFM-MASK-BIN-15 with best C=0.1:
Holdout AUC: 0.4020
Holdout AUPRC: 0.0966
Holdout PR@10: 0.2000
Holdout Duration: 0.04s
DOID:0050950,Unique genes before filter: 363
Unique genes in embed: 263
Holdout performance for /home/exouser/gene-embedding-benchmarks/data/embeddings/intersect/BulkFM-MASK-BIN-15 with best C=0.1:
Holdout AUC: 0.7202
Holdout AUPRC: 0.2448
Holdout PR@10: 0.2000
Holdout Duration: 0.01s
DOID:2277,Unique genes before filter: 737
Unique genes in embed: 516
Holdout performance for /home/exouser/gene-embedding-benchmarks/data/embeddings/intersect/BulkFM-MASK-BIN-15 with best C=1.0:
Holdout AUC: 0.5917
Holdout AUPRC: 0.1140
Holdout PR@10: 0.1000
Holdout Duration: 0.03s
DOID:1923,Unique genes before filter: 242
Unique genes in embed: 179
Holdout performance for /home/exouser/gene-embedding-benchmarks/data/embeddings/intersect/BulkFM-MASK-BIN-15 with best C=0.1:
Holdout AUC: 0.3807
Holdout AUPRC: 0.0802
Holdout PR@10: 0.0000
Holdout Duration: 0.01s
DOID:1441,Unique genes before filter: 396
Unique genes in embed: 281
Holdout performance for /home/exouser/gene-embedding-benchmarks/data/embeddings/intersect/BulkFM-MASK-BIN-15 with best C=1.0:
Holdout AUC: 0.5521
Holdout AUPRC: 0.3230
Holdout PR@10: 0.1000
Holdout Duration: 0.01s
DOID:607,Unique genes before filter: 638
Unique genes in embed: 434
Holdout performance for /home/exouser/gene-embedding-benchmarks/data/embeddings/intersect/BulkFM-MASK-BIN-15 with best C=0.1:
Holdout AUC: 0.7573
Holdout AUPRC: 0.3175
Holdout PR@10: 0.2000
Holdout Duration: 0.03s
DOID:2476,Unique genes before filter: 638
Unique genes in embed: 453
Holdout performance for /home/exouser/gene-embedding-benchmarks/data/embeddings/intersect/BulkFM-MASK-BIN-15 with best C=0.1:
Holdout AUC: 0.5712
Holdout AUPRC: 0.1338
Holdout PR@10: 0.1000
Holdout Duration: 0.03s
DOID:0080578,Unique genes before filter: 385
Unique genes in embed: 263
Holdout performance for /home/exouser/gene-embedding-benchmarks/data/embeddings/intersect/BulkFM-MASK-BIN-15 with best C=0.1:
Holdout AUC: 0.5349
Holdout AUPRC: 0.1733
Holdout PR@10: 0.2000
Holdout Duration: 0.01s
DOID:627,Unique genes before filter: 209
Unique genes in embed: 145
Holdout performance for /home/exouser/gene-embedding-benchmarks/data/embeddings/intersect/BulkFM-MASK-BIN-15 with best C=1.0:
Holdout AUC: 0.3937
Holdout AUPRC: 0.1881
Holdout PR@10: 0.1000
Holdout Duration: 0.01s
DOID:0111962,Unique genes before filter: 484
Unique genes in embed: 337
Holdout performance for /home/exouser/gene-embedding-benchmarks/data/embeddings/intersect/BulkFM-MASK-BIN-15 with best C=1.0:
Holdout AUC: 0.5938
Holdout AUPRC: 0.1328
Holdout PR@10: 0.1000
Holdout Duration: 0.02s
DOID:2115,Unique genes before filter: 308
Unique genes in embed: 216
Holdout performance for /home/exouser/gene-embedding-benchmarks/data/embeddings/intersect/BulkFM-MASK-BIN-15 with best C=10.0:
Holdout AUC: 0.5680
Holdout AUPRC: 0.1419
Holdout PR@10: 0.1000
Holdout Duration: 0.01s
DOID:2583,Unique genes before filter: 220
Unique genes in embed: 161
Holdout performance for /home/exouser/gene-embedding-benchmarks/data/embeddings/intersect/BulkFM-MASK-BIN-15 with best C=1.0:
Holdout AUC: 0.6312
Holdout AUPRC: 0.1536
Holdout PR@10: 0.1000
Holdout Duration: 0.01s
DOID:0081337,Unique genes before filter: 330
Unique genes in embed: 234
Holdout performance for /home/exouser/gene-embedding-benchmarks/data/embeddings/intersect/BulkFM-MASK-BIN-15 with best C=1.0:
Holdout AUC: 0.7192
Holdout AUPRC: 0.1718
Holdout PR@10: 0.1000
Holdout Duration: 0.01s
DOID:1247,Unique genes before filter: 462
Unique genes in embed: 347
Holdout performance for /home/exouser/gene-embedding-benchmarks/data/embeddings/intersect/BulkFM-MASK-BIN-15 with best C=0.1:
Holdout AUC: 0.5545
Holdout AUPRC: 0.2391
Holdout PR@10: 0.1000
Holdout Duration: 0.02s
DOID:0060340,Unique genes before filter: 469
Unique genes in embed: 319
Holdout performance for /home/exouser/gene-embedding-benchmarks/data/embeddings/intersect/BulkFM-MASK-BIN-15 with best C=1.0:
Holdout AUC: 0.6254
Holdout AUPRC: 0.2522
Holdout PR@10: 0.1000
Holdout Duration: 0.01s
DOID:0050777,Unique genes before filter: 275
Unique genes in embed: 204
Holdout performance for /home/exouser/gene-embedding-benchmarks/data/embeddings/intersect/BulkFM-MASK-BIN-15 with best C=1.0:
Holdout AUC: 0.8812
Holdout AUPRC: 0.5104
Holdout PR@10: 0.3000
Holdout Duration: 0.01s
DOID:1826,Unique genes before filter: 1408
Unique genes in embed: 971
Holdout performance for /home/exouser/gene-embedding-benchmarks/data/embeddings/intersect/BulkFM-MASK-BIN-15 with best C=10.0:
Holdout AUC: 0.7234
Holdout AUPRC: 0.2168
Holdout PR@10: 0.3000
Holdout Duration: 0.08s
DOID:0050563,Unique genes before filter: 1144
Unique genes in embed: 800
Holdout performance for /home/exouser/gene-embedding-benchmarks/data/embeddings/intersect/BulkFM-MASK-BIN-15 with best C=0.1:
Holdout AUC: 0.6167
Holdout AUPRC: 0.1366
Holdout PR@10: 0.1000
Holdout Duration: 0.07s
DOID:0050564,Unique genes before filter: 450
Unique genes in embed: 322
Holdout performance for /home/exouser/gene-embedding-benchmarks/data/embeddings/intersect/BulkFM-MASK-BIN-15 with best C=10.0:
Holdout AUC: 0.4139
Holdout AUPRC: 0.0884
Holdout PR@10: 0.0000
Holdout Duration: 0.01s
DOID:2742,Unique genes before filter: 1144
Unique genes in embed: 811
Holdout performance for /home/exouser/gene-embedding-benchmarks/data/embeddings/intersect/BulkFM-MASK-BIN-15 with best C=0.1:
Holdout AUC: 0.6064
Holdout AUPRC: 0.1789
Holdout PR@10: 0.1000
Holdout Duration: 0.07s
DOID:10579,Unique genes before filter: 407
Unique genes in embed: 290
Holdout performance for /home/exouser/gene-embedding-benchmarks/data/embeddings/intersect/BulkFM-MASK-BIN-15 with best C=0.1:
Holdout AUC: 0.5111
Holdout AUPRC: 0.1184
Holdout PR@10: 0.1000
Holdout Duration: 0.01s
DOID:1443,Unique genes before filter: 451
Unique genes in embed: 313
Holdout performance for /home/exouser/gene-embedding-benchmarks/data/embeddings/intersect/BulkFM-MASK-BIN-15 with best C=0.1:
Holdout AUC: 0.5298
Holdout AUPRC: 0.1019
Holdout PR@10: 0.0000
Holdout Duration: 0.01s
DOID:0112202,Unique genes before filter: 1012
Unique genes in embed: 715
Holdout performance for /home/exouser/gene-embedding-benchmarks/data/embeddings/intersect/BulkFM-MASK-BIN-15 with best C=1.0:
Holdout AUC: 0.6880
Holdout AUPRC: 0.2644
Holdout PR@10: 0.4000
Holdout Duration: 0.05s
DOID:0050701,Unique genes before filter: 1232
Unique genes in embed: 868
Holdout performance for /home/exouser/gene-embedding-benchmarks/data/embeddings/intersect/BulkFM-MASK-BIN-15 with best C=10.0:
Holdout AUC: 0.5428
Holdout AUPRC: 0.1395
Holdout PR@10: 0.1000
Holdout Duration: 0.07s
DOID:0060307,Unique genes before filter: 478
Unique genes in embed: 329
Holdout performance for /home/exouser/gene-embedding-benchmarks/data/embeddings/intersect/BulkFM-MASK-BIN-15 with best C=0.1:
Holdout AUC: 0.7106
Holdout AUPRC: 0.1792
Holdout PR@10: 0.2000
Holdout Duration: 0.02s
DOID:0111910,Unique genes before filter: 671
Unique genes in embed: 459
Holdout performance for /home/exouser/gene-embedding-benchmarks/data/embeddings/intersect/BulkFM-MASK-BIN-15 with best C=0.1:
Holdout AUC: 0.5846
Holdout AUPRC: 0.1142
Holdout PR@10: 0.0000
Holdout Duration: 0.03s
DOID:48,Unique genes before filter: 847
Unique genes in embed: 580
Holdout performance for /home/exouser/gene-embedding-benchmarks/data/embeddings/intersect/BulkFM-MASK-BIN-15 with best C=0.1:
Holdout AUC: 0.6308
Holdout AUPRC: 0.1554
Holdout PR@10: 0.1000
Holdout Duration: 0.04s
DOID:12336,Unique genes before filter: 682
Unique genes in embed: 470
Holdout performance for /home/exouser/gene-embedding-benchmarks/data/embeddings/intersect/BulkFM-MASK-BIN-15 with best C=0.1:
Holdout AUC: 0.7734
Holdout AUPRC: 0.2255
Holdout PR@10: 0.2000
Holdout Duration: 0.03s
DOID:5212,Unique genes before filter: 418
Unique genes in embed: 293
Holdout performance for /home/exouser/gene-embedding-benchmarks/data/embeddings/intersect/BulkFM-MASK-BIN-15 with best C=10.0:
Holdout AUC: 0.8448
Holdout AUPRC: 0.2920
Holdout PR@10: 0.3000
Holdout Duration: 0.01s
DOID:110,Unique genes before filter: 363
Unique genes in embed: 270
Holdout performance for /home/exouser/gene-embedding-benchmarks/data/embeddings/intersect/BulkFM-MASK-BIN-15 with best C=0.1:
Holdout AUC: 0.5339
Holdout AUPRC: 0.1748
Holdout PR@10: 0.2000
Holdout Duration: 0.01s
DOID:83,Unique genes before filter: 341
Unique genes in embed: 252
Holdout performance for /home/exouser/gene-embedding-benchmarks/data/embeddings/intersect/BulkFM-MASK-BIN-15 with best C=0.1:
Holdout AUC: 0.6398
Holdout AUPRC: 0.2407
Holdout PR@10: 0.2000
Holdout Duration: 0.01s
DOID:0060308,Unique genes before filter: 475
Unique genes in embed: 326
Holdout performance for /home/exouser/gene-embedding-benchmarks/data/embeddings/intersect/BulkFM-MASK-BIN-15 with best C=0.1:
Holdout AUC: 0.6096
Holdout AUPRC: 0.1565
Holdout PR@10: 0.1000
Holdout Duration: 0.02s
DOID:0050776,Unique genes before filter: 220
Unique genes in embed: 167
Holdout performance for /home/exouser/gene-embedding-benchmarks/data/embeddings/intersect/BulkFM-MASK-BIN-15 with best C=10.0:
Holdout AUC: 0.4000
Holdout AUPRC: 0.0972
Holdout PR@10: 0.1000
Holdout Duration: 0.01s
DOID:0050889,Unique genes before filter: 220
Unique genes in embed: 158
Holdout performance for /home/exouser/gene-embedding-benchmarks/data/embeddings/intersect/BulkFM-MASK-BIN-15 with best C=10.0:
Holdout AUC: 0.3563
Holdout AUPRC: 0.1038
Holdout PR@10: 0.1000
Holdout Duration: 0.01s
DOID:0050565,Unique genes before filter: 464
Unique genes in embed: 324
Holdout performance for /home/exouser/gene-embedding-benchmarks/data/embeddings/intersect/BulkFM-MASK-BIN-15 with best C=10.0:
Holdout AUC: 0.5947
Holdout AUPRC: 0.1609
Holdout PR@10: 0.1000
Holdout Duration: 0.02s
DOID:9562,Unique genes before filter: 418
Unique genes in embed: 290
Holdout performance for /home/exouser/gene-embedding-benchmarks/data/embeddings/intersect/BulkFM-MASK-BIN-15 with best C=0.1:
Holdout AUC: 0.6680
Holdout AUPRC: 0.2359
Holdout PR@10: 0.2000
Holdout Duration: 0.01s
DOID:10584,Unique genes before filter: 671
Unique genes in embed: 473
Holdout performance for /home/exouser/gene-embedding-benchmarks/data/embeddings/intersect/BulkFM-MASK-BIN-15 with best C=1.0:
Holdout AUC: 0.4457
Holdout AUPRC: 0.0857
Holdout PR@10: 0.0000
Holdout Duration: 0.02s
DOID:5295,Unique genes before filter: 462
Unique genes in embed: 314
Holdout performance for /home/exouser/gene-embedding-benchmarks/data/embeddings/intersect/BulkFM-MASK-BIN-15 with best C=0.1:
Holdout AUC: 0.6706
Holdout AUPRC: 0.2611
Holdout PR@10: 0.1000
Holdout Duration: 0.02s
DOID:3119,Unique genes before filter: 451
Unique genes in embed: 328
Holdout performance for /home/exouser/gene-embedding-benchmarks/data/embeddings/intersect/BulkFM-MASK-BIN-15 with best C=0.1:
Holdout AUC: 0.5282
Holdout AUPRC: 0.0979
Holdout PR@10: 0.0000
Holdout Duration: 0.02s
DOID:229,Unique genes before filter: 308
Unique genes in embed: 215
Holdout performance for /home/exouser/gene-embedding-benchmarks/data/embeddings/intersect/BulkFM-MASK-BIN-15 with best C=10.0:
Holdout AUC: 0.6640
Holdout AUPRC: 0.3167
Holdout PR@10: 0.1000
Holdout Duration: 0.01s
DOID:1100,Unique genes before filter: 253
Unique genes in embed: 180
Holdout performance for /home/exouser/gene-embedding-benchmarks/data/embeddings/intersect/BulkFM-MASK-BIN-15 with best C=0.1:
Holdout AUC: 0.4875
Holdout AUPRC: 0.1034
Holdout PR@10: 0.0000
Holdout Duration: 0.01s
DOID:12930,Unique genes before filter: 385
Unique genes in embed: 261
Holdout performance for /home/exouser/gene-embedding-benchmarks/data/embeddings/intersect/BulkFM-MASK-BIN-15 with best C=0.1:
Holdout AUC: 0.7000
Holdout AUPRC: 0.2922
Holdout PR@10: 0.3000
Holdout Duration: 0.01s
DOID:1342,Unique genes before filter: 363
Unique genes in embed: 256
Holdout performance for /home/exouser/gene-embedding-benchmarks/data/embeddings/intersect/BulkFM-MASK-BIN-15 with best C=10.0:
Holdout AUC: 0.7037
Holdout AUPRC: 0.1622
Holdout PR@10: 0.2000
Holdout Duration: 0.01s
DOID:9256,Unique genes before filter: 253
Unique genes in embed: 184
Holdout performance for /home/exouser/gene-embedding-benchmarks/data/embeddings/intersect/BulkFM-MASK-BIN-15 with best C=10.0:
Holdout AUC: 0.4583
Holdout AUPRC: 0.3179
Holdout PR@10: 0.1000
Holdout Duration: 0.01s
DOID:10155,Unique genes before filter: 253
Unique genes in embed: 176
Holdout performance for /home/exouser/gene-embedding-benchmarks/data/embeddings/intersect/BulkFM-MASK-BIN-15 with best C=0.1:
Holdout AUC: 0.5893
Holdout AUPRC: 0.2140
Holdout PR@10: 0.1000
Holdout Duration: 0.01s
DOID:5672,Unique genes before filter: 253
Unique genes in embed: 179
Holdout performance for /home/exouser/gene-embedding-benchmarks/data/embeddings/intersect/BulkFM-MASK-BIN-15 with best C=10.0:
Holdout AUC: 0.6071
Holdout AUPRC: 0.1344
Holdout PR@10: 0.1000
Holdout Duration: 0.01s
Saved fold results to /home/exouser/gene-embedding-benchmarks/results/tsvs/BulkFM-MASK-BIN-15_fold_results.pkl
Saved holdout results to /home/exouser/gene-embedding-benchmarks/results/tsvs/BulkFM-MASK-BIN-15_holdout_results.pkl
