DOID:65,Unique genes before filter: 2409
Unique genes in embed: 1604
Holdout performance for /home/exouser/gene-embedding-benchmarks/data/embeddings/intersect/BulkFM-CLS with best C=0.1:
Holdout AUC: 0.5030
Holdout AUPRC: 0.1204
Holdout PR@10: 0.2000
Holdout Duration: 0.30s
DOID:0050161,Unique genes before filter: 374
Unique genes in embed: 274
Holdout performance for /home/exouser/gene-embedding-benchmarks/data/embeddings/intersect/BulkFM-CLS with best C=0.1:
Holdout AUC: 0.5207
Holdout AUPRC: 0.2720
Holdout PR@10: 0.1000
Holdout Duration: 0.01s
DOID:417,Unique genes before filter: 440
Unique genes in embed: 315
Holdout performance for /home/exouser/gene-embedding-benchmarks/data/embeddings/intersect/BulkFM-CLS with best C=0.1:
Holdout AUC: 0.6280
Holdout AUPRC: 0.2701
Holdout PR@10: 0.2000
Holdout Duration: 0.02s
DOID:612,Unique genes before filter: 1672
Unique genes in embed: 1142
Holdout performance for /home/exouser/gene-embedding-benchmarks/data/embeddings/intersect/BulkFM-CLS with best C=0.1:
Holdout AUC: 0.5978
Holdout AUPRC: 0.1261
Holdout PR@10: 0.0000
Holdout Duration: 0.17s
DOID:0050739,Unique genes before filter: 1943
Unique genes in embed: 1285
Holdout performance for /home/exouser/gene-embedding-benchmarks/data/embeddings/intersect/BulkFM-CLS with best C=10.0:
Holdout AUC: 0.4964
Holdout AUPRC: 0.8164
Holdout PR@10: 0.8000
Holdout Duration: 0.22s
DOID:0050736,Unique genes before filter: 1321
Unique genes in embed: 912
Holdout performance for /home/exouser/gene-embedding-benchmarks/data/embeddings/intersect/BulkFM-CLS with best C=1.0:
Holdout AUC: 0.4691
Holdout AUPRC: 0.6494
Holdout PR@10: 0.7000
Holdout Duration: 0.11s
DOID:0050686,Unique genes before filter: 1551
Unique genes in embed: 1069
Holdout performance for /home/exouser/gene-embedding-benchmarks/data/embeddings/intersect/BulkFM-CLS with best C=10.0:
Holdout AUC: 0.4105
Holdout AUPRC: 0.0784
Holdout PR@10: 0.0000
Holdout Duration: 0.11s
DOID:0050687,Unique genes before filter: 418
Unique genes in embed: 289
Holdout performance for /home/exouser/gene-embedding-benchmarks/data/embeddings/intersect/BulkFM-CLS with best C=0.1:
Holdout AUC: 0.5690
Holdout AUPRC: 0.1116
Holdout PR@10: 0.1000
Holdout Duration: 0.01s
DOID:557,Unique genes before filter: 946
Unique genes in embed: 661
Holdout performance for /home/exouser/gene-embedding-benchmarks/data/embeddings/intersect/BulkFM-CLS with best C=0.1:
Holdout AUC: 0.6280
Holdout AUPRC: 0.1477
Holdout PR@10: 0.2000
Holdout Duration: 0.05s
DOID:305,Unique genes before filter: 319
Unique genes in embed: 220
Holdout performance for /home/exouser/gene-embedding-benchmarks/data/embeddings/intersect/BulkFM-CLS with best C=10.0:
Holdout AUC: 0.2857
Holdout AUPRC: 0.0730
Holdout PR@10: 0.0000
Holdout Duration: 0.01s
DOID:37,Unique genes before filter: 1210
Unique genes in embed: 837
Holdout performance for /home/exouser/gene-embedding-benchmarks/data/embeddings/intersect/BulkFM-CLS with best C=0.1:
Holdout AUC: 0.4411
Holdout AUPRC: 0.0873
Holdout PR@10: 0.0000
Holdout Duration: 0.08s
DOID:936,Unique genes before filter: 2676
Unique genes in embed: 1787
Holdout performance for /home/exouser/gene-embedding-benchmarks/data/embeddings/intersect/BulkFM-CLS with best C=0.1:
Holdout AUC: 0.5917
Holdout AUPRC: 0.1653
Holdout PR@10: 0.3000
Holdout Duration: 0.37s
DOID:114,Unique genes before filter: 1067
Unique genes in embed: 736
Holdout performance for /home/exouser/gene-embedding-benchmarks/data/embeddings/intersect/BulkFM-CLS with best C=0.1:
Holdout AUC: 0.5304
Holdout AUPRC: 0.1252
Holdout PR@10: 0.2000
Holdout Duration: 0.07s
DOID:0060036,Unique genes before filter: 649
Unique genes in embed: 452
Holdout performance for /home/exouser/gene-embedding-benchmarks/data/embeddings/intersect/BulkFM-CLS with best C=0.1:
Holdout AUC: 0.5481
Holdout AUPRC: 0.1324
Holdout PR@10: 0.1000
Holdout Duration: 0.03s
DOID:0050700,Unique genes before filter: 649
Unique genes in embed: 468
Holdout performance for /home/exouser/gene-embedding-benchmarks/data/embeddings/intersect/BulkFM-CLS with best C=0.1:
Holdout AUC: 0.5113
Holdout AUPRC: 0.1212
Holdout PR@10: 0.1000
Holdout Duration: 0.03s
DOID:0050737,Unique genes before filter: 1864
Unique genes in embed: 1209
Holdout performance for /home/exouser/gene-embedding-benchmarks/data/embeddings/intersect/BulkFM-CLS with best C=0.1:
Holdout AUC: 0.4309
Holdout AUPRC: 0.7073
Holdout PR@10: 0.6000
Holdout Duration: 0.19s
DOID:0080009,Unique genes before filter: 385
Unique genes in embed: 274
Holdout performance for /home/exouser/gene-embedding-benchmarks/data/embeddings/intersect/BulkFM-CLS with best C=0.1:
Holdout AUC: 0.6048
Holdout AUPRC: 0.2857
Holdout PR@10: 0.1000
Holdout Duration: 0.01s
DOID:0050735,Unique genes before filter: 604
Unique genes in embed: 432
Holdout performance for /home/exouser/gene-embedding-benchmarks/data/embeddings/intersect/BulkFM-CLS with best C=1.0:
Holdout AUC: 0.4784
Holdout AUPRC: 0.3046
Holdout PR@10: 0.3000
Holdout Duration: 0.03s
DOID:0080001,Unique genes before filter: 1969
Unique genes in embed: 1330
Holdout performance for /home/exouser/gene-embedding-benchmarks/data/embeddings/intersect/BulkFM-CLS with best C=0.1:
Holdout AUC: 0.5346
Holdout AUPRC: 0.1242
Holdout PR@10: 0.2000
Holdout Duration: 0.22s
DOID:0080005,Unique genes before filter: 297
Unique genes in embed: 213
Holdout performance for /home/exouser/gene-embedding-benchmarks/data/embeddings/intersect/BulkFM-CLS with best C=10.0:
Holdout AUC: 0.3000
Holdout AUPRC: 0.1029
Holdout PR@10: 0.1000
Holdout Duration: 0.01s
DOID:2490,Unique genes before filter: 418
Unique genes in embed: 290
Holdout performance for /home/exouser/gene-embedding-benchmarks/data/embeddings/intersect/BulkFM-CLS with best C=1.0:
Holdout AUC: 0.7000
Holdout AUPRC: 0.1603
Holdout PR@10: 0.1000
Holdout Duration: 0.01s
DOID:4961,Unique genes before filter: 242
Unique genes in embed: 184
Holdout performance for /home/exouser/gene-embedding-benchmarks/data/embeddings/intersect/BulkFM-CLS with best C=0.1:
Holdout AUC: 0.2800
Holdout AUPRC: 0.0727
Holdout PR@10: 0.0000
Holdout Duration: 0.01s
DOID:2531,Unique genes before filter: 462
Unique genes in embed: 341
Holdout performance for /home/exouser/gene-embedding-benchmarks/data/embeddings/intersect/BulkFM-CLS with best C=0.1:
Holdout AUC: 0.1714
Holdout AUPRC: 0.0602
Holdout PR@10: 0.0000
Holdout Duration: 0.02s
DOID:1934,Unique genes before filter: 396
Unique genes in embed: 279
Holdout performance for /home/exouser/gene-embedding-benchmarks/data/embeddings/intersect/BulkFM-CLS with best C=10.0:
Holdout AUC: 0.7500
Holdout AUPRC: 0.2072
Holdout PR@10: 0.2000
Holdout Duration: 0.01s
DOID:0080006,Unique genes before filter: 1496
Unique genes in embed: 1033
Holdout performance for /home/exouser/gene-embedding-benchmarks/data/embeddings/intersect/BulkFM-CLS with best C=1.0:
Holdout AUC: 0.5783
Holdout AUPRC: 0.1148
Holdout PR@10: 0.0000
Holdout Duration: 0.10s
DOID:2256,Unique genes before filter: 880
Unique genes in embed: 619
Holdout performance for /home/exouser/gene-embedding-benchmarks/data/embeddings/intersect/BulkFM-CLS with best C=0.1:
Holdout AUC: 0.5765
Holdout AUPRC: 0.1418
Holdout PR@10: 0.1000
Holdout Duration: 0.04s
DOID:0080012,Unique genes before filter: 545
Unique genes in embed: 384
Holdout performance for /home/exouser/gene-embedding-benchmarks/data/embeddings/intersect/BulkFM-CLS with best C=0.1:
Holdout AUC: 0.5292
Holdout AUPRC: 0.2113
Holdout PR@10: 0.2000
Holdout Duration: 0.02s
DOID:231,Unique genes before filter: 506
Unique genes in embed: 360
Holdout performance for /home/exouser/gene-embedding-benchmarks/data/embeddings/intersect/BulkFM-CLS with best C=0.1:
Holdout AUC: 0.3460
Holdout AUPRC: 0.0714
Holdout PR@10: 0.0000
Holdout Duration: 0.02s
DOID:1289,Unique genes before filter: 1958
Unique genes in embed: 1328
Holdout performance for /home/exouser/gene-embedding-benchmarks/data/embeddings/intersect/BulkFM-CLS with best C=10.0:
Holdout AUC: 0.5633
Holdout AUPRC: 0.1165
Holdout PR@10: 0.1000
Holdout Duration: 0.16s
DOID:440,Unique genes before filter: 748
Unique genes in embed: 526
Holdout performance for /home/exouser/gene-embedding-benchmarks/data/embeddings/intersect/BulkFM-CLS with best C=0.1:
Holdout AUC: 0.6260
Holdout AUPRC: 0.1352
Holdout PR@10: 0.1000
Holdout Duration: 0.04s
DOID:0050539,Unique genes before filter: 286
Unique genes in embed: 211
Holdout performance for /home/exouser/gene-embedding-benchmarks/data/embeddings/intersect/BulkFM-CLS with best C=10.0:
Holdout AUC: 0.5990
Holdout AUPRC: 0.1205
Holdout PR@10: 0.0000
Holdout Duration: 0.01s
DOID:10595,Unique genes before filter: 539
Unique genes in embed: 382
Holdout performance for /home/exouser/gene-embedding-benchmarks/data/embeddings/intersect/BulkFM-CLS with best C=0.1:
Holdout AUC: 0.4403
Holdout AUPRC: 0.0816
Holdout PR@10: 0.0000
Holdout Duration: 0.02s
DOID:870,Unique genes before filter: 1111
Unique genes in embed: 781
Holdout performance for /home/exouser/gene-embedding-benchmarks/data/embeddings/intersect/BulkFM-CLS with best C=1.0:
Holdout AUC: 0.5030
Holdout AUPRC: 0.0863
Holdout PR@10: 0.0000
Holdout Duration: 0.07s
DOID:2355,Unique genes before filter: 737
Unique genes in embed: 510
Holdout performance for /home/exouser/gene-embedding-benchmarks/data/embeddings/intersect/BulkFM-CLS with best C=0.1:
Holdout AUC: 0.5450
Holdout AUPRC: 0.1081
Holdout PR@10: 0.0000
Holdout Duration: 0.03s
DOID:12449,Unique genes before filter: 462
Unique genes in embed: 330
Holdout performance for /home/exouser/gene-embedding-benchmarks/data/embeddings/intersect/BulkFM-CLS with best C=1.0:
Holdout AUC: 0.6694
Holdout AUPRC: 0.3400
Holdout PR@10: 0.2000
Holdout Duration: 0.02s
DOID:423,Unique genes before filter: 1188
Unique genes in embed: 815
Holdout performance for /home/exouser/gene-embedding-benchmarks/data/embeddings/intersect/BulkFM-CLS with best C=10.0:
Holdout AUC: 0.6075
Holdout AUPRC: 0.1458
Holdout PR@10: 0.2000
Holdout Duration: 0.07s
DOID:0080000,Unique genes before filter: 1375
Unique genes in embed: 962
Holdout performance for /home/exouser/gene-embedding-benchmarks/data/embeddings/intersect/BulkFM-CLS with best C=1.0:
Holdout AUC: 0.5728
Holdout AUPRC: 0.1168
Holdout PR@10: 0.1000
Holdout Duration: 0.09s
DOID:9884,Unique genes before filter: 561
Unique genes in embed: 394
Holdout performance for /home/exouser/gene-embedding-benchmarks/data/embeddings/intersect/BulkFM-CLS with best C=10.0:
Holdout AUC: 0.5290
Holdout AUPRC: 0.1158
Holdout PR@10: 0.1000
Holdout Duration: 0.02s
DOID:66,Unique genes before filter: 1287
Unique genes in embed: 888
Holdout performance for /home/exouser/gene-embedding-benchmarks/data/embeddings/intersect/BulkFM-CLS with best C=10.0:
Holdout AUC: 0.5610
Holdout AUPRC: 0.1043
Holdout PR@10: 0.0000
Holdout Duration: 0.09s
DOID:2786,Unique genes before filter: 726
Unique genes in embed: 514
Holdout performance for /home/exouser/gene-embedding-benchmarks/data/embeddings/intersect/BulkFM-CLS with best C=0.1:
Holdout AUC: 0.4407
Holdout AUPRC: 0.0846
Holdout PR@10: 0.0000
Holdout Duration: 0.03s
DOID:9799,Unique genes before filter: 1056
Unique genes in embed: 720
Holdout performance for /home/exouser/gene-embedding-benchmarks/data/embeddings/intersect/BulkFM-CLS with best C=10.0:
Holdout AUC: 0.5020
Holdout AUPRC: 0.1130
Holdout PR@10: 0.2000
Holdout Duration: 0.06s
DOID:4448,Unique genes before filter: 286
Unique genes in embed: 195
Holdout performance for /home/exouser/gene-embedding-benchmarks/data/embeddings/intersect/BulkFM-CLS with best C=1.0:
Holdout AUC: 0.5250
Holdout AUPRC: 0.1130
Holdout PR@10: 0.0000
Holdout Duration: 0.01s
DOID:8466,Unique genes before filter: 1045
Unique genes in embed: 735
Holdout performance for /home/exouser/gene-embedding-benchmarks/data/embeddings/intersect/BulkFM-CLS with best C=0.1:
Holdout AUC: 0.6262
Holdout AUPRC: 0.2241
Holdout PR@10: 0.2000
Holdout Duration: 0.07s
DOID:5614,Unique genes before filter: 2508
Unique genes in embed: 1695
Holdout performance for /home/exouser/gene-embedding-benchmarks/data/embeddings/intersect/BulkFM-CLS with best C=0.1:
Holdout AUC: 0.5633
Holdout AUPRC: 0.1054
Holdout PR@10: 0.2000
Holdout Duration: 0.33s
DOID:5679,Unique genes before filter: 1353
Unique genes in embed: 949
Holdout performance for /home/exouser/gene-embedding-benchmarks/data/embeddings/intersect/BulkFM-CLS with best C=1.0:
Holdout AUC: 0.5412
Holdout AUPRC: 0.1183
Holdout PR@10: 0.1000
Holdout Duration: 0.10s
DOID:1091,Unique genes before filter: 242
Unique genes in embed: 155
Holdout performance for /home/exouser/gene-embedding-benchmarks/data/embeddings/intersect/BulkFM-CLS with best C=0.1:
Holdout AUC: 0.5750
Holdout AUPRC: 0.1587
Holdout PR@10: 0.1000
Holdout Duration: 0.01s
DOID:403,Unique genes before filter: 264
Unique genes in embed: 177
Holdout performance for /home/exouser/gene-embedding-benchmarks/data/embeddings/intersect/BulkFM-CLS with best C=0.1:
Holdout AUC: 0.2857
Holdout AUPRC: 0.0736
Holdout PR@10: 0.0000
Holdout Duration: 0.01s
DOID:0060564,Unique genes before filter: 352
Unique genes in embed: 243
Holdout performance for /home/exouser/gene-embedding-benchmarks/data/embeddings/intersect/BulkFM-CLS with best C=1.0:
Holdout AUC: 0.2560
Holdout AUPRC: 0.0703
Holdout PR@10: 0.0000
Holdout Duration: 0.01s
DOID:0050828,Unique genes before filter: 319
Unique genes in embed: 220
Holdout performance for /home/exouser/gene-embedding-benchmarks/data/embeddings/intersect/BulkFM-CLS with best C=0.1:
Holdout AUC: 0.4010
Holdout AUPRC: 0.0812
Holdout PR@10: 0.0000
Holdout Duration: 0.01s
DOID:178,Unique genes before filter: 539
Unique genes in embed: 368
Holdout performance for /home/exouser/gene-embedding-benchmarks/data/embeddings/intersect/BulkFM-CLS with best C=10.0:
Holdout AUC: 0.5190
Holdout AUPRC: 0.1057
Holdout PR@10: 0.0000
Holdout Duration: 0.02s
DOID:0060037,Unique genes before filter: 1980
Unique genes in embed: 1354
Holdout performance for /home/exouser/gene-embedding-benchmarks/data/embeddings/intersect/BulkFM-CLS with best C=0.1:
Holdout AUC: 0.4440
Holdout AUPRC: 0.0784
Holdout PR@10: 0.0000
Holdout Duration: 0.21s
DOID:0060309,Unique genes before filter: 396
Unique genes in embed: 283
Holdout performance for /home/exouser/gene-embedding-benchmarks/data/embeddings/intersect/BulkFM-CLS with best C=0.1:
Holdout AUC: 0.4066
Holdout AUPRC: 0.0822
Holdout PR@10: 0.0000
Holdout Duration: 0.01s
DOID:1059,Unique genes before filter: 1914
Unique genes in embed: 1296
Holdout performance for /home/exouser/gene-embedding-benchmarks/data/embeddings/intersect/BulkFM-CLS with best C=0.1:
Holdout AUC: 0.5094
Holdout AUPRC: 0.0980
Holdout PR@10: 0.1000
Holdout Duration: 0.20s
DOID:0060038,Unique genes before filter: 1980
Unique genes in embed: 1349
Holdout performance for /home/exouser/gene-embedding-benchmarks/data/embeddings/intersect/BulkFM-CLS with best C=1.0:
Holdout AUC: 0.5116
Holdout AUPRC: 0.1055
Holdout PR@10: 0.0000
Holdout Duration: 0.17s
DOID:0050888,Unique genes before filter: 462
Unique genes in embed: 331
Holdout performance for /home/exouser/gene-embedding-benchmarks/data/embeddings/intersect/BulkFM-CLS with best C=10.0:
Holdout AUC: 0.6463
Holdout AUPRC: 0.1309
Holdout PR@10: 0.0000
Holdout Duration: 0.02s
DOID:10273,Unique genes before filter: 253
Unique genes in embed: 178
Holdout performance for /home/exouser/gene-embedding-benchmarks/data/embeddings/intersect/BulkFM-CLS with best C=10.0:
Holdout AUC: 0.5054
Holdout AUPRC: 0.1157
Holdout PR@10: 0.1000
Holdout Duration: 0.01s
DOID:0050753,Unique genes before filter: 726
Unique genes in embed: 506
Holdout performance for /home/exouser/gene-embedding-benchmarks/data/embeddings/intersect/BulkFM-CLS with best C=0.1:
Holdout AUC: 0.5128
Holdout AUPRC: 0.0915
Holdout PR@10: 0.0000
Holdout Duration: 0.03s
DOID:0050951,Unique genes before filter: 825
Unique genes in embed: 586
Holdout performance for /home/exouser/gene-embedding-benchmarks/data/embeddings/intersect/BulkFM-CLS with best C=0.1:
Holdout AUC: 0.5618
Holdout AUPRC: 0.1230
Holdout PR@10: 0.1000
Holdout Duration: 0.04s
DOID:0050950,Unique genes before filter: 363
Unique genes in embed: 263
Holdout performance for /home/exouser/gene-embedding-benchmarks/data/embeddings/intersect/BulkFM-CLS with best C=10.0:
Holdout AUC: 0.2917
Holdout AUPRC: 0.0761
Holdout PR@10: 0.0000
Holdout Duration: 0.01s
DOID:2277,Unique genes before filter: 737
Unique genes in embed: 516
Holdout performance for /home/exouser/gene-embedding-benchmarks/data/embeddings/intersect/BulkFM-CLS with best C=0.1:
Holdout AUC: 0.6418
Holdout AUPRC: 0.1551
Holdout PR@10: 0.2000
Holdout Duration: 0.03s
DOID:1923,Unique genes before filter: 242
Unique genes in embed: 179
Holdout performance for /home/exouser/gene-embedding-benchmarks/data/embeddings/intersect/BulkFM-CLS with best C=1.0:
Holdout AUC: 0.6989
Holdout AUPRC: 0.4107
Holdout PR@10: 0.2000
Holdout Duration: 0.01s
DOID:1441,Unique genes before filter: 396
Unique genes in embed: 281
Holdout performance for /home/exouser/gene-embedding-benchmarks/data/embeddings/intersect/BulkFM-CLS with best C=0.1:
Holdout AUC: 0.3906
Holdout AUPRC: 0.0875
Holdout PR@10: 0.1000
Holdout Duration: 0.01s
DOID:607,Unique genes before filter: 638
Unique genes in embed: 434
Holdout performance for /home/exouser/gene-embedding-benchmarks/data/embeddings/intersect/BulkFM-CLS with best C=10.0:
Holdout AUC: 0.4113
Holdout AUPRC: 0.0777
Holdout PR@10: 0.0000
Holdout Duration: 0.03s
DOID:2476,Unique genes before filter: 638
Unique genes in embed: 453
Holdout performance for /home/exouser/gene-embedding-benchmarks/data/embeddings/intersect/BulkFM-CLS with best C=0.1:
Holdout AUC: 0.5698
Holdout AUPRC: 0.1118
Holdout PR@10: 0.0000
Holdout Duration: 0.03s
DOID:0080578,Unique genes before filter: 385
Unique genes in embed: 263
Holdout performance for /home/exouser/gene-embedding-benchmarks/data/embeddings/intersect/BulkFM-CLS with best C=10.0:
Holdout AUC: 0.4866
Holdout AUPRC: 0.0933
Holdout PR@10: 0.0000
Holdout Duration: 0.01s
DOID:627,Unique genes before filter: 209
Unique genes in embed: 145
Holdout performance for /home/exouser/gene-embedding-benchmarks/data/embeddings/intersect/BulkFM-CLS with best C=0.1:
Holdout AUC: 0.4688
Holdout AUPRC: 0.1119
Holdout PR@10: 0.1000
Holdout Duration: 0.01s
DOID:0111962,Unique genes before filter: 484
Unique genes in embed: 337
Holdout performance for /home/exouser/gene-embedding-benchmarks/data/embeddings/intersect/BulkFM-CLS with best C=1.0:
Holdout AUC: 0.4609
Holdout AUPRC: 0.0917
Holdout PR@10: 0.0000
Holdout Duration: 0.02s
DOID:2115,Unique genes before filter: 308
Unique genes in embed: 216
Holdout performance for /home/exouser/gene-embedding-benchmarks/data/embeddings/intersect/BulkFM-CLS with best C=0.1:
Holdout AUC: 0.3320
Holdout AUPRC: 0.0789
Holdout PR@10: 0.0000
Holdout Duration: 0.01s
DOID:2583,Unique genes before filter: 220
Unique genes in embed: 161
Holdout performance for /home/exouser/gene-embedding-benchmarks/data/embeddings/intersect/BulkFM-CLS with best C=0.1:
Holdout AUC: 0.4000
Holdout AUPRC: 0.1081
Holdout PR@10: 0.1000
Holdout Duration: 0.01s
DOID:0081337,Unique genes before filter: 330
Unique genes in embed: 234
Holdout performance for /home/exouser/gene-embedding-benchmarks/data/embeddings/intersect/BulkFM-CLS with best C=0.1:
Holdout AUC: 0.5115
Holdout AUPRC: 0.1074
Holdout PR@10: 0.1000
Holdout Duration: 0.01s
DOID:1247,Unique genes before filter: 462
Unique genes in embed: 347
Holdout performance for /home/exouser/gene-embedding-benchmarks/data/embeddings/intersect/BulkFM-CLS with best C=0.1:
Holdout AUC: 0.7011
Holdout AUPRC: 0.2233
Holdout PR@10: 0.3000
Holdout Duration: 0.02s
DOID:0060340,Unique genes before filter: 469
Unique genes in embed: 319
Holdout performance for /home/exouser/gene-embedding-benchmarks/data/embeddings/intersect/BulkFM-CLS with best C=0.1:
Holdout AUC: 0.5000
Holdout AUPRC: 0.1872
Holdout PR@10: 0.2000
Holdout Duration: 0.02s
DOID:0050777,Unique genes before filter: 275
Unique genes in embed: 204
Holdout performance for /home/exouser/gene-embedding-benchmarks/data/embeddings/intersect/BulkFM-CLS with best C=0.1:
Holdout AUC: 0.3625
Holdout AUPRC: 0.0860
Holdout PR@10: 0.0000
Holdout Duration: 0.01s
DOID:1826,Unique genes before filter: 1408
Unique genes in embed: 971
Holdout performance for /home/exouser/gene-embedding-benchmarks/data/embeddings/intersect/BulkFM-CLS with best C=1.0:
Holdout AUC: 0.5221
Holdout AUPRC: 0.1276
Holdout PR@10: 0.2000
Holdout Duration: 0.10s
DOID:0050563,Unique genes before filter: 1144
Unique genes in embed: 800
Holdout performance for /home/exouser/gene-embedding-benchmarks/data/embeddings/intersect/BulkFM-CLS with best C=0.1:
Holdout AUC: 0.6427
Holdout AUPRC: 0.2039
Holdout PR@10: 0.4000
Holdout Duration: 0.08s
DOID:0050564,Unique genes before filter: 450
Unique genes in embed: 322
Holdout performance for /home/exouser/gene-embedding-benchmarks/data/embeddings/intersect/BulkFM-CLS with best C=1.0:
Holdout AUC: 0.3667
Holdout AUPRC: 0.0799
Holdout PR@10: 0.0000
Holdout Duration: 0.01s
DOID:2742,Unique genes before filter: 1144
Unique genes in embed: 811
Holdout performance for /home/exouser/gene-embedding-benchmarks/data/embeddings/intersect/BulkFM-CLS with best C=10.0:
Holdout AUC: 0.5568
Holdout AUPRC: 0.1128
Holdout PR@10: 0.0000
Holdout Duration: 0.07s
DOID:10579,Unique genes before filter: 407
Unique genes in embed: 290
Holdout performance for /home/exouser/gene-embedding-benchmarks/data/embeddings/intersect/BulkFM-CLS with best C=0.1:
Holdout AUC: 0.5259
Holdout AUPRC: 0.1083
Holdout PR@10: 0.0000
Holdout Duration: 0.01s
DOID:1443,Unique genes before filter: 451
Unique genes in embed: 313
Holdout performance for /home/exouser/gene-embedding-benchmarks/data/embeddings/intersect/BulkFM-CLS with best C=10.0:
Holdout AUC: 0.5965
Holdout AUPRC: 0.1417
Holdout PR@10: 0.2000
Holdout Duration: 0.02s
DOID:0112202,Unique genes before filter: 1012
Unique genes in embed: 715
Holdout performance for /home/exouser/gene-embedding-benchmarks/data/embeddings/intersect/BulkFM-CLS with best C=0.1:
Holdout AUC: 0.5256
Holdout AUPRC: 0.0952
Holdout PR@10: 0.0000
Holdout Duration: 0.06s
DOID:0050701,Unique genes before filter: 1232
Unique genes in embed: 868
Holdout performance for /home/exouser/gene-embedding-benchmarks/data/embeddings/intersect/BulkFM-CLS with best C=0.1:
Holdout AUC: 0.5401
Holdout AUPRC: 0.0960
Holdout PR@10: 0.0000
Holdout Duration: 0.09s
DOID:0060307,Unique genes before filter: 478
Unique genes in embed: 329
Holdout performance for /home/exouser/gene-embedding-benchmarks/data/embeddings/intersect/BulkFM-CLS with best C=0.1:
Holdout AUC: 0.5993
Holdout AUPRC: 0.2749
Holdout PR@10: 0.2000
Holdout Duration: 0.02s
DOID:0111910,Unique genes before filter: 671
Unique genes in embed: 459
Holdout performance for /home/exouser/gene-embedding-benchmarks/data/embeddings/intersect/BulkFM-CLS with best C=0.1:
Holdout AUC: 0.5188
Holdout AUPRC: 0.1233
Holdout PR@10: 0.1000
Holdout Duration: 0.02s
DOID:48,Unique genes before filter: 847
Unique genes in embed: 580
Holdout performance for /home/exouser/gene-embedding-benchmarks/data/embeddings/intersect/BulkFM-CLS with best C=0.1:
Holdout AUC: 0.6327
Holdout AUPRC: 0.2241
Holdout PR@10: 0.3000
Holdout Duration: 0.04s
DOID:12336,Unique genes before filter: 682
Unique genes in embed: 470
Holdout performance for /home/exouser/gene-embedding-benchmarks/data/embeddings/intersect/BulkFM-CLS with best C=0.1:
Holdout AUC: 0.7969
Holdout AUPRC: 0.2440
Holdout PR@10: 0.2000
Holdout Duration: 0.03s
DOID:5212,Unique genes before filter: 418
Unique genes in embed: 293
Holdout performance for /home/exouser/gene-embedding-benchmarks/data/embeddings/intersect/BulkFM-CLS with best C=0.1:
Holdout AUC: 0.6483
Holdout AUPRC: 0.1206
Holdout PR@10: 0.0000
Holdout Duration: 0.01s
DOID:110,Unique genes before filter: 363
Unique genes in embed: 270
Holdout performance for /home/exouser/gene-embedding-benchmarks/data/embeddings/intersect/BulkFM-CLS with best C=0.1:
Holdout AUC: 0.3021
Holdout AUPRC: 0.0691
Holdout PR@10: 0.0000
Holdout Duration: 0.01s
DOID:83,Unique genes before filter: 341
Unique genes in embed: 252
Holdout performance for /home/exouser/gene-embedding-benchmarks/data/embeddings/intersect/BulkFM-CLS with best C=0.1:
Holdout AUC: 0.4247
Holdout AUPRC: 0.0983
Holdout PR@10: 0.1000
Holdout Duration: 0.01s
DOID:0060308,Unique genes before filter: 475
Unique genes in embed: 326
Holdout performance for /home/exouser/gene-embedding-benchmarks/data/embeddings/intersect/BulkFM-CLS with best C=0.1:
Holdout AUC: 0.5702
Holdout AUPRC: 0.1425
Holdout PR@10: 0.1000
Holdout Duration: 0.02s
DOID:0050776,Unique genes before filter: 220
Unique genes in embed: 167
Holdout performance for /home/exouser/gene-embedding-benchmarks/data/embeddings/intersect/BulkFM-CLS with best C=10.0:
Holdout AUC: 0.2875
Holdout AUPRC: 0.0762
Holdout PR@10: 0.0000
Holdout Duration: 0.01s
DOID:0050889,Unique genes before filter: 220
Unique genes in embed: 158
Holdout performance for /home/exouser/gene-embedding-benchmarks/data/embeddings/intersect/BulkFM-CLS with best C=0.1:
Holdout AUC: 0.1562
Holdout AUPRC: 0.0658
Holdout PR@10: 0.0000
Holdout Duration: 0.01s
DOID:0050565,Unique genes before filter: 464
Unique genes in embed: 324
Holdout performance for /home/exouser/gene-embedding-benchmarks/data/embeddings/intersect/BulkFM-CLS with best C=0.1:
Holdout AUC: 0.6448
Holdout AUPRC: 0.3784
Holdout PR@10: 0.3000
Holdout Duration: 0.02s
DOID:9562,Unique genes before filter: 418
Unique genes in embed: 290
Holdout performance for /home/exouser/gene-embedding-benchmarks/data/embeddings/intersect/BulkFM-CLS with best C=0.1:
Holdout AUC: 0.5320
Holdout AUPRC: 0.1250
Holdout PR@10: 0.1000
Holdout Duration: 0.01s
DOID:10584,Unique genes before filter: 671
Unique genes in embed: 473
Holdout performance for /home/exouser/gene-embedding-benchmarks/data/embeddings/intersect/BulkFM-CLS with best C=0.1:
Holdout AUC: 0.6510
Holdout AUPRC: 0.1286
Holdout PR@10: 0.0000
Holdout Duration: 0.03s
DOID:5295,Unique genes before filter: 462
Unique genes in embed: 314
Holdout performance for /home/exouser/gene-embedding-benchmarks/data/embeddings/intersect/BulkFM-CLS with best C=1.0:
Holdout AUC: 0.2877
Holdout AUPRC: 0.0674
Holdout PR@10: 0.0000
Holdout Duration: 0.02s
DOID:3119,Unique genes before filter: 451
Unique genes in embed: 328
Holdout performance for /home/exouser/gene-embedding-benchmarks/data/embeddings/intersect/BulkFM-CLS with best C=0.1:
Holdout AUC: 0.5038
Holdout AUPRC: 0.1018
Holdout PR@10: 0.1000
Holdout Duration: 0.02s
DOID:229,Unique genes before filter: 308
Unique genes in embed: 215
Holdout performance for /home/exouser/gene-embedding-benchmarks/data/embeddings/intersect/BulkFM-CLS with best C=0.1:
Holdout AUC: 0.8600
Holdout AUPRC: 0.5521
Holdout PR@10: 0.2000
Holdout Duration: 0.01s
DOID:1100,Unique genes before filter: 253
Unique genes in embed: 180
Holdout performance for /home/exouser/gene-embedding-benchmarks/data/embeddings/intersect/BulkFM-CLS with best C=10.0:
Holdout AUC: 0.5563
Holdout AUPRC: 0.1267
Holdout PR@10: 0.1000
Holdout Duration: 0.01s
DOID:12930,Unique genes before filter: 385
Unique genes in embed: 261
Holdout performance for /home/exouser/gene-embedding-benchmarks/data/embeddings/intersect/BulkFM-CLS with best C=0.1:
Holdout AUC: 0.7621
Holdout AUPRC: 0.1880
Holdout PR@10: 0.2000
Holdout Duration: 0.01s
DOID:1342,Unique genes before filter: 363
Unique genes in embed: 256
Holdout performance for /home/exouser/gene-embedding-benchmarks/data/embeddings/intersect/BulkFM-CLS with best C=10.0:
Holdout AUC: 0.6370
Holdout AUPRC: 0.3053
Holdout PR@10: 0.1000
Holdout Duration: 0.01s
DOID:9256,Unique genes before filter: 253
Unique genes in embed: 184
Holdout performance for /home/exouser/gene-embedding-benchmarks/data/embeddings/intersect/BulkFM-CLS with best C=0.1:
Holdout AUC: 0.4524
Holdout AUPRC: 0.0934
Holdout PR@10: 0.0000
Holdout Duration: 0.01s
DOID:10155,Unique genes before filter: 253
Unique genes in embed: 176
Holdout performance for /home/exouser/gene-embedding-benchmarks/data/embeddings/intersect/BulkFM-CLS with best C=10.0:
Holdout AUC: 0.5595
Holdout AUPRC: 0.1225
Holdout PR@10: 0.0000
Holdout Duration: 0.01s
DOID:5672,Unique genes before filter: 253
Unique genes in embed: 179
Holdout performance for /home/exouser/gene-embedding-benchmarks/data/embeddings/intersect/BulkFM-CLS with best C=1.0:
Holdout AUC: 0.2619
Holdout AUPRC: 0.0706
Holdout PR@10: 0.0000
Holdout Duration: 0.01s
Saved fold results to /home/exouser/gene-embedding-benchmarks/results/tsvs/BulkFM-CLS_fold_results.pkl
Saved holdout results to /home/exouser/gene-embedding-benchmarks/results/tsvs/BulkFM-CLS_holdout_results.pkl
