GO:0006325,Unique genes before filter: 2263
Unique genes in embed: 1445
Holdout performance for /home/exouser/gene-embedding-benchmarks/data/embeddings/intersect/BulkFM-CLS-CONT-15 with best C=10.0:
Holdout AUC: 0.4736
Holdout AUPRC: 0.2621
Holdout PR@10: 0.5000
Holdout Duration: 0.28s
GO:0006402,Unique genes before filter: 1030
Unique genes in embed: 689
Holdout performance for /home/exouser/gene-embedding-benchmarks/data/embeddings/intersect/BulkFM-CLS-CONT-15 with best C=0.1:
Holdout AUC: 0.5237
Holdout AUPRC: 0.1117
Holdout PR@10: 0.1000
Holdout Duration: 0.06s
GO:0000381,Unique genes before filter: 493
Unique genes in embed: 344
Holdout performance for /home/exouser/gene-embedding-benchmarks/data/embeddings/intersect/BulkFM-CLS-CONT-15 with best C=10.0:
Holdout AUC: 0.3707
Holdout AUPRC: 0.0717
Holdout PR@10: 0.0000
Holdout Duration: 0.02s
GO:0045089,Unique genes before filter: 1727
Unique genes in embed: 1109
Holdout performance for /home/exouser/gene-embedding-benchmarks/data/embeddings/intersect/BulkFM-CLS-CONT-15 with best C=10.0:
Holdout AUC: 0.4714
Holdout AUPRC: 0.1232
Holdout PR@10: 0.2000
Holdout Duration: 0.15s
GO:0043488,Unique genes before filter: 1417
Unique genes in embed: 969
Holdout performance for /home/exouser/gene-embedding-benchmarks/data/embeddings/intersect/BulkFM-CLS-CONT-15 with best C=0.1:
Holdout AUC: 0.5299
Holdout AUPRC: 0.0854
Holdout PR@10: 0.0000
Holdout Duration: 0.11s
GO:0045787,Unique genes before filter: 1769
Unique genes in embed: 1168
Holdout performance for /home/exouser/gene-embedding-benchmarks/data/embeddings/intersect/BulkFM-CLS-CONT-15 with best C=0.1:
Holdout AUC: 0.5008
Holdout AUPRC: 0.1561
Holdout PR@10: 0.2000
Holdout Duration: 0.17s
GO:0050890,Unique genes before filter: 1761
Unique genes in embed: 1254
Holdout performance for /home/exouser/gene-embedding-benchmarks/data/embeddings/intersect/BulkFM-CLS-CONT-15 with best C=10.0:
Holdout AUC: 0.5207
Holdout AUPRC: 0.1162
Holdout PR@10: 0.0000
Holdout Duration: 0.20s
GO:0007399,Unique genes before filter: 2700
Unique genes in embed: 1802
Holdout performance for /home/exouser/gene-embedding-benchmarks/data/embeddings/intersect/BulkFM-CLS-CONT-15 with best C=0.1:
Holdout AUC: 0.4806
Holdout AUPRC: 0.4617
Holdout PR@10: 0.6000
Holdout Duration: 0.43s
GO:0060828,Unique genes before filter: 1704
Unique genes in embed: 1089
Holdout performance for /home/exouser/gene-embedding-benchmarks/data/embeddings/intersect/BulkFM-CLS-CONT-15 with best C=0.1:
Holdout AUC: 0.4420
Holdout AUPRC: 0.0988
Holdout PR@10: 0.1000
Holdout Duration: 0.14s
GO:0006493,Unique genes before filter: 863
Unique genes in embed: 573
Holdout performance for /home/exouser/gene-embedding-benchmarks/data/embeddings/intersect/BulkFM-CLS-CONT-15 with best C=0.1:
Holdout AUC: 0.4448
Holdout AUPRC: 0.0863
Holdout PR@10: 0.0000
Holdout Duration: 0.04s
GO:0007605,Unique genes before filter: 1444
Unique genes in embed: 968
Holdout performance for /home/exouser/gene-embedding-benchmarks/data/embeddings/intersect/BulkFM-CLS-CONT-15 with best C=10.0:
Holdout AUC: 0.4543
Holdout AUPRC: 0.0733
Holdout PR@10: 0.0000
Holdout Duration: 0.10s
GO:0016236,Unique genes before filter: 1668
Unique genes in embed: 1071
Holdout performance for /home/exouser/gene-embedding-benchmarks/data/embeddings/intersect/BulkFM-CLS-CONT-15 with best C=0.1:
Holdout AUC: 0.4498
Holdout AUPRC: 0.0887
Holdout PR@10: 0.1000
Holdout Duration: 0.15s
GO:0010506,Unique genes before filter: 1764
Unique genes in embed: 1157
Holdout performance for /home/exouser/gene-embedding-benchmarks/data/embeddings/intersect/BulkFM-CLS-CONT-15 with best C=0.1:
Holdout AUC: 0.4961
Holdout AUPRC: 0.1556
Holdout PR@10: 0.1000
Holdout Duration: 0.18s
GO:0042476,Unique genes before filter: 1039
Unique genes in embed: 696
Holdout performance for /home/exouser/gene-embedding-benchmarks/data/embeddings/intersect/BulkFM-CLS-CONT-15 with best C=10.0:
Holdout AUC: 0.4399
Holdout AUPRC: 0.1604
Holdout PR@10: 0.3000
Holdout Duration: 0.06s
GO:0050679,Unique genes before filter: 1657
Unique genes in embed: 1143
Holdout performance for /home/exouser/gene-embedding-benchmarks/data/embeddings/intersect/BulkFM-CLS-CONT-15 with best C=1.0:
Holdout AUC: 0.3694
Holdout AUPRC: 0.0859
Holdout PR@10: 0.2000
Holdout Duration: 0.14s
GO:0006631,Unique genes before filter: 1752
Unique genes in embed: 1204
Holdout performance for /home/exouser/gene-embedding-benchmarks/data/embeddings/intersect/BulkFM-CLS-CONT-15 with best C=1.0:
Holdout AUC: 0.5118
Holdout AUPRC: 0.1287
Holdout PR@10: 0.0000
Holdout Duration: 0.17s
GO:0007283,Unique genes before filter: 1984
Unique genes in embed: 1243
Holdout performance for /home/exouser/gene-embedding-benchmarks/data/embeddings/intersect/BulkFM-CLS-CONT-15 with best C=10.0:
Holdout AUC: 0.4920
Holdout AUPRC: 0.2067
Holdout PR@10: 0.3000
Holdout Duration: 0.21s
GO:0001654,Unique genes before filter: 1820
Unique genes in embed: 1200
Holdout performance for /home/exouser/gene-embedding-benchmarks/data/embeddings/intersect/BulkFM-CLS-CONT-15 with best C=10.0:
Holdout AUC: 0.5384
Holdout AUPRC: 0.1938
Holdout PR@10: 0.4000
Holdout Duration: 0.19s
GO:0051310,Unique genes before filter: 696
Unique genes in embed: 464
Holdout performance for /home/exouser/gene-embedding-benchmarks/data/embeddings/intersect/BulkFM-CLS-CONT-15 with best C=0.1:
Holdout AUC: 0.3327
Holdout AUPRC: 0.0956
Holdout PR@10: 0.1000
Holdout Duration: 0.03s
GO:0001578,Unique genes before filter: 1048
Unique genes in embed: 715
Holdout performance for /home/exouser/gene-embedding-benchmarks/data/embeddings/intersect/BulkFM-CLS-CONT-15 with best C=0.1:
Holdout AUC: 0.5325
Holdout AUPRC: 0.1098
Holdout PR@10: 0.1000
Holdout Duration: 0.06s
GO:0007601,Unique genes before filter: 1677
Unique genes in embed: 1161
Holdout performance for /home/exouser/gene-embedding-benchmarks/data/embeddings/intersect/BulkFM-CLS-CONT-15 with best C=0.1:
Holdout AUC: 0.5466
Holdout AUPRC: 0.1348
Holdout PR@10: 0.1000
Holdout Duration: 0.16s
GO:0006400,Unique genes before filter: 784
Unique genes in embed: 551
Holdout performance for /home/exouser/gene-embedding-benchmarks/data/embeddings/intersect/BulkFM-CLS-CONT-15 with best C=1.0:
Holdout AUC: 0.5566
Holdout AUPRC: 0.1026
Holdout PR@10: 0.1000
Holdout Duration: 0.03s
GO:0031297,Unique genes before filter: 414
Unique genes in embed: 269
Holdout performance for /home/exouser/gene-embedding-benchmarks/data/embeddings/intersect/BulkFM-CLS-CONT-15 with best C=10.0:
Holdout AUC: 0.4171
Holdout AUPRC: 0.0658
Holdout PR@10: 0.0000
Holdout Duration: 0.01s
GO:0008584,Unique genes before filter: 1276
Unique genes in embed: 827
Holdout performance for /home/exouser/gene-embedding-benchmarks/data/embeddings/intersect/BulkFM-CLS-CONT-15 with best C=10.0:
Holdout AUC: 0.5740
Holdout AUPRC: 0.1122
Holdout PR@10: 0.0000
Holdout Duration: 0.08s
GO:2000781,Unique genes before filter: 643
Unique genes in embed: 409
Holdout performance for /home/exouser/gene-embedding-benchmarks/data/embeddings/intersect/BulkFM-CLS-CONT-15 with best C=10.0:
Holdout AUC: 0.5748
Holdout AUPRC: 0.1628
Holdout PR@10: 0.2000
Holdout Duration: 0.02s
GO:0045814,Unique genes before filter: 1391
Unique genes in embed: 967
Holdout performance for /home/exouser/gene-embedding-benchmarks/data/embeddings/intersect/BulkFM-CLS-CONT-15 with best C=1.0:
Holdout AUC: 0.3165
Holdout AUPRC: 0.0570
Holdout PR@10: 0.0000
Holdout Duration: 0.09s
GO:0050731,Unique genes before filter: 1030
Unique genes in embed: 707
Holdout performance for /home/exouser/gene-embedding-benchmarks/data/embeddings/intersect/BulkFM-CLS-CONT-15 with best C=10.0:
Holdout AUC: 0.4352
Holdout AUPRC: 0.0940
Holdout PR@10: 0.1000
Holdout Duration: 0.06s
GO:0001666,Unique genes before filter: 1731
Unique genes in embed: 1107
Holdout performance for /home/exouser/gene-embedding-benchmarks/data/embeddings/intersect/BulkFM-CLS-CONT-15 with best C=1.0:
Holdout AUC: 0.5004
Holdout AUPRC: 0.1246
Holdout PR@10: 0.0000
Holdout Duration: 0.16s
GO:0034341,Unique genes before filter: 933
Unique genes in embed: 616
Holdout performance for /home/exouser/gene-embedding-benchmarks/data/embeddings/intersect/BulkFM-CLS-CONT-15 with best C=10.0:
Holdout AUC: 0.5420
Holdout AUPRC: 0.2332
Holdout PR@10: 0.2000
Holdout Duration: 0.04s
GO:0070555,Unique genes before filter: 880
Unique genes in embed: 574
Holdout performance for /home/exouser/gene-embedding-benchmarks/data/embeddings/intersect/BulkFM-CLS-CONT-15 with best C=0.1:
Holdout AUC: 0.5425
Holdout AUPRC: 0.1849
Holdout PR@10: 0.4000
Holdout Duration: 0.04s
GO:0008202,Unique genes before filter: 1702
Unique genes in embed: 1161
Holdout performance for /home/exouser/gene-embedding-benchmarks/data/embeddings/intersect/BulkFM-CLS-CONT-15 with best C=0.1:
Holdout AUC: 0.5908
Holdout AUPRC: 0.1262
Holdout PR@10: 0.0000
Holdout Duration: 0.17s
GO:0046034,Unique genes before filter: 968
Unique genes in embed: 649
Holdout performance for /home/exouser/gene-embedding-benchmarks/data/embeddings/intersect/BulkFM-CLS-CONT-15 with best C=0.1:
Holdout AUC: 0.4413
Holdout AUPRC: 0.0668
Holdout PR@10: 0.0000
Holdout Duration: 0.05s
GO:0031398,Unique genes before filter: 951
Unique genes in embed: 649
Holdout performance for /home/exouser/gene-embedding-benchmarks/data/embeddings/intersect/BulkFM-CLS-CONT-15 with best C=0.1:
Holdout AUC: 0.5607
Holdout AUPRC: 0.1992
Holdout PR@10: 0.3000
Holdout Duration: 0.05s
GO:0006813,Unique genes before filter: 1611
Unique genes in embed: 1120
Holdout performance for /home/exouser/gene-embedding-benchmarks/data/embeddings/intersect/BulkFM-CLS-CONT-15 with best C=1.0:
Holdout AUC: 0.4414
Holdout AUPRC: 0.0872
Holdout PR@10: 0.0000
Holdout Duration: 0.14s
GO:0042593,Unique genes before filter: 1658
Unique genes in embed: 1109
Holdout performance for /home/exouser/gene-embedding-benchmarks/data/embeddings/intersect/BulkFM-CLS-CONT-15 with best C=10.0:
Holdout AUC: 0.4990
Holdout AUPRC: 0.1203
Holdout PR@10: 0.2000
Holdout Duration: 0.13s
GO:0097190,Unique genes before filter: 1753
Unique genes in embed: 1134
Holdout performance for /home/exouser/gene-embedding-benchmarks/data/embeddings/intersect/BulkFM-CLS-CONT-15 with best C=0.1:
Holdout AUC: 0.5607
Holdout AUPRC: 0.1603
Holdout PR@10: 0.1000
Holdout Duration: 0.16s
GO:0097191,Unique genes before filter: 1004
Unique genes in embed: 650
Holdout performance for /home/exouser/gene-embedding-benchmarks/data/embeddings/intersect/BulkFM-CLS-CONT-15 with best C=10.0:
Holdout AUC: 0.6102
Holdout AUPRC: 0.1254
Holdout PR@10: 0.1000
Holdout Duration: 0.05s
GO:0001938,Unique genes before filter: 784
Unique genes in embed: 554
Holdout performance for /home/exouser/gene-embedding-benchmarks/data/embeddings/intersect/BulkFM-CLS-CONT-15 with best C=0.1:
Holdout AUC: 0.5439
Holdout AUPRC: 0.1256
Holdout PR@10: 0.1000
Holdout Duration: 0.04s
GO:1901224,Unique genes before filter: 537
Unique genes in embed: 373
Holdout performance for /home/exouser/gene-embedding-benchmarks/data/embeddings/intersect/BulkFM-CLS-CONT-15 with best C=1.0:
Holdout AUC: 0.5000
Holdout AUPRC: 0.1613
Holdout PR@10: 0.1000
Holdout Duration: 0.02s
GO:0050796,Unique genes before filter: 1514
Unique genes in embed: 1030
Holdout performance for /home/exouser/gene-embedding-benchmarks/data/embeddings/intersect/BulkFM-CLS-CONT-15 with best C=1.0:
Holdout AUC: 0.5103
Holdout AUPRC: 0.1224
Holdout PR@10: 0.0000
Holdout Duration: 0.11s
GO:0001649,Unique genes before filter: 1224
Unique genes in embed: 806
Holdout performance for /home/exouser/gene-embedding-benchmarks/data/embeddings/intersect/BulkFM-CLS-CONT-15 with best C=10.0:
Holdout AUC: 0.5020
Holdout AUPRC: 0.0791
Holdout PR@10: 0.0000
Holdout Duration: 0.07s
GO:0051865,Unique genes before filter: 608
Unique genes in embed: 411
Holdout performance for /home/exouser/gene-embedding-benchmarks/data/embeddings/intersect/BulkFM-CLS-CONT-15 with best C=0.1:
Holdout AUC: 0.3509
Holdout AUPRC: 0.0677
Holdout PR@10: 0.0000
Holdout Duration: 0.02s
GO:0042632,Unique genes before filter: 775
Unique genes in embed: 507
Holdout performance for /home/exouser/gene-embedding-benchmarks/data/embeddings/intersect/BulkFM-CLS-CONT-15 with best C=0.1:
Holdout AUC: 0.4601
Holdout AUPRC: 0.0883
Holdout PR@10: 0.0000
Holdout Duration: 0.03s
GO:0000724,Unique genes before filter: 1021
Unique genes in embed: 648
Holdout performance for /home/exouser/gene-embedding-benchmarks/data/embeddings/intersect/BulkFM-CLS-CONT-15 with best C=0.1:
Holdout AUC: 0.4337
Holdout AUPRC: 0.0738
Holdout PR@10: 0.0000
Holdout Duration: 0.05s
GO:0050680,Unique genes before filter: 1197
Unique genes in embed: 814
Holdout performance for /home/exouser/gene-embedding-benchmarks/data/embeddings/intersect/BulkFM-CLS-CONT-15 with best C=0.1:
Holdout AUC: 0.5802
Holdout AUPRC: 0.1682
Holdout PR@10: 0.1000
Holdout Duration: 0.09s
GO:0061844,Unique genes before filter: 1074
Unique genes in embed: 711
Holdout performance for /home/exouser/gene-embedding-benchmarks/data/embeddings/intersect/BulkFM-CLS-CONT-15 with best C=0.1:
Holdout AUC: 0.4510
Holdout AUPRC: 0.0728
Holdout PR@10: 0.0000
Holdout Duration: 0.06s
GO:0006888,Unique genes before filter: 1039
Unique genes in embed: 693
Holdout performance for /home/exouser/gene-embedding-benchmarks/data/embeddings/intersect/BulkFM-CLS-CONT-15 with best C=1.0:
Holdout AUC: 0.5725
Holdout AUPRC: 0.0850
Holdout PR@10: 0.0000
Holdout Duration: 0.05s
GO:0000086,Unique genes before filter: 414
Unique genes in embed: 284
Holdout performance for /home/exouser/gene-embedding-benchmarks/data/embeddings/intersect/BulkFM-CLS-CONT-15 with best C=10.0:
Holdout AUC: 0.5997
Holdout AUPRC: 0.1337
Holdout PR@10: 0.0000
Holdout Duration: 0.01s
GO:0006693,Unique genes before filter: 344
Unique genes in embed: 226
Holdout performance for /home/exouser/gene-embedding-benchmarks/data/embeddings/intersect/BulkFM-CLS-CONT-15 with best C=0.1:
Holdout AUC: 0.5185
Holdout AUPRC: 0.1653
Holdout PR@10: 0.2000
Holdout Duration: 0.01s
GO:0090303,Unique genes before filter: 537
Unique genes in embed: 341
Holdout performance for /home/exouser/gene-embedding-benchmarks/data/embeddings/intersect/BulkFM-CLS-CONT-15 with best C=0.1:
Holdout AUC: 0.2428
Holdout AUPRC: 0.0883
Holdout PR@10: 0.0000
Holdout Duration: 0.02s
GO:0007189,Unique genes before filter: 1417
Unique genes in embed: 914
Holdout performance for /home/exouser/gene-embedding-benchmarks/data/embeddings/intersect/BulkFM-CLS-CONT-15 with best C=0.1:
Holdout AUC: 0.5373
Holdout AUPRC: 0.1128
Holdout PR@10: 0.1000
Holdout Duration: 0.10s
GO:0001837,Unique genes before filter: 731
Unique genes in embed: 460
Holdout performance for /home/exouser/gene-embedding-benchmarks/data/embeddings/intersect/BulkFM-CLS-CONT-15 with best C=0.1:
Holdout AUC: 0.4545
Holdout AUPRC: 0.1264
Holdout PR@10: 0.1000
Holdout Duration: 0.03s
GO:2001244,Unique genes before filter: 528
Unique genes in embed: 351
Holdout performance for /home/exouser/gene-embedding-benchmarks/data/embeddings/intersect/BulkFM-CLS-CONT-15 with best C=0.1:
Holdout AUC: 0.5790
Holdout AUPRC: 0.2889
Holdout PR@10: 0.4000
Holdout Duration: 0.02s
GO:0006487,Unique genes before filter: 652
Unique genes in embed: 439
Holdout performance for /home/exouser/gene-embedding-benchmarks/data/embeddings/intersect/BulkFM-CLS-CONT-15 with best C=0.1:
Holdout AUC: 0.4752
Holdout AUPRC: 0.0974
Holdout PR@10: 0.1000
Holdout Duration: 0.03s
GO:0006879,Unique genes before filter: 581
Unique genes in embed: 401
Holdout performance for /home/exouser/gene-embedding-benchmarks/data/embeddings/intersect/BulkFM-CLS-CONT-15 with best C=10.0:
Holdout AUC: 0.5367
Holdout AUPRC: 0.1169
Holdout PR@10: 0.0000
Holdout Duration: 0.02s
GO:0035987,Unique genes before filter: 405
Unique genes in embed: 266
Holdout performance for /home/exouser/gene-embedding-benchmarks/data/embeddings/intersect/BulkFM-CLS-CONT-15 with best C=0.1:
Holdout AUC: 0.4455
Holdout AUPRC: 0.1232
Holdout PR@10: 0.1000
Holdout Duration: 0.01s
Saved fold results to /home/exouser/gene-embedding-benchmarks/results/tsvs/BulkFM-CLS-CONT-15_fold_results.pkl
Saved holdout results to /home/exouser/gene-embedding-benchmarks/results/tsvs/BulkFM-CLS-CONT-15_holdout_results.pkl
