GO:0006325,Unique genes before filter: 2263
Unique genes in embed: 1445
Holdout performance for /home/exouser/gene-embedding-benchmarks/data/embeddings/intersect/BulkFormer-147M with best C=1000.0:
Holdout AUC: 0.7545
Holdout AUPRC: 0.5541
Holdout PR@10: 0.9000
Holdout Duration: 0.46s
GO:0006402,Unique genes before filter: 1030
Unique genes in embed: 689
Holdout performance for /home/exouser/gene-embedding-benchmarks/data/embeddings/intersect/BulkFormer-147M with best C=100.0:
Holdout AUC: 0.8237
Holdout AUPRC: 0.3667
Holdout PR@10: 0.5000
Holdout Duration: 0.08s
GO:0000381,Unique genes before filter: 493
Unique genes in embed: 344
Holdout performance for /home/exouser/gene-embedding-benchmarks/data/embeddings/intersect/BulkFormer-147M with best C=1000.0:
Holdout AUC: 0.7939
Holdout AUPRC: 0.5713
Holdout PR@10: 0.3000
Holdout Duration: 0.03s
GO:0045089,Unique genes before filter: 1727
Unique genes in embed: 1109
Holdout performance for /home/exouser/gene-embedding-benchmarks/data/embeddings/intersect/BulkFormer-147M with best C=1000.0:
Holdout AUC: 0.7814
Holdout AUPRC: 0.5140
Holdout PR@10: 0.8000
Holdout Duration: 0.24s
GO:0043488,Unique genes before filter: 1417
Unique genes in embed: 969
Holdout performance for /home/exouser/gene-embedding-benchmarks/data/embeddings/intersect/BulkFormer-147M with best C=100.0:
Holdout AUC: 0.6959
Holdout AUPRC: 0.1957
Holdout PR@10: 0.4000
Holdout Duration: 0.16s
GO:0045787,Unique genes before filter: 1769
Unique genes in embed: 1168
Holdout performance for /home/exouser/gene-embedding-benchmarks/data/embeddings/intersect/BulkFormer-147M with best C=1000.0:
Holdout AUC: 0.5738
Holdout AUPRC: 0.1838
Holdout PR@10: 0.3000
Holdout Duration: 0.29s
GO:0050890,Unique genes before filter: 1761
Unique genes in embed: 1254
Holdout performance for /home/exouser/gene-embedding-benchmarks/data/embeddings/intersect/BulkFormer-147M with best C=100.0:
Holdout AUC: 0.6675
Holdout AUPRC: 0.1884
Holdout PR@10: 0.1000
Holdout Duration: 0.37s
GO:0007399,Unique genes before filter: 2700
Unique genes in embed: 1802
Holdout performance for /home/exouser/gene-embedding-benchmarks/data/embeddings/intersect/BulkFormer-147M with best C=1000.0:
Holdout AUC: 0.7084
Holdout AUPRC: 0.6566
Holdout PR@10: 0.8000
Holdout Duration: 0.72s
GO:0060828,Unique genes before filter: 1704
Unique genes in embed: 1089
Holdout performance for /home/exouser/gene-embedding-benchmarks/data/embeddings/intersect/BulkFormer-147M with best C=1000.0:
Holdout AUC: 0.7106
Holdout AUPRC: 0.2154
Holdout PR@10: 0.3000
Holdout Duration: 0.26s
GO:0006493,Unique genes before filter: 863
Unique genes in embed: 573
Holdout performance for /home/exouser/gene-embedding-benchmarks/data/embeddings/intersect/BulkFormer-147M with best C=1000.0:
Holdout AUC: 0.7083
Holdout AUPRC: 0.2230
Holdout PR@10: 0.3000
Holdout Duration: 0.06s
GO:0007605,Unique genes before filter: 1444
Unique genes in embed: 968
Holdout performance for /home/exouser/gene-embedding-benchmarks/data/embeddings/intersect/BulkFormer-147M with best C=1000.0:
Holdout AUC: 0.6640
Holdout AUPRC: 0.1256
Holdout PR@10: 0.0000
Holdout Duration: 0.18s
GO:0016236,Unique genes before filter: 1668
Unique genes in embed: 1071
Holdout performance for /home/exouser/gene-embedding-benchmarks/data/embeddings/intersect/BulkFormer-147M with best C=100.0:
Holdout AUC: 0.8373
Holdout AUPRC: 0.2899
Holdout PR@10: 0.2000
Holdout Duration: 0.19s
GO:0010506,Unique genes before filter: 1764
Unique genes in embed: 1157
Holdout performance for /home/exouser/gene-embedding-benchmarks/data/embeddings/intersect/BulkFormer-147M with best C=1000.0:
Holdout AUC: 0.6971
Holdout AUPRC: 0.2589
Holdout PR@10: 0.3000
Holdout Duration: 0.28s
GO:0042476,Unique genes before filter: 1039
Unique genes in embed: 696
Holdout performance for /home/exouser/gene-embedding-benchmarks/data/embeddings/intersect/BulkFormer-147M with best C=10.0:
Holdout AUC: 0.6864
Holdout AUPRC: 0.2043
Holdout PR@10: 0.2000
Holdout Duration: 0.10s
GO:0050679,Unique genes before filter: 1657
Unique genes in embed: 1143
Holdout performance for /home/exouser/gene-embedding-benchmarks/data/embeddings/intersect/BulkFormer-147M with best C=100.0:
Holdout AUC: 0.7127
Holdout AUPRC: 0.2089
Holdout PR@10: 0.2000
Holdout Duration: 0.29s
GO:0006631,Unique genes before filter: 1752
Unique genes in embed: 1204
Holdout performance for /home/exouser/gene-embedding-benchmarks/data/embeddings/intersect/BulkFormer-147M with best C=1000.0:
Holdout AUC: 0.7880
Holdout AUPRC: 0.3256
Holdout PR@10: 0.5000
Holdout Duration: 0.30s
GO:0007283,Unique genes before filter: 1984
Unique genes in embed: 1243
Holdout performance for /home/exouser/gene-embedding-benchmarks/data/embeddings/intersect/BulkFormer-147M with best C=1000.0:
Holdout AUC: 0.6859
Holdout AUPRC: 0.4033
Holdout PR@10: 0.8000
Holdout Duration: 0.31s
GO:0001654,Unique genes before filter: 1820
Unique genes in embed: 1200
Holdout performance for /home/exouser/gene-embedding-benchmarks/data/embeddings/intersect/BulkFormer-147M with best C=1000.0:
Holdout AUC: 0.6873
Holdout AUPRC: 0.2304
Holdout PR@10: 0.1000
Holdout Duration: 0.31s
GO:0051310,Unique genes before filter: 696
Unique genes in embed: 464
Holdout performance for /home/exouser/gene-embedding-benchmarks/data/embeddings/intersect/BulkFormer-147M with best C=1000.0:
Holdout AUC: 0.8838
Holdout AUPRC: 0.4999
Holdout PR@10: 0.4000
Holdout Duration: 0.04s
GO:0001578,Unique genes before filter: 1048
Unique genes in embed: 715
Holdout performance for /home/exouser/gene-embedding-benchmarks/data/embeddings/intersect/BulkFormer-147M with best C=1000.0:
Holdout AUC: 0.7733
Holdout AUPRC: 0.2408
Holdout PR@10: 0.1000
Holdout Duration: 0.10s
GO:0007601,Unique genes before filter: 1677
Unique genes in embed: 1161
Holdout performance for /home/exouser/gene-embedding-benchmarks/data/embeddings/intersect/BulkFormer-147M with best C=100.0:
Holdout AUC: 0.7261
Holdout AUPRC: 0.2602
Holdout PR@10: 0.4000
Holdout Duration: 0.24s
GO:0006400,Unique genes before filter: 784
Unique genes in embed: 551
Holdout performance for /home/exouser/gene-embedding-benchmarks/data/embeddings/intersect/BulkFormer-147M with best C=1000.0:
Holdout AUC: 0.9238
Holdout AUPRC: 0.5205
Holdout PR@10: 0.5000
Holdout Duration: 0.04s
GO:0031297,Unique genes before filter: 414
Unique genes in embed: 269
Holdout performance for /home/exouser/gene-embedding-benchmarks/data/embeddings/intersect/BulkFormer-147M with best C=1000.0:
Holdout AUC: 0.8800
Holdout AUPRC: 0.3810
Holdout PR@10: 0.4000
Holdout Duration: 0.02s
GO:0008584,Unique genes before filter: 1276
Unique genes in embed: 827
Holdout performance for /home/exouser/gene-embedding-benchmarks/data/embeddings/intersect/BulkFormer-147M with best C=1000.0:
Holdout AUC: 0.5970
Holdout AUPRC: 0.1191
Holdout PR@10: 0.0000
Holdout Duration: 0.14s
GO:2000781,Unique genes before filter: 643
Unique genes in embed: 409
Holdout performance for /home/exouser/gene-embedding-benchmarks/data/embeddings/intersect/BulkFormer-147M with best C=1000.0:
Holdout AUC: 0.8214
Holdout AUPRC: 0.5780
Holdout PR@10: 0.4000
Holdout Duration: 0.04s
GO:0045814,Unique genes before filter: 1391
Unique genes in embed: 967
Holdout performance for /home/exouser/gene-embedding-benchmarks/data/embeddings/intersect/BulkFormer-147M with best C=1000.0:
Holdout AUC: 0.7001
Holdout AUPRC: 0.1843
Holdout PR@10: 0.2000
Holdout Duration: 0.17s
GO:0050731,Unique genes before filter: 1030
Unique genes in embed: 707
Holdout performance for /home/exouser/gene-embedding-benchmarks/data/embeddings/intersect/BulkFormer-147M with best C=1000.0:
Holdout AUC: 0.6608
Holdout AUPRC: 0.1674
Holdout PR@10: 0.3000
Holdout Duration: 0.11s
GO:0001666,Unique genes before filter: 1731
Unique genes in embed: 1107
Holdout performance for /home/exouser/gene-embedding-benchmarks/data/embeddings/intersect/BulkFormer-147M with best C=1000.0:
Holdout AUC: 0.7535
Holdout AUPRC: 0.2737
Holdout PR@10: 0.5000
Holdout Duration: 0.25s
GO:0034341,Unique genes before filter: 933
Unique genes in embed: 616
Holdout performance for /home/exouser/gene-embedding-benchmarks/data/embeddings/intersect/BulkFormer-147M with best C=1000.0:
Holdout AUC: 0.8410
Holdout AUPRC: 0.5044
Holdout PR@10: 0.5000
Holdout Duration: 0.07s
GO:0070555,Unique genes before filter: 880
Unique genes in embed: 574
Holdout performance for /home/exouser/gene-embedding-benchmarks/data/embeddings/intersect/BulkFormer-147M with best C=1000.0:
Holdout AUC: 0.7550
Holdout AUPRC: 0.3512
Holdout PR@10: 0.5000
Holdout Duration: 0.06s
GO:0008202,Unique genes before filter: 1702
Unique genes in embed: 1161
Holdout performance for /home/exouser/gene-embedding-benchmarks/data/embeddings/intersect/BulkFormer-147M with best C=1000.0:
Holdout AUC: 0.7141
Holdout AUPRC: 0.2390
Holdout PR@10: 0.4000
Holdout Duration: 0.25s
GO:0046034,Unique genes before filter: 968
Unique genes in embed: 649
Holdout performance for /home/exouser/gene-embedding-benchmarks/data/embeddings/intersect/BulkFormer-147M with best C=1000.0:
Holdout AUC: 0.5429
Holdout AUPRC: 0.1170
Holdout PR@10: 0.1000
Holdout Duration: 0.09s
GO:0031398,Unique genes before filter: 951
Unique genes in embed: 649
Holdout performance for /home/exouser/gene-embedding-benchmarks/data/embeddings/intersect/BulkFormer-147M with best C=100.0:
Holdout AUC: 0.7141
Holdout AUPRC: 0.1964
Holdout PR@10: 0.1000
Holdout Duration: 0.09s
GO:0006813,Unique genes before filter: 1611
Unique genes in embed: 1120
Holdout performance for /home/exouser/gene-embedding-benchmarks/data/embeddings/intersect/BulkFormer-147M with best C=1000.0:
Holdout AUC: 0.8206
Holdout AUPRC: 0.4205
Holdout PR@10: 0.5000
Holdout Duration: 0.20s
GO:0042593,Unique genes before filter: 1658
Unique genes in embed: 1109
Holdout performance for /home/exouser/gene-embedding-benchmarks/data/embeddings/intersect/BulkFormer-147M with best C=1000.0:
Holdout AUC: 0.6169
Holdout AUPRC: 0.1528
Holdout PR@10: 0.1000
Holdout Duration: 0.24s
GO:0097190,Unique genes before filter: 1753
Unique genes in embed: 1134
Holdout performance for /home/exouser/gene-embedding-benchmarks/data/embeddings/intersect/BulkFormer-147M with best C=100.0:
Holdout AUC: 0.6143
Holdout AUPRC: 0.2318
Holdout PR@10: 0.4000
Holdout Duration: 0.31s
GO:0097191,Unique genes before filter: 1004
Unique genes in embed: 650
Holdout performance for /home/exouser/gene-embedding-benchmarks/data/embeddings/intersect/BulkFormer-147M with best C=1000.0:
Holdout AUC: 0.7876
Holdout AUPRC: 0.3946
Holdout PR@10: 0.4000
Holdout Duration: 0.09s
GO:0001938,Unique genes before filter: 784
Unique genes in embed: 554
Holdout performance for /home/exouser/gene-embedding-benchmarks/data/embeddings/intersect/BulkFormer-147M with best C=1000.0:
Holdout AUC: 0.7051
Holdout AUPRC: 0.1688
Holdout PR@10: 0.2000
Holdout Duration: 0.07s
GO:1901224,Unique genes before filter: 537
Unique genes in embed: 373
Holdout performance for /home/exouser/gene-embedding-benchmarks/data/embeddings/intersect/BulkFormer-147M with best C=1000.0:
Holdout AUC: 0.7731
Holdout AUPRC: 0.2773
Holdout PR@10: 0.3000
Holdout Duration: 0.03s
GO:0050796,Unique genes before filter: 1514
Unique genes in embed: 1030
Holdout performance for /home/exouser/gene-embedding-benchmarks/data/embeddings/intersect/BulkFormer-147M with best C=1000.0:
Holdout AUC: 0.6057
Holdout AUPRC: 0.1914
Holdout PR@10: 0.3000
Holdout Duration: 0.21s
GO:0001649,Unique genes before filter: 1224
Unique genes in embed: 806
Holdout performance for /home/exouser/gene-embedding-benchmarks/data/embeddings/intersect/BulkFormer-147M with best C=1000.0:
Holdout AUC: 0.6288
Holdout AUPRC: 0.1148
Holdout PR@10: 0.1000
Holdout Duration: 0.12s
GO:0051865,Unique genes before filter: 608
Unique genes in embed: 411
Holdout performance for /home/exouser/gene-embedding-benchmarks/data/embeddings/intersect/BulkFormer-147M with best C=100.0:
Holdout AUC: 0.6776
Holdout AUPRC: 0.4938
Holdout PR@10: 0.4000
Holdout Duration: 0.04s
GO:0042632,Unique genes before filter: 775
Unique genes in embed: 507
Holdout performance for /home/exouser/gene-embedding-benchmarks/data/embeddings/intersect/BulkFormer-147M with best C=100.0:
Holdout AUC: 0.8056
Holdout AUPRC: 0.5186
Holdout PR@10: 0.6000
Holdout Duration: 0.06s
GO:0000724,Unique genes before filter: 1021
Unique genes in embed: 648
Holdout performance for /home/exouser/gene-embedding-benchmarks/data/embeddings/intersect/BulkFormer-147M with best C=1000.0:
Holdout AUC: 0.7996
Holdout AUPRC: 0.3935
Holdout PR@10: 0.4000
Holdout Duration: 0.06s
GO:0050680,Unique genes before filter: 1197
Unique genes in embed: 814
Holdout performance for /home/exouser/gene-embedding-benchmarks/data/embeddings/intersect/BulkFormer-147M with best C=1000.0:
Holdout AUC: 0.6349
Holdout AUPRC: 0.2747
Holdout PR@10: 0.4000
Holdout Duration: 0.13s
GO:0061844,Unique genes before filter: 1074
Unique genes in embed: 711
Holdout performance for /home/exouser/gene-embedding-benchmarks/data/embeddings/intersect/BulkFormer-147M with best C=1000.0:
Holdout AUC: 0.9173
Holdout AUPRC: 0.5117
Holdout PR@10: 0.5000
Holdout Duration: 0.06s
GO:0006888,Unique genes before filter: 1039
Unique genes in embed: 693
Holdout performance for /home/exouser/gene-embedding-benchmarks/data/embeddings/intersect/BulkFormer-147M with best C=100.0:
Holdout AUC: 0.8526
Holdout AUPRC: 0.4743
Holdout PR@10: 0.4000
Holdout Duration: 0.08s
GO:0000086,Unique genes before filter: 414
Unique genes in embed: 284
Holdout performance for /home/exouser/gene-embedding-benchmarks/data/embeddings/intersect/BulkFormer-147M with best C=100.0:
Holdout AUC: 0.7669
Holdout AUPRC: 0.4392
Holdout PR@10: 0.4000
Holdout Duration: 0.02s
GO:0006693,Unique genes before filter: 344
Unique genes in embed: 226
Holdout performance for /home/exouser/gene-embedding-benchmarks/data/embeddings/intersect/BulkFormer-147M with best C=1000.0:
Holdout AUC: 0.7370
Holdout AUPRC: 0.3496
Holdout PR@10: 0.2000
Holdout Duration: 0.02s
GO:0090303,Unique genes before filter: 537
Unique genes in embed: 341
Holdout performance for /home/exouser/gene-embedding-benchmarks/data/embeddings/intersect/BulkFormer-147M with best C=1000.0:
Holdout AUC: 0.6245
Holdout AUPRC: 0.3348
Holdout PR@10: 0.3000
Holdout Duration: 0.03s
GO:0007189,Unique genes before filter: 1417
Unique genes in embed: 914
Holdout performance for /home/exouser/gene-embedding-benchmarks/data/embeddings/intersect/BulkFormer-147M with best C=100.0:
Holdout AUC: 0.7857
Holdout AUPRC: 0.2679
Holdout PR@10: 0.3000
Holdout Duration: 0.14s
GO:0001837,Unique genes before filter: 731
Unique genes in embed: 460
Holdout performance for /home/exouser/gene-embedding-benchmarks/data/embeddings/intersect/BulkFormer-147M with best C=1000.0:
Holdout AUC: 0.7995
Holdout AUPRC: 0.3640
Holdout PR@10: 0.4000
Holdout Duration: 0.05s
GO:2001244,Unique genes before filter: 528
Unique genes in embed: 351
Holdout performance for /home/exouser/gene-embedding-benchmarks/data/embeddings/intersect/BulkFormer-147M with best C=1000.0:
Holdout AUC: 0.5593
Holdout AUPRC: 0.1730
Holdout PR@10: 0.1000
Holdout Duration: 0.03s
GO:0006487,Unique genes before filter: 652
Unique genes in embed: 439
Holdout performance for /home/exouser/gene-embedding-benchmarks/data/embeddings/intersect/BulkFormer-147M with best C=1000.0:
Holdout AUC: 0.7338
Holdout AUPRC: 0.3741
Holdout PR@10: 0.2000
Holdout Duration: 0.05s
GO:0006879,Unique genes before filter: 581
Unique genes in embed: 401
Holdout performance for /home/exouser/gene-embedding-benchmarks/data/embeddings/intersect/BulkFormer-147M with best C=1000.0:
Holdout AUC: 0.5867
Holdout AUPRC: 0.2539
Holdout PR@10: 0.2000
Holdout Duration: 0.04s
GO:0035987,Unique genes before filter: 405
Unique genes in embed: 266
Holdout performance for /home/exouser/gene-embedding-benchmarks/data/embeddings/intersect/BulkFormer-147M with best C=1000.0:
Holdout AUC: 0.8091
Holdout AUPRC: 0.3602
Holdout PR@10: 0.2000
Holdout Duration: 0.02s
Saved fold results to /home/exouser/gene-embedding-benchmarks/results/tsvs/BulkFormer-147M_fold_results.pkl
Saved holdout results to /home/exouser/gene-embedding-benchmarks/results/tsvs/BulkFormer-147M_holdout_results.pkl
