DOID:65,Unique genes before filter: 2409
Unique genes in embed: 1604
Holdout performance for /home/exouser/gene-embedding-benchmarks/data/embeddings/intersect/BulkFM-MASK-CONT-75 with best C=1.0:
Holdout AUC: 0.5076
Holdout AUPRC: 0.1098
Holdout PR@10: 0.2000
Holdout Duration: 0.25s
DOID:0050161,Unique genes before filter: 374
Unique genes in embed: 274
Holdout performance for /home/exouser/gene-embedding-benchmarks/data/embeddings/intersect/BulkFM-MASK-CONT-75 with best C=1.0:
Holdout AUC: 0.3690
Holdout AUPRC: 0.2554
Holdout PR@10: 0.1000
Holdout Duration: 0.01s
DOID:417,Unique genes before filter: 440
Unique genes in embed: 315
Holdout performance for /home/exouser/gene-embedding-benchmarks/data/embeddings/intersect/BulkFM-MASK-CONT-75 with best C=1.0:
Holdout AUC: 0.5777
Holdout AUPRC: 0.2028
Holdout PR@10: 0.3000
Holdout Duration: 0.02s
DOID:612,Unique genes before filter: 1672
Unique genes in embed: 1142
Holdout performance for /home/exouser/gene-embedding-benchmarks/data/embeddings/intersect/BulkFM-MASK-CONT-75 with best C=1.0:
Holdout AUC: 0.6355
Holdout AUPRC: 0.2497
Holdout PR@10: 0.5000
Holdout Duration: 0.12s
DOID:0050739,Unique genes before filter: 1943
Unique genes in embed: 1285
Holdout performance for /home/exouser/gene-embedding-benchmarks/data/embeddings/intersect/BulkFM-MASK-CONT-75 with best C=0.1:
Holdout AUC: 0.4695
Holdout AUPRC: 0.8080
Holdout PR@10: 0.9000
Holdout Duration: 0.22s
DOID:0050736,Unique genes before filter: 1321
Unique genes in embed: 912
Holdout performance for /home/exouser/gene-embedding-benchmarks/data/embeddings/intersect/BulkFM-MASK-CONT-75 with best C=10.0:
Holdout AUC: 0.4777
Holdout AUPRC: 0.6727
Holdout PR@10: 0.7000
Holdout Duration: 0.12s
DOID:0050686,Unique genes before filter: 1551
Unique genes in embed: 1069
Holdout performance for /home/exouser/gene-embedding-benchmarks/data/embeddings/intersect/BulkFM-MASK-CONT-75 with best C=0.1:
Holdout AUC: 0.5429
Holdout AUPRC: 0.0974
Holdout PR@10: 0.0000
Holdout Duration: 0.12s
DOID:0050687,Unique genes before filter: 418
Unique genes in embed: 289
Holdout performance for /home/exouser/gene-embedding-benchmarks/data/embeddings/intersect/BulkFM-MASK-CONT-75 with best C=0.1:
Holdout AUC: 0.5448
Holdout AUPRC: 0.1061
Holdout PR@10: 0.1000
Holdout Duration: 0.01s
DOID:557,Unique genes before filter: 946
Unique genes in embed: 661
Holdout performance for /home/exouser/gene-embedding-benchmarks/data/embeddings/intersect/BulkFM-MASK-CONT-75 with best C=0.1:
Holdout AUC: 0.4592
Holdout AUPRC: 0.0904
Holdout PR@10: 0.0000
Holdout Duration: 0.05s
DOID:305,Unique genes before filter: 319
Unique genes in embed: 220
Holdout performance for /home/exouser/gene-embedding-benchmarks/data/embeddings/intersect/BulkFM-MASK-CONT-75 with best C=0.1:
Holdout AUC: 0.5298
Holdout AUPRC: 0.2031
Holdout PR@10: 0.1000
Holdout Duration: 0.01s
DOID:37,Unique genes before filter: 1210
Unique genes in embed: 837
Holdout performance for /home/exouser/gene-embedding-benchmarks/data/embeddings/intersect/BulkFM-MASK-CONT-75 with best C=10.0:
Holdout AUC: 0.6664
Holdout AUPRC: 0.1581
Holdout PR@10: 0.2000
Holdout Duration: 0.07s
DOID:936,Unique genes before filter: 2676
Unique genes in embed: 1787
Holdout performance for /home/exouser/gene-embedding-benchmarks/data/embeddings/intersect/BulkFM-MASK-CONT-75 with best C=100.0:
Holdout AUC: 0.5334
Holdout AUPRC: 0.1242
Holdout PR@10: 0.1000
Holdout Duration: 0.35s
DOID:114,Unique genes before filter: 1067
Unique genes in embed: 736
Holdout performance for /home/exouser/gene-embedding-benchmarks/data/embeddings/intersect/BulkFM-MASK-CONT-75 with best C=1.0:
Holdout AUC: 0.5451
Holdout AUPRC: 0.1068
Holdout PR@10: 0.1000
Holdout Duration: 0.05s
DOID:0060036,Unique genes before filter: 649
Unique genes in embed: 452
Holdout performance for /home/exouser/gene-embedding-benchmarks/data/embeddings/intersect/BulkFM-MASK-CONT-75 with best C=10.0:
Holdout AUC: 0.6491
Holdout AUPRC: 0.1540
Holdout PR@10: 0.1000
Holdout Duration: 0.02s
DOID:0050700,Unique genes before filter: 649
Unique genes in embed: 468
Holdout performance for /home/exouser/gene-embedding-benchmarks/data/embeddings/intersect/BulkFM-MASK-CONT-75 with best C=10.0:
Holdout AUC: 0.6340
Holdout AUPRC: 0.1306
Holdout PR@10: 0.0000
Holdout Duration: 0.02s
DOID:0050737,Unique genes before filter: 1864
Unique genes in embed: 1209
Holdout performance for /home/exouser/gene-embedding-benchmarks/data/embeddings/intersect/BulkFM-MASK-CONT-75 with best C=10.0:
Holdout AUC: 0.4388
Holdout AUPRC: 0.7024
Holdout PR@10: 0.5000
Holdout Duration: 0.18s
DOID:0080009,Unique genes before filter: 385
Unique genes in embed: 274
Holdout performance for /home/exouser/gene-embedding-benchmarks/data/embeddings/intersect/BulkFM-MASK-CONT-75 with best C=0.1:
Holdout AUC: 0.4140
Holdout AUPRC: 0.2555
Holdout PR@10: 0.2000
Holdout Duration: 0.01s
DOID:0050735,Unique genes before filter: 604
Unique genes in embed: 432
Holdout performance for /home/exouser/gene-embedding-benchmarks/data/embeddings/intersect/BulkFM-MASK-CONT-75 with best C=0.1:
Holdout AUC: 0.6261
Holdout AUPRC: 0.4563
Holdout PR@10: 0.5000
Holdout Duration: 0.03s
DOID:0080001,Unique genes before filter: 1969
Unique genes in embed: 1330
Holdout performance for /home/exouser/gene-embedding-benchmarks/data/embeddings/intersect/BulkFM-MASK-CONT-75 with best C=1.0:
Holdout AUC: 0.5112
Holdout AUPRC: 0.1069
Holdout PR@10: 0.1000
Holdout Duration: 0.16s
DOID:0080005,Unique genes before filter: 297
Unique genes in embed: 213
Holdout performance for /home/exouser/gene-embedding-benchmarks/data/embeddings/intersect/BulkFM-MASK-CONT-75 with best C=10.0:
Holdout AUC: 0.2250
Holdout AUPRC: 0.0618
Holdout PR@10: 0.0000
Holdout Duration: 0.01s
DOID:2490,Unique genes before filter: 418
Unique genes in embed: 290
Holdout performance for /home/exouser/gene-embedding-benchmarks/data/embeddings/intersect/BulkFM-MASK-CONT-75 with best C=0.1:
Holdout AUC: 0.3778
Holdout AUPRC: 0.0813
Holdout PR@10: 0.0000
Holdout Duration: 0.01s
DOID:4961,Unique genes before filter: 242
Unique genes in embed: 184
Holdout performance for /home/exouser/gene-embedding-benchmarks/data/embeddings/intersect/BulkFM-MASK-CONT-75 with best C=10.0:
Holdout AUC: 0.6920
Holdout AUPRC: 0.2588
Holdout PR@10: 0.3000
Holdout Duration: 0.01s
DOID:2531,Unique genes before filter: 462
Unique genes in embed: 341
Holdout performance for /home/exouser/gene-embedding-benchmarks/data/embeddings/intersect/BulkFM-MASK-CONT-75 with best C=0.1:
Holdout AUC: 0.4612
Holdout AUPRC: 0.1274
Holdout PR@10: 0.1000
Holdout Duration: 0.02s
DOID:1934,Unique genes before filter: 396
Unique genes in embed: 279
Holdout performance for /home/exouser/gene-embedding-benchmarks/data/embeddings/intersect/BulkFM-MASK-CONT-75 with best C=1.0:
Holdout AUC: 0.5911
Holdout AUPRC: 0.1421
Holdout PR@10: 0.1000
Holdout Duration: 0.01s
DOID:0080006,Unique genes before filter: 1496
Unique genes in embed: 1033
Holdout performance for /home/exouser/gene-embedding-benchmarks/data/embeddings/intersect/BulkFM-MASK-CONT-75 with best C=0.1:
Holdout AUC: 0.6195
Holdout AUPRC: 0.1304
Holdout PR@10: 0.1000
Holdout Duration: 0.13s
DOID:2256,Unique genes before filter: 880
Unique genes in embed: 619
Holdout performance for /home/exouser/gene-embedding-benchmarks/data/embeddings/intersect/BulkFM-MASK-CONT-75 with best C=0.1:
Holdout AUC: 0.3559
Holdout AUPRC: 0.0870
Holdout PR@10: 0.1000
Holdout Duration: 0.05s
DOID:0080012,Unique genes before filter: 545
Unique genes in embed: 384
Holdout performance for /home/exouser/gene-embedding-benchmarks/data/embeddings/intersect/BulkFM-MASK-CONT-75 with best C=0.1:
Holdout AUC: 0.6338
Holdout AUPRC: 0.4319
Holdout PR@10: 0.5000
Holdout Duration: 0.02s
DOID:231,Unique genes before filter: 506
Unique genes in embed: 360
Holdout performance for /home/exouser/gene-embedding-benchmarks/data/embeddings/intersect/BulkFM-MASK-CONT-75 with best C=0.1:
Holdout AUC: 0.4823
Holdout AUPRC: 0.1105
Holdout PR@10: 0.1000
Holdout Duration: 0.02s
DOID:1289,Unique genes before filter: 1958
Unique genes in embed: 1328
Holdout performance for /home/exouser/gene-embedding-benchmarks/data/embeddings/intersect/BulkFM-MASK-CONT-75 with best C=0.1:
Holdout AUC: 0.6244
Holdout AUPRC: 0.1558
Holdout PR@10: 0.1000
Holdout Duration: 0.18s
DOID:440,Unique genes before filter: 748
Unique genes in embed: 526
Holdout performance for /home/exouser/gene-embedding-benchmarks/data/embeddings/intersect/BulkFM-MASK-CONT-75 with best C=10.0:
Holdout AUC: 0.5006
Holdout AUPRC: 0.0967
Holdout PR@10: 0.1000
Holdout Duration: 0.03s
DOID:0050539,Unique genes before filter: 286
Unique genes in embed: 211
Holdout performance for /home/exouser/gene-embedding-benchmarks/data/embeddings/intersect/BulkFM-MASK-CONT-75 with best C=0.1:
Holdout AUC: 0.5938
Holdout AUPRC: 0.1090
Holdout PR@10: 0.0000
Holdout Duration: 0.01s
DOID:10595,Unique genes before filter: 539
Unique genes in embed: 382
Holdout performance for /home/exouser/gene-embedding-benchmarks/data/embeddings/intersect/BulkFM-MASK-CONT-75 with best C=0.1:
Holdout AUC: 0.4403
Holdout AUPRC: 0.0831
Holdout PR@10: 0.0000
Holdout Duration: 0.02s
DOID:870,Unique genes before filter: 1111
Unique genes in embed: 781
Holdout performance for /home/exouser/gene-embedding-benchmarks/data/embeddings/intersect/BulkFM-MASK-CONT-75 with best C=1.0:
Holdout AUC: 0.4362
Holdout AUPRC: 0.0798
Holdout PR@10: 0.0000
Holdout Duration: 0.06s
DOID:2355,Unique genes before filter: 737
Unique genes in embed: 510
Holdout performance for /home/exouser/gene-embedding-benchmarks/data/embeddings/intersect/BulkFM-MASK-CONT-75 with best C=0.1:
Holdout AUC: 0.6800
Holdout AUPRC: 0.1682
Holdout PR@10: 0.2000
Holdout Duration: 0.03s
DOID:12449,Unique genes before filter: 462
Unique genes in embed: 330
Holdout performance for /home/exouser/gene-embedding-benchmarks/data/embeddings/intersect/BulkFM-MASK-CONT-75 with best C=0.1:
Holdout AUC: 0.6720
Holdout AUPRC: 0.2340
Holdout PR@10: 0.2000
Holdout Duration: 0.02s
DOID:423,Unique genes before filter: 1188
Unique genes in embed: 815
Holdout performance for /home/exouser/gene-embedding-benchmarks/data/embeddings/intersect/BulkFM-MASK-CONT-75 with best C=10.0:
Holdout AUC: 0.6533
Holdout AUPRC: 0.2009
Holdout PR@10: 0.2000
Holdout Duration: 0.07s
DOID:0080000,Unique genes before filter: 1375
Unique genes in embed: 962
Holdout performance for /home/exouser/gene-embedding-benchmarks/data/embeddings/intersect/BulkFM-MASK-CONT-75 with best C=1.0:
Holdout AUC: 0.4654
Holdout AUPRC: 0.1128
Holdout PR@10: 0.2000
Holdout Duration: 0.08s
DOID:9884,Unique genes before filter: 561
Unique genes in embed: 394
Holdout performance for /home/exouser/gene-embedding-benchmarks/data/embeddings/intersect/BulkFM-MASK-CONT-75 with best C=0.1:
Holdout AUC: 0.4942
Holdout AUPRC: 0.1327
Holdout PR@10: 0.2000
Holdout Duration: 0.02s
DOID:66,Unique genes before filter: 1287
Unique genes in embed: 888
Holdout performance for /home/exouser/gene-embedding-benchmarks/data/embeddings/intersect/BulkFM-MASK-CONT-75 with best C=10.0:
Holdout AUC: 0.4244
Holdout AUPRC: 0.0921
Holdout PR@10: 0.1000
Holdout Duration: 0.07s
DOID:2786,Unique genes before filter: 726
Unique genes in embed: 514
Holdout performance for /home/exouser/gene-embedding-benchmarks/data/embeddings/intersect/BulkFM-MASK-CONT-75 with best C=10.0:
Holdout AUC: 0.5617
Holdout AUPRC: 0.1167
Holdout PR@10: 0.1000
Holdout Duration: 0.02s
DOID:9799,Unique genes before filter: 1056
Unique genes in embed: 720
Holdout performance for /home/exouser/gene-embedding-benchmarks/data/embeddings/intersect/BulkFM-MASK-CONT-75 with best C=0.1:
Holdout AUC: 0.5098
Holdout AUPRC: 0.1211
Holdout PR@10: 0.2000
Holdout Duration: 0.12s
DOID:4448,Unique genes before filter: 286
Unique genes in embed: 195
Holdout performance for /home/exouser/gene-embedding-benchmarks/data/embeddings/intersect/BulkFM-MASK-CONT-75 with best C=10.0:
Holdout AUC: 0.5375
Holdout AUPRC: 0.1465
Holdout PR@10: 0.1000
Holdout Duration: 0.01s
DOID:8466,Unique genes before filter: 1045
Unique genes in embed: 735
Holdout performance for /home/exouser/gene-embedding-benchmarks/data/embeddings/intersect/BulkFM-MASK-CONT-75 with best C=0.1:
Holdout AUC: 0.5421
Holdout AUPRC: 0.0981
Holdout PR@10: 0.0000
Holdout Duration: 0.12s
DOID:5614,Unique genes before filter: 2508
Unique genes in embed: 1695
Holdout performance for /home/exouser/gene-embedding-benchmarks/data/embeddings/intersect/BulkFM-MASK-CONT-75 with best C=0.1:
Holdout AUC: 0.5757
Holdout AUPRC: 0.1408
Holdout PR@10: 0.2000
Holdout Duration: 0.34s
DOID:5679,Unique genes before filter: 1353
Unique genes in embed: 949
Holdout performance for /home/exouser/gene-embedding-benchmarks/data/embeddings/intersect/BulkFM-MASK-CONT-75 with best C=0.1:
Holdout AUC: 0.4643
Holdout AUPRC: 0.0999
Holdout PR@10: 0.1000
Holdout Duration: 0.10s
DOID:1091,Unique genes before filter: 242
Unique genes in embed: 155
Holdout performance for /home/exouser/gene-embedding-benchmarks/data/embeddings/intersect/BulkFM-MASK-CONT-75 with best C=0.1:
Holdout AUC: 0.6375
Holdout AUPRC: 0.1433
Holdout PR@10: 0.1000
Holdout Duration: 0.01s
DOID:403,Unique genes before filter: 264
Unique genes in embed: 177
Holdout performance for /home/exouser/gene-embedding-benchmarks/data/embeddings/intersect/BulkFM-MASK-CONT-75 with best C=0.1:
Holdout AUC: 0.6607
Holdout AUPRC: 0.2401
Holdout PR@10: 0.2000
Holdout Duration: 0.01s
DOID:0060564,Unique genes before filter: 352
Unique genes in embed: 243
Holdout performance for /home/exouser/gene-embedding-benchmarks/data/embeddings/intersect/BulkFM-MASK-CONT-75 with best C=0.1:
Holdout AUC: 0.3929
Holdout AUPRC: 0.0957
Holdout PR@10: 0.1000
Holdout Duration: 0.01s
DOID:0050828,Unique genes before filter: 319
Unique genes in embed: 220
Holdout performance for /home/exouser/gene-embedding-benchmarks/data/embeddings/intersect/BulkFM-MASK-CONT-75 with best C=0.1:
Holdout AUC: 0.4427
Holdout AUPRC: 0.0887
Holdout PR@10: 0.1000
Holdout Duration: 0.01s
DOID:178,Unique genes before filter: 539
Unique genes in embed: 368
Holdout performance for /home/exouser/gene-embedding-benchmarks/data/embeddings/intersect/BulkFM-MASK-CONT-75 with best C=10.0:
Holdout AUC: 0.4921
Holdout AUPRC: 0.1598
Holdout PR@10: 0.1000
Holdout Duration: 0.02s
DOID:0060037,Unique genes before filter: 1980
Unique genes in embed: 1354
Holdout performance for /home/exouser/gene-embedding-benchmarks/data/embeddings/intersect/BulkFM-MASK-CONT-75 with best C=0.1:
Holdout AUC: 0.6016
Holdout AUPRC: 0.1290
Holdout PR@10: 0.0000
Holdout Duration: 0.21s
DOID:0060309,Unique genes before filter: 396
Unique genes in embed: 283
Holdout performance for /home/exouser/gene-embedding-benchmarks/data/embeddings/intersect/BulkFM-MASK-CONT-75 with best C=0.1:
Holdout AUC: 0.6237
Holdout AUPRC: 0.1667
Holdout PR@10: 0.2000
Holdout Duration: 0.01s
DOID:1059,Unique genes before filter: 1914
Unique genes in embed: 1296
Holdout performance for /home/exouser/gene-embedding-benchmarks/data/embeddings/intersect/BulkFM-MASK-CONT-75 with best C=0.1:
Holdout AUC: 0.5734
Holdout AUPRC: 0.1472
Holdout PR@10: 0.2000
Holdout Duration: 0.19s
DOID:0060038,Unique genes before filter: 1980
Unique genes in embed: 1349
Holdout performance for /home/exouser/gene-embedding-benchmarks/data/embeddings/intersect/BulkFM-MASK-CONT-75 with best C=10.0:
Holdout AUC: 0.5081
Holdout AUPRC: 0.0911
Holdout PR@10: 0.1000
Holdout Duration: 0.17s
DOID:0050888,Unique genes before filter: 462
Unique genes in embed: 331
Holdout performance for /home/exouser/gene-embedding-benchmarks/data/embeddings/intersect/BulkFM-MASK-CONT-75 with best C=0.1:
Holdout AUC: 0.5640
Holdout AUPRC: 0.1945
Holdout PR@10: 0.2000
Holdout Duration: 0.02s
DOID:10273,Unique genes before filter: 253
Unique genes in embed: 178
Holdout performance for /home/exouser/gene-embedding-benchmarks/data/embeddings/intersect/BulkFM-MASK-CONT-75 with best C=10.0:
Holdout AUC: 0.3424
Holdout AUPRC: 0.0724
Holdout PR@10: 0.0000
Holdout Duration: 0.01s
DOID:0050753,Unique genes before filter: 726
Unique genes in embed: 506
Holdout performance for /home/exouser/gene-embedding-benchmarks/data/embeddings/intersect/BulkFM-MASK-CONT-75 with best C=10.0:
Holdout AUC: 0.7173
Holdout AUPRC: 0.2142
Holdout PR@10: 0.1000
Holdout Duration: 0.03s
DOID:0050951,Unique genes before filter: 825
Unique genes in embed: 586
Holdout performance for /home/exouser/gene-embedding-benchmarks/data/embeddings/intersect/BulkFM-MASK-CONT-75 with best C=0.1:
Holdout AUC: 0.4863
Holdout AUPRC: 0.0920
Holdout PR@10: 0.0000
Holdout Duration: 0.04s
DOID:0050950,Unique genes before filter: 363
Unique genes in embed: 263
Holdout performance for /home/exouser/gene-embedding-benchmarks/data/embeddings/intersect/BulkFM-MASK-CONT-75 with best C=0.1:
Holdout AUC: 0.6845
Holdout AUPRC: 0.2147
Holdout PR@10: 0.2000
Holdout Duration: 0.01s
DOID:2277,Unique genes before filter: 737
Unique genes in embed: 516
Holdout performance for /home/exouser/gene-embedding-benchmarks/data/embeddings/intersect/BulkFM-MASK-CONT-75 with best C=1.0:
Holdout AUC: 0.5116
Holdout AUPRC: 0.0904
Holdout PR@10: 0.0000
Holdout Duration: 0.03s
DOID:1923,Unique genes before filter: 242
Unique genes in embed: 179
Holdout performance for /home/exouser/gene-embedding-benchmarks/data/embeddings/intersect/BulkFM-MASK-CONT-75 with best C=0.1:
Holdout AUC: 0.5682
Holdout AUPRC: 0.1167
Holdout PR@10: 0.0000
Holdout Duration: 0.01s
DOID:1441,Unique genes before filter: 396
Unique genes in embed: 281
Holdout performance for /home/exouser/gene-embedding-benchmarks/data/embeddings/intersect/BulkFM-MASK-CONT-75 with best C=10.0:
Holdout AUC: 0.5833
Holdout AUPRC: 0.2097
Holdout PR@10: 0.2000
Holdout Duration: 0.01s
DOID:607,Unique genes before filter: 638
Unique genes in embed: 434
Holdout performance for /home/exouser/gene-embedding-benchmarks/data/embeddings/intersect/BulkFM-MASK-CONT-75 with best C=0.1:
Holdout AUC: 0.3430
Holdout AUPRC: 0.0770
Holdout PR@10: 0.1000
Holdout Duration: 0.03s
DOID:2476,Unique genes before filter: 638
Unique genes in embed: 453
Holdout performance for /home/exouser/gene-embedding-benchmarks/data/embeddings/intersect/BulkFM-MASK-CONT-75 with best C=0.1:
Holdout AUC: 0.5451
Holdout AUPRC: 0.0964
Holdout PR@10: 0.0000
Holdout Duration: 0.03s
DOID:0080578,Unique genes before filter: 385
Unique genes in embed: 263
Holdout performance for /home/exouser/gene-embedding-benchmarks/data/embeddings/intersect/BulkFM-MASK-CONT-75 with best C=1.0:
Holdout AUC: 0.4167
Holdout AUPRC: 0.1519
Holdout PR@10: 0.1000
Holdout Duration: 0.01s
DOID:627,Unique genes before filter: 209
Unique genes in embed: 145
Holdout performance for /home/exouser/gene-embedding-benchmarks/data/embeddings/intersect/BulkFM-MASK-CONT-75 with best C=10.0:
Holdout AUC: 0.5625
Holdout AUPRC: 0.1384
Holdout PR@10: 0.1000
Holdout Duration: 0.01s
DOID:0111962,Unique genes before filter: 484
Unique genes in embed: 337
Holdout performance for /home/exouser/gene-embedding-benchmarks/data/embeddings/intersect/BulkFM-MASK-CONT-75 with best C=10.0:
Holdout AUC: 0.5141
Holdout AUPRC: 0.1117
Holdout PR@10: 0.1000
Holdout Duration: 0.02s
DOID:2115,Unique genes before filter: 308
Unique genes in embed: 216
Holdout performance for /home/exouser/gene-embedding-benchmarks/data/embeddings/intersect/BulkFM-MASK-CONT-75 with best C=0.1:
Holdout AUC: 0.6640
Holdout AUPRC: 0.1738
Holdout PR@10: 0.2000
Holdout Duration: 0.01s
DOID:2583,Unique genes before filter: 220
Unique genes in embed: 161
Holdout performance for /home/exouser/gene-embedding-benchmarks/data/embeddings/intersect/BulkFM-MASK-CONT-75 with best C=0.1:
Holdout AUC: 0.2625
Holdout AUPRC: 0.0760
Holdout PR@10: 0.0000
Holdout Duration: 0.01s
DOID:0081337,Unique genes before filter: 330
Unique genes in embed: 234
Holdout performance for /home/exouser/gene-embedding-benchmarks/data/embeddings/intersect/BulkFM-MASK-CONT-75 with best C=0.1:
Holdout AUC: 0.5923
Holdout AUPRC: 0.1382
Holdout PR@10: 0.1000
Holdout Duration: 0.01s
DOID:1247,Unique genes before filter: 462
Unique genes in embed: 347
Holdout performance for /home/exouser/gene-embedding-benchmarks/data/embeddings/intersect/BulkFM-MASK-CONT-75 with best C=1.0:
Holdout AUC: 0.6053
Holdout AUPRC: 0.1291
Holdout PR@10: 0.1000
Holdout Duration: 0.02s
DOID:0060340,Unique genes before filter: 469
Unique genes in embed: 319
Holdout performance for /home/exouser/gene-embedding-benchmarks/data/embeddings/intersect/BulkFM-MASK-CONT-75 with best C=1.0:
Holdout AUC: 0.4905
Holdout AUPRC: 0.1232
Holdout PR@10: 0.1000
Holdout Duration: 0.01s
DOID:0050777,Unique genes before filter: 275
Unique genes in embed: 204
Holdout performance for /home/exouser/gene-embedding-benchmarks/data/embeddings/intersect/BulkFM-MASK-CONT-75 with best C=0.1:
Holdout AUC: 0.7750
Holdout AUPRC: 0.3104
Holdout PR@10: 0.3000
Holdout Duration: 0.01s
DOID:1826,Unique genes before filter: 1408
Unique genes in embed: 971
Holdout performance for /home/exouser/gene-embedding-benchmarks/data/embeddings/intersect/BulkFM-MASK-CONT-75 with best C=1.0:
Holdout AUC: 0.5895
Holdout AUPRC: 0.1217
Holdout PR@10: 0.0000
Holdout Duration: 0.09s
DOID:0050563,Unique genes before filter: 1144
Unique genes in embed: 800
Holdout performance for /home/exouser/gene-embedding-benchmarks/data/embeddings/intersect/BulkFM-MASK-CONT-75 with best C=1.0:
Holdout AUC: 0.5983
Holdout AUPRC: 0.1140
Holdout PR@10: 0.1000
Holdout Duration: 0.06s
DOID:0050564,Unique genes before filter: 450
Unique genes in embed: 322
Holdout performance for /home/exouser/gene-embedding-benchmarks/data/embeddings/intersect/BulkFM-MASK-CONT-75 with best C=0.1:
Holdout AUC: 0.5194
Holdout AUPRC: 0.1342
Holdout PR@10: 0.2000
Holdout Duration: 0.02s
DOID:2742,Unique genes before filter: 1144
Unique genes in embed: 811
Holdout performance for /home/exouser/gene-embedding-benchmarks/data/embeddings/intersect/BulkFM-MASK-CONT-75 with best C=1.0:
Holdout AUC: 0.5679
Holdout AUPRC: 0.1047
Holdout PR@10: 0.1000
Holdout Duration: 0.05s
DOID:10579,Unique genes before filter: 407
Unique genes in embed: 290
Holdout performance for /home/exouser/gene-embedding-benchmarks/data/embeddings/intersect/BulkFM-MASK-CONT-75 with best C=10.0:
Holdout AUC: 0.4926
Holdout AUPRC: 0.1319
Holdout PR@10: 0.1000
Holdout Duration: 0.01s
DOID:1443,Unique genes before filter: 451
Unique genes in embed: 313
Holdout performance for /home/exouser/gene-embedding-benchmarks/data/embeddings/intersect/BulkFM-MASK-CONT-75 with best C=10.0:
Holdout AUC: 0.5193
Holdout AUPRC: 0.1240
Holdout PR@10: 0.1000
Holdout Duration: 0.01s
DOID:0112202,Unique genes before filter: 1012
Unique genes in embed: 715
Holdout performance for /home/exouser/gene-embedding-benchmarks/data/embeddings/intersect/BulkFM-MASK-CONT-75 with best C=0.1:
Holdout AUC: 0.5201
Holdout AUPRC: 0.1162
Holdout PR@10: 0.2000
Holdout Duration: 0.06s
DOID:0050701,Unique genes before filter: 1232
Unique genes in embed: 868
Holdout performance for /home/exouser/gene-embedding-benchmarks/data/embeddings/intersect/BulkFM-MASK-CONT-75 with best C=0.1:
Holdout AUC: 0.5120
Holdout AUPRC: 0.1120
Holdout PR@10: 0.1000
Holdout Duration: 0.09s
DOID:0060307,Unique genes before filter: 478
Unique genes in embed: 329
Holdout performance for /home/exouser/gene-embedding-benchmarks/data/embeddings/intersect/BulkFM-MASK-CONT-75 with best C=0.1:
Holdout AUC: 0.3955
Holdout AUPRC: 0.1310
Holdout PR@10: 0.2000
Holdout Duration: 0.02s
DOID:0111910,Unique genes before filter: 671
Unique genes in embed: 459
Holdout performance for /home/exouser/gene-embedding-benchmarks/data/embeddings/intersect/BulkFM-MASK-CONT-75 with best C=0.1:
Holdout AUC: 0.5226
Holdout AUPRC: 0.1090
Holdout PR@10: 0.0000
Holdout Duration: 0.03s
DOID:48,Unique genes before filter: 847
Unique genes in embed: 580
Holdout performance for /home/exouser/gene-embedding-benchmarks/data/embeddings/intersect/BulkFM-MASK-CONT-75 with best C=0.1:
Holdout AUC: 0.6423
Holdout AUPRC: 0.1763
Holdout PR@10: 0.1000
Holdout Duration: 0.04s
DOID:12336,Unique genes before filter: 682
Unique genes in embed: 470
Holdout performance for /home/exouser/gene-embedding-benchmarks/data/embeddings/intersect/BulkFM-MASK-CONT-75 with best C=0.1:
Holdout AUC: 0.6734
Holdout AUPRC: 0.1844
Holdout PR@10: 0.2000
Holdout Duration: 0.03s
DOID:5212,Unique genes before filter: 418
Unique genes in embed: 293
Holdout performance for /home/exouser/gene-embedding-benchmarks/data/embeddings/intersect/BulkFM-MASK-CONT-75 with best C=1.0:
Holdout AUC: 0.6690
Holdout AUPRC: 0.1778
Holdout PR@10: 0.2000
Holdout Duration: 0.01s
DOID:110,Unique genes before filter: 363
Unique genes in embed: 270
Holdout performance for /home/exouser/gene-embedding-benchmarks/data/embeddings/intersect/BulkFM-MASK-CONT-75 with best C=0.1:
Holdout AUC: 0.3984
Holdout AUPRC: 0.1071
Holdout PR@10: 0.1000
Holdout Duration: 0.01s
DOID:83,Unique genes before filter: 341
Unique genes in embed: 252
Holdout performance for /home/exouser/gene-embedding-benchmarks/data/embeddings/intersect/BulkFM-MASK-CONT-75 with best C=0.1:
Holdout AUC: 0.5269
Holdout AUPRC: 0.1051
Holdout PR@10: 0.0000
Holdout Duration: 0.01s
DOID:0060308,Unique genes before filter: 475
Unique genes in embed: 326
Holdout performance for /home/exouser/gene-embedding-benchmarks/data/embeddings/intersect/BulkFM-MASK-CONT-75 with best C=10.0:
Holdout AUC: 0.2089
Holdout AUPRC: 0.0747
Holdout PR@10: 0.1000
Holdout Duration: 0.02s
DOID:0050776,Unique genes before filter: 220
Unique genes in embed: 167
Holdout performance for /home/exouser/gene-embedding-benchmarks/data/embeddings/intersect/BulkFM-MASK-CONT-75 with best C=10.0:
Holdout AUC: 0.6750
Holdout AUPRC: 0.1801
Holdout PR@10: 0.1000
Holdout Duration: 0.01s
DOID:0050889,Unique genes before filter: 220
Unique genes in embed: 158
Holdout performance for /home/exouser/gene-embedding-benchmarks/data/embeddings/intersect/BulkFM-MASK-CONT-75 with best C=10.0:
Holdout AUC: 0.8938
Holdout AUPRC: 0.6464
Holdout PR@10: 0.3000
Holdout Duration: 0.01s
DOID:0050565,Unique genes before filter: 464
Unique genes in embed: 324
Holdout performance for /home/exouser/gene-embedding-benchmarks/data/embeddings/intersect/BulkFM-MASK-CONT-75 with best C=0.1:
Holdout AUC: 0.4116
Holdout AUPRC: 0.1101
Holdout PR@10: 0.1000
Holdout Duration: 0.02s
DOID:9562,Unique genes before filter: 418
Unique genes in embed: 290
Holdout performance for /home/exouser/gene-embedding-benchmarks/data/embeddings/intersect/BulkFM-MASK-CONT-75 with best C=1.0:
Holdout AUC: 0.3720
Holdout AUPRC: 0.0834
Holdout PR@10: 0.0000
Holdout Duration: 0.01s
DOID:10584,Unique genes before filter: 671
Unique genes in embed: 473
Holdout performance for /home/exouser/gene-embedding-benchmarks/data/embeddings/intersect/BulkFM-MASK-CONT-75 with best C=0.1:
Holdout AUC: 0.4577
Holdout AUPRC: 0.0958
Holdout PR@10: 0.1000
Holdout Duration: 0.03s
DOID:5295,Unique genes before filter: 462
Unique genes in embed: 314
Holdout performance for /home/exouser/gene-embedding-benchmarks/data/embeddings/intersect/BulkFM-MASK-CONT-75 with best C=0.1:
Holdout AUC: 0.5655
Holdout AUPRC: 0.1179
Holdout PR@10: 0.0000
Holdout Duration: 0.02s
DOID:3119,Unique genes before filter: 451
Unique genes in embed: 328
Holdout performance for /home/exouser/gene-embedding-benchmarks/data/embeddings/intersect/BulkFM-MASK-CONT-75 with best C=0.1:
Holdout AUC: 0.5564
Holdout AUPRC: 0.1587
Holdout PR@10: 0.2000
Holdout Duration: 0.02s
DOID:229,Unique genes before filter: 308
Unique genes in embed: 215
Holdout performance for /home/exouser/gene-embedding-benchmarks/data/embeddings/intersect/BulkFM-MASK-CONT-75 with best C=10.0:
Holdout AUC: 0.3400
Holdout AUPRC: 0.0789
Holdout PR@10: 0.0000
Holdout Duration: 0.01s
DOID:1100,Unique genes before filter: 253
Unique genes in embed: 180
Holdout performance for /home/exouser/gene-embedding-benchmarks/data/embeddings/intersect/BulkFM-MASK-CONT-75 with best C=10.0:
Holdout AUC: 0.5938
Holdout AUPRC: 0.1548
Holdout PR@10: 0.2000
Holdout Duration: 0.01s
DOID:12930,Unique genes before filter: 385
Unique genes in embed: 261
Holdout performance for /home/exouser/gene-embedding-benchmarks/data/embeddings/intersect/BulkFM-MASK-CONT-75 with best C=10.0:
Holdout AUC: 0.9000
Holdout AUPRC: 0.4050
Holdout PR@10: 0.4000
Holdout Duration: 0.01s
DOID:1342,Unique genes before filter: 363
Unique genes in embed: 256
Holdout performance for /home/exouser/gene-embedding-benchmarks/data/embeddings/intersect/BulkFM-MASK-CONT-75 with best C=0.1:
Holdout AUC: 0.6333
Holdout AUPRC: 0.1297
Holdout PR@10: 0.0000
Holdout Duration: 0.01s
DOID:9256,Unique genes before filter: 253
Unique genes in embed: 184
Holdout performance for /home/exouser/gene-embedding-benchmarks/data/embeddings/intersect/BulkFM-MASK-CONT-75 with best C=0.1:
Holdout AUC: 0.5298
Holdout AUPRC: 0.2022
Holdout PR@10: 0.1000
Holdout Duration: 0.01s
DOID:10155,Unique genes before filter: 253
Unique genes in embed: 176
Holdout performance for /home/exouser/gene-embedding-benchmarks/data/embeddings/intersect/BulkFM-MASK-CONT-75 with best C=0.1:
Holdout AUC: 0.4762
Holdout AUPRC: 0.0971
Holdout PR@10: 0.0000
Holdout Duration: 0.01s
DOID:5672,Unique genes before filter: 253
Unique genes in embed: 179
Holdout performance for /home/exouser/gene-embedding-benchmarks/data/embeddings/intersect/BulkFM-MASK-CONT-75 with best C=10.0:
Holdout AUC: 0.4226
Holdout AUPRC: 0.0944
Holdout PR@10: 0.1000
Holdout Duration: 0.01s
Saved fold results to /home/exouser/gene-embedding-benchmarks/results/tsvs/BulkFM-MASK-CONT-75_fold_results.pkl
Saved holdout results to /home/exouser/gene-embedding-benchmarks/results/tsvs/BulkFM-MASK-CONT-75_holdout_results.pkl
