GO:0006325,Unique genes before filter: 2263
Unique genes in embed: 1445
Holdout performance for /home/exouser/gene-embedding-benchmarks/data/embeddings/intersect/BulkFM-MASK-CONT-75 with best C=0.1:
Holdout AUC: 0.5892
Holdout AUPRC: 0.3249
Holdout PR@10: 0.5000
Holdout Duration: 0.29s
GO:0006402,Unique genes before filter: 1030
Unique genes in embed: 689
Holdout performance for /home/exouser/gene-embedding-benchmarks/data/embeddings/intersect/BulkFM-MASK-CONT-75 with best C=0.1:
Holdout AUC: 0.6161
Holdout AUPRC: 0.1576
Holdout PR@10: 0.2000
Holdout Duration: 0.06s
GO:0000381,Unique genes before filter: 493
Unique genes in embed: 344
Holdout performance for /home/exouser/gene-embedding-benchmarks/data/embeddings/intersect/BulkFM-MASK-CONT-75 with best C=1.0:
Holdout AUC: 0.5515
Holdout AUPRC: 0.2546
Holdout PR@10: 0.2000
Holdout Duration: 0.02s
GO:0045089,Unique genes before filter: 1727
Unique genes in embed: 1109
Holdout performance for /home/exouser/gene-embedding-benchmarks/data/embeddings/intersect/BulkFM-MASK-CONT-75 with best C=100.0:
Holdout AUC: 0.5496
Holdout AUPRC: 0.1932
Holdout PR@10: 0.4000
Holdout Duration: 0.14s
GO:0043488,Unique genes before filter: 1417
Unique genes in embed: 969
Holdout performance for /home/exouser/gene-embedding-benchmarks/data/embeddings/intersect/BulkFM-MASK-CONT-75 with best C=0.1:
Holdout AUC: 0.5074
Holdout AUPRC: 0.0848
Holdout PR@10: 0.0000
Holdout Duration: 0.11s
GO:0045787,Unique genes before filter: 1769
Unique genes in embed: 1168
Holdout performance for /home/exouser/gene-embedding-benchmarks/data/embeddings/intersect/BulkFM-MASK-CONT-75 with best C=0.1:
Holdout AUC: 0.5403
Holdout AUPRC: 0.1394
Holdout PR@10: 0.1000
Holdout Duration: 0.19s
GO:0050890,Unique genes before filter: 1761
Unique genes in embed: 1254
Holdout performance for /home/exouser/gene-embedding-benchmarks/data/embeddings/intersect/BulkFM-MASK-CONT-75 with best C=100.0:
Holdout AUC: 0.5157
Holdout AUPRC: 0.1227
Holdout PR@10: 0.1000
Holdout Duration: 0.18s
GO:0007399,Unique genes before filter: 2700
Unique genes in embed: 1802
Holdout performance for /home/exouser/gene-embedding-benchmarks/data/embeddings/intersect/BulkFM-MASK-CONT-75 with best C=1.0:
Holdout AUC: 0.5427
Holdout AUPRC: 0.5143
Holdout PR@10: 0.5000
Holdout Duration: 0.41s
GO:0060828,Unique genes before filter: 1704
Unique genes in embed: 1089
Holdout performance for /home/exouser/gene-embedding-benchmarks/data/embeddings/intersect/BulkFM-MASK-CONT-75 with best C=0.1:
Holdout AUC: 0.5496
Holdout AUPRC: 0.1593
Holdout PR@10: 0.2000
Holdout Duration: 0.15s
GO:0006493,Unique genes before filter: 863
Unique genes in embed: 573
Holdout performance for /home/exouser/gene-embedding-benchmarks/data/embeddings/intersect/BulkFM-MASK-CONT-75 with best C=0.1:
Holdout AUC: 0.4962
Holdout AUPRC: 0.1228
Holdout PR@10: 0.2000
Holdout Duration: 0.04s
GO:0007605,Unique genes before filter: 1444
Unique genes in embed: 968
Holdout performance for /home/exouser/gene-embedding-benchmarks/data/embeddings/intersect/BulkFM-MASK-CONT-75 with best C=0.1:
Holdout AUC: 0.6377
Holdout AUPRC: 0.1131
Holdout PR@10: 0.1000
Holdout Duration: 0.11s
GO:0016236,Unique genes before filter: 1668
Unique genes in embed: 1071
Holdout performance for /home/exouser/gene-embedding-benchmarks/data/embeddings/intersect/BulkFM-MASK-CONT-75 with best C=1.0:
Holdout AUC: 0.6189
Holdout AUPRC: 0.2039
Holdout PR@10: 0.3000
Holdout Duration: 0.11s
GO:0010506,Unique genes before filter: 1764
Unique genes in embed: 1157
Holdout performance for /home/exouser/gene-embedding-benchmarks/data/embeddings/intersect/BulkFM-MASK-CONT-75 with best C=0.1:
Holdout AUC: 0.5897
Holdout AUPRC: 0.1635
Holdout PR@10: 0.2000
Holdout Duration: 0.17s
GO:0042476,Unique genes before filter: 1039
Unique genes in embed: 696
Holdout performance for /home/exouser/gene-embedding-benchmarks/data/embeddings/intersect/BulkFM-MASK-CONT-75 with best C=0.1:
Holdout AUC: 0.6200
Holdout AUPRC: 0.2221
Holdout PR@10: 0.3000
Holdout Duration: 0.06s
GO:0050679,Unique genes before filter: 1657
Unique genes in embed: 1143
Holdout performance for /home/exouser/gene-embedding-benchmarks/data/embeddings/intersect/BulkFM-MASK-CONT-75 with best C=0.1:
Holdout AUC: 0.5726
Holdout AUPRC: 0.1159
Holdout PR@10: 0.1000
Holdout Duration: 0.15s
GO:0006631,Unique genes before filter: 1752
Unique genes in embed: 1204
Holdout performance for /home/exouser/gene-embedding-benchmarks/data/embeddings/intersect/BulkFM-MASK-CONT-75 with best C=100.0:
Holdout AUC: 0.5384
Holdout AUPRC: 0.1364
Holdout PR@10: 0.1000
Holdout Duration: 0.18s
GO:0007283,Unique genes before filter: 1984
Unique genes in embed: 1243
Holdout performance for /home/exouser/gene-embedding-benchmarks/data/embeddings/intersect/BulkFM-MASK-CONT-75 with best C=0.1:
Holdout AUC: 0.5117
Holdout AUPRC: 0.2049
Holdout PR@10: 0.2000
Holdout Duration: 0.19s
GO:0001654,Unique genes before filter: 1820
Unique genes in embed: 1200
Holdout performance for /home/exouser/gene-embedding-benchmarks/data/embeddings/intersect/BulkFM-MASK-CONT-75 with best C=0.1:
Holdout AUC: 0.6520
Holdout AUPRC: 0.2378
Holdout PR@10: 0.4000
Holdout Duration: 0.21s
GO:0051310,Unique genes before filter: 696
Unique genes in embed: 464
Holdout performance for /home/exouser/gene-embedding-benchmarks/data/embeddings/intersect/BulkFM-MASK-CONT-75 with best C=10.0:
Holdout AUC: 0.6045
Holdout AUPRC: 0.1723
Holdout PR@10: 0.2000
Holdout Duration: 0.02s
GO:0001578,Unique genes before filter: 1048
Unique genes in embed: 715
Holdout performance for /home/exouser/gene-embedding-benchmarks/data/embeddings/intersect/BulkFM-MASK-CONT-75 with best C=10.0:
Holdout AUC: 0.4458
Holdout AUPRC: 0.1136
Holdout PR@10: 0.2000
Holdout Duration: 0.05s
GO:0007601,Unique genes before filter: 1677
Unique genes in embed: 1161
Holdout performance for /home/exouser/gene-embedding-benchmarks/data/embeddings/intersect/BulkFM-MASK-CONT-75 with best C=0.1:
Holdout AUC: 0.6472
Holdout AUPRC: 0.1450
Holdout PR@10: 0.0000
Holdout Duration: 0.17s
GO:0006400,Unique genes before filter: 784
Unique genes in embed: 551
Holdout performance for /home/exouser/gene-embedding-benchmarks/data/embeddings/intersect/BulkFM-MASK-CONT-75 with best C=1.0:
Holdout AUC: 0.7836
Holdout AUPRC: 0.2029
Holdout PR@10: 0.2000
Holdout Duration: 0.03s
GO:0031297,Unique genes before filter: 414
Unique genes in embed: 269
Holdout performance for /home/exouser/gene-embedding-benchmarks/data/embeddings/intersect/BulkFM-MASK-CONT-75 with best C=10.0:
Holdout AUC: 0.5543
Holdout AUPRC: 0.1437
Holdout PR@10: 0.1000
Holdout Duration: 0.01s
GO:0008584,Unique genes before filter: 1276
Unique genes in embed: 827
Holdout performance for /home/exouser/gene-embedding-benchmarks/data/embeddings/intersect/BulkFM-MASK-CONT-75 with best C=10.0:
Holdout AUC: 0.5554
Holdout AUPRC: 0.1447
Holdout PR@10: 0.2000
Holdout Duration: 0.07s
GO:2000781,Unique genes before filter: 643
Unique genes in embed: 409
Holdout performance for /home/exouser/gene-embedding-benchmarks/data/embeddings/intersect/BulkFM-MASK-CONT-75 with best C=0.1:
Holdout AUC: 0.4762
Holdout AUPRC: 0.0847
Holdout PR@10: 0.0000
Holdout Duration: 0.02s
GO:0045814,Unique genes before filter: 1391
Unique genes in embed: 967
Holdout performance for /home/exouser/gene-embedding-benchmarks/data/embeddings/intersect/BulkFM-MASK-CONT-75 with best C=0.1:
Holdout AUC: 0.5307
Holdout AUPRC: 0.0855
Holdout PR@10: 0.0000
Holdout Duration: 0.10s
GO:0050731,Unique genes before filter: 1030
Unique genes in embed: 707
Holdout performance for /home/exouser/gene-embedding-benchmarks/data/embeddings/intersect/BulkFM-MASK-CONT-75 with best C=0.1:
Holdout AUC: 0.4949
Holdout AUPRC: 0.1054
Holdout PR@10: 0.1000
Holdout Duration: 0.06s
GO:0001666,Unique genes before filter: 1731
Unique genes in embed: 1107
Holdout performance for /home/exouser/gene-embedding-benchmarks/data/embeddings/intersect/BulkFM-MASK-CONT-75 with best C=0.1:
Holdout AUC: 0.5534
Holdout AUPRC: 0.1273
Holdout PR@10: 0.0000
Holdout Duration: 0.16s
GO:0034341,Unique genes before filter: 933
Unique genes in embed: 616
Holdout performance for /home/exouser/gene-embedding-benchmarks/data/embeddings/intersect/BulkFM-MASK-CONT-75 with best C=1.0:
Holdout AUC: 0.6381
Holdout AUPRC: 0.2700
Holdout PR@10: 0.3000
Holdout Duration: 0.04s
GO:0070555,Unique genes before filter: 880
Unique genes in embed: 574
Holdout performance for /home/exouser/gene-embedding-benchmarks/data/embeddings/intersect/BulkFM-MASK-CONT-75 with best C=0.1:
Holdout AUC: 0.5916
Holdout AUPRC: 0.1528
Holdout PR@10: 0.1000
Holdout Duration: 0.04s
GO:0008202,Unique genes before filter: 1702
Unique genes in embed: 1161
Holdout performance for /home/exouser/gene-embedding-benchmarks/data/embeddings/intersect/BulkFM-MASK-CONT-75 with best C=0.1:
Holdout AUC: 0.4930
Holdout AUPRC: 0.1567
Holdout PR@10: 0.2000
Holdout Duration: 0.16s
GO:0046034,Unique genes before filter: 968
Unique genes in embed: 649
Holdout performance for /home/exouser/gene-embedding-benchmarks/data/embeddings/intersect/BulkFM-MASK-CONT-75 with best C=10.0:
Holdout AUC: 0.6364
Holdout AUPRC: 0.1383
Holdout PR@10: 0.2000
Holdout Duration: 0.04s
GO:0031398,Unique genes before filter: 951
Unique genes in embed: 649
Holdout performance for /home/exouser/gene-embedding-benchmarks/data/embeddings/intersect/BulkFM-MASK-CONT-75 with best C=0.1:
Holdout AUC: 0.6432
Holdout AUPRC: 0.1782
Holdout PR@10: 0.1000
Holdout Duration: 0.05s
GO:0006813,Unique genes before filter: 1611
Unique genes in embed: 1120
Holdout performance for /home/exouser/gene-embedding-benchmarks/data/embeddings/intersect/BulkFM-MASK-CONT-75 with best C=1.0:
Holdout AUC: 0.6446
Holdout AUPRC: 0.1805
Holdout PR@10: 0.2000
Holdout Duration: 0.11s
GO:0042593,Unique genes before filter: 1658
Unique genes in embed: 1109
Holdout performance for /home/exouser/gene-embedding-benchmarks/data/embeddings/intersect/BulkFM-MASK-CONT-75 with best C=10.0:
Holdout AUC: 0.4743
Holdout AUPRC: 0.1023
Holdout PR@10: 0.1000
Holdout Duration: 0.14s
GO:0097190,Unique genes before filter: 1753
Unique genes in embed: 1134
Holdout performance for /home/exouser/gene-embedding-benchmarks/data/embeddings/intersect/BulkFM-MASK-CONT-75 with best C=0.1:
Holdout AUC: 0.6551
Holdout AUPRC: 0.2167
Holdout PR@10: 0.2000
Holdout Duration: 0.16s
GO:0097191,Unique genes before filter: 1004
Unique genes in embed: 650
Holdout performance for /home/exouser/gene-embedding-benchmarks/data/embeddings/intersect/BulkFM-MASK-CONT-75 with best C=0.1:
Holdout AUC: 0.6976
Holdout AUPRC: 0.3098
Holdout PR@10: 0.4000
Holdout Duration: 0.05s
GO:0001938,Unique genes before filter: 784
Unique genes in embed: 554
Holdout performance for /home/exouser/gene-embedding-benchmarks/data/embeddings/intersect/BulkFM-MASK-CONT-75 with best C=10.0:
Holdout AUC: 0.4232
Holdout AUPRC: 0.0749
Holdout PR@10: 0.0000
Holdout Duration: 0.03s
GO:1901224,Unique genes before filter: 537
Unique genes in embed: 373
Holdout performance for /home/exouser/gene-embedding-benchmarks/data/embeddings/intersect/BulkFM-MASK-CONT-75 with best C=1.0:
Holdout AUC: 0.6269
Holdout AUPRC: 0.2048
Holdout PR@10: 0.2000
Holdout Duration: 0.02s
GO:0050796,Unique genes before filter: 1514
Unique genes in embed: 1030
Holdout performance for /home/exouser/gene-embedding-benchmarks/data/embeddings/intersect/BulkFM-MASK-CONT-75 with best C=1.0:
Holdout AUC: 0.5687
Holdout AUPRC: 0.1512
Holdout PR@10: 0.3000
Holdout Duration: 0.10s
GO:0001649,Unique genes before filter: 1224
Unique genes in embed: 806
Holdout performance for /home/exouser/gene-embedding-benchmarks/data/embeddings/intersect/BulkFM-MASK-CONT-75 with best C=10.0:
Holdout AUC: 0.5024
Holdout AUPRC: 0.0785
Holdout PR@10: 0.0000
Holdout Duration: 0.06s
GO:0051865,Unique genes before filter: 608
Unique genes in embed: 411
Holdout performance for /home/exouser/gene-embedding-benchmarks/data/embeddings/intersect/BulkFM-MASK-CONT-75 with best C=0.1:
Holdout AUC: 0.4503
Holdout AUPRC: 0.0930
Holdout PR@10: 0.1000
Holdout Duration: 0.02s
GO:0042632,Unique genes before filter: 775
Unique genes in embed: 507
Holdout performance for /home/exouser/gene-embedding-benchmarks/data/embeddings/intersect/BulkFM-MASK-CONT-75 with best C=0.1:
Holdout AUC: 0.5776
Holdout AUPRC: 0.1191
Holdout PR@10: 0.1000
Holdout Duration: 0.03s
GO:0000724,Unique genes before filter: 1021
Unique genes in embed: 648
Holdout performance for /home/exouser/gene-embedding-benchmarks/data/embeddings/intersect/BulkFM-MASK-CONT-75 with best C=1.0:
Holdout AUC: 0.4791
Holdout AUPRC: 0.0953
Holdout PR@10: 0.1000
Holdout Duration: 0.04s
GO:0050680,Unique genes before filter: 1197
Unique genes in embed: 814
Holdout performance for /home/exouser/gene-embedding-benchmarks/data/embeddings/intersect/BulkFM-MASK-CONT-75 with best C=0.1:
Holdout AUC: 0.5516
Holdout AUPRC: 0.2070
Holdout PR@10: 0.3000
Holdout Duration: 0.08s
GO:0061844,Unique genes before filter: 1074
Unique genes in embed: 711
Holdout performance for /home/exouser/gene-embedding-benchmarks/data/embeddings/intersect/BulkFM-MASK-CONT-75 with best C=0.1:
Holdout AUC: 0.6141
Holdout AUPRC: 0.0886
Holdout PR@10: 0.0000
Holdout Duration: 0.06s
GO:0006888,Unique genes before filter: 1039
Unique genes in embed: 693
Holdout performance for /home/exouser/gene-embedding-benchmarks/data/embeddings/intersect/BulkFM-MASK-CONT-75 with best C=0.1:
Holdout AUC: 0.4687
Holdout AUPRC: 0.0974
Holdout PR@10: 0.1000
Holdout Duration: 0.06s
GO:0000086,Unique genes before filter: 414
Unique genes in embed: 284
Holdout performance for /home/exouser/gene-embedding-benchmarks/data/embeddings/intersect/BulkFM-MASK-CONT-75 with best C=0.1:
Holdout AUC: 0.6385
Holdout AUPRC: 0.1499
Holdout PR@10: 0.0000
Holdout Duration: 0.01s
GO:0006693,Unique genes before filter: 344
Unique genes in embed: 226
Holdout performance for /home/exouser/gene-embedding-benchmarks/data/embeddings/intersect/BulkFM-MASK-CONT-75 with best C=0.1:
Holdout AUC: 0.2889
Holdout AUPRC: 0.1042
Holdout PR@10: 0.1000
Holdout Duration: 0.01s
GO:0090303,Unique genes before filter: 537
Unique genes in embed: 341
Holdout performance for /home/exouser/gene-embedding-benchmarks/data/embeddings/intersect/BulkFM-MASK-CONT-75 with best C=0.1:
Holdout AUC: 0.5340
Holdout AUPRC: 0.2551
Holdout PR@10: 0.2000
Holdout Duration: 0.02s
GO:0007189,Unique genes before filter: 1417
Unique genes in embed: 914
Holdout performance for /home/exouser/gene-embedding-benchmarks/data/embeddings/intersect/BulkFM-MASK-CONT-75 with best C=1.0:
Holdout AUC: 0.5511
Holdout AUPRC: 0.1372
Holdout PR@10: 0.1000
Holdout Duration: 0.09s
GO:0001837,Unique genes before filter: 731
Unique genes in embed: 460
Holdout performance for /home/exouser/gene-embedding-benchmarks/data/embeddings/intersect/BulkFM-MASK-CONT-75 with best C=0.1:
Holdout AUC: 0.5170
Holdout AUPRC: 0.2226
Holdout PR@10: 0.2000
Holdout Duration: 0.03s
GO:2001244,Unique genes before filter: 528
Unique genes in embed: 351
Holdout performance for /home/exouser/gene-embedding-benchmarks/data/embeddings/intersect/BulkFM-MASK-CONT-75 with best C=0.1:
Holdout AUC: 0.6037
Holdout AUPRC: 0.1591
Holdout PR@10: 0.2000
Holdout Duration: 0.02s
GO:0006487,Unique genes before filter: 652
Unique genes in embed: 439
Holdout performance for /home/exouser/gene-embedding-benchmarks/data/embeddings/intersect/BulkFM-MASK-CONT-75 with best C=10.0:
Holdout AUC: 0.4158
Holdout AUPRC: 0.0785
Holdout PR@10: 0.1000
Holdout Duration: 0.02s
GO:0006879,Unique genes before filter: 581
Unique genes in embed: 401
Holdout performance for /home/exouser/gene-embedding-benchmarks/data/embeddings/intersect/BulkFM-MASK-CONT-75 with best C=0.1:
Holdout AUC: 0.4544
Holdout AUPRC: 0.0954
Holdout PR@10: 0.0000
Holdout Duration: 0.02s
GO:0035987,Unique genes before filter: 405
Unique genes in embed: 266
Holdout performance for /home/exouser/gene-embedding-benchmarks/data/embeddings/intersect/BulkFM-MASK-CONT-75 with best C=10.0:
Holdout AUC: 0.3758
Holdout AUPRC: 0.0797
Holdout PR@10: 0.1000
Holdout Duration: 0.01s
Saved fold results to /home/exouser/gene-embedding-benchmarks/results/tsvs/BulkFM-MASK-CONT-75_fold_results.pkl
Saved holdout results to /home/exouser/gene-embedding-benchmarks/results/tsvs/BulkFM-MASK-CONT-75_holdout_results.pkl
