DOID:65,Unique genes before filter: 2409
Unique genes in embed: 1604
Holdout performance for /home/exouser/gene-embedding-benchmarks/data/embeddings/intersect/BulkFM-MASK-CONT-31 with best C=1.0:
Holdout AUC: 0.5031
Holdout AUPRC: 0.1253
Holdout PR@10: 0.2000
Holdout Duration: 0.26s
DOID:0050161,Unique genes before filter: 374
Unique genes in embed: 274
Holdout performance for /home/exouser/gene-embedding-benchmarks/data/embeddings/intersect/BulkFM-MASK-CONT-31 with best C=10.0:
Holdout AUC: 0.3828
Holdout AUPRC: 0.0790
Holdout PR@10: 0.0000
Holdout Duration: 0.01s
DOID:417,Unique genes before filter: 440
Unique genes in embed: 315
Holdout performance for /home/exouser/gene-embedding-benchmarks/data/embeddings/intersect/BulkFM-MASK-CONT-31 with best C=0.1:
Holdout AUC: 0.5716
Holdout AUPRC: 0.2235
Holdout PR@10: 0.1000
Holdout Duration: 0.02s
DOID:612,Unique genes before filter: 1672
Unique genes in embed: 1142
Holdout performance for /home/exouser/gene-embedding-benchmarks/data/embeddings/intersect/BulkFM-MASK-CONT-31 with best C=10.0:
Holdout AUC: 0.6699
Holdout AUPRC: 0.1906
Holdout PR@10: 0.3000
Holdout Duration: 0.13s
DOID:0050739,Unique genes before filter: 1943
Unique genes in embed: 1285
Holdout performance for /home/exouser/gene-embedding-benchmarks/data/embeddings/intersect/BulkFM-MASK-CONT-31 with best C=100.0:
Holdout AUC: 0.5648
Holdout AUPRC: 0.8443
Holdout PR@10: 0.8000
Holdout Duration: 0.24s
DOID:0050736,Unique genes before filter: 1321
Unique genes in embed: 912
Holdout performance for /home/exouser/gene-embedding-benchmarks/data/embeddings/intersect/BulkFM-MASK-CONT-31 with best C=100.0:
Holdout AUC: 0.5048
Holdout AUPRC: 0.6464
Holdout PR@10: 0.6000
Holdout Duration: 0.13s
DOID:0050686,Unique genes before filter: 1551
Unique genes in embed: 1069
Holdout performance for /home/exouser/gene-embedding-benchmarks/data/embeddings/intersect/BulkFM-MASK-CONT-31 with best C=0.1:
Holdout AUC: 0.6411
Holdout AUPRC: 0.1240
Holdout PR@10: 0.0000
Holdout Duration: 0.13s
DOID:0050687,Unique genes before filter: 418
Unique genes in embed: 289
Holdout performance for /home/exouser/gene-embedding-benchmarks/data/embeddings/intersect/BulkFM-MASK-CONT-31 with best C=1.0:
Holdout AUC: 0.3379
Holdout AUPRC: 0.0684
Holdout PR@10: 0.0000
Holdout Duration: 0.01s
DOID:557,Unique genes before filter: 946
Unique genes in embed: 661
Holdout performance for /home/exouser/gene-embedding-benchmarks/data/embeddings/intersect/BulkFM-MASK-CONT-31 with best C=1.0:
Holdout AUC: 0.5063
Holdout AUPRC: 0.1142
Holdout PR@10: 0.0000
Holdout Duration: 0.05s
DOID:305,Unique genes before filter: 319
Unique genes in embed: 220
Holdout performance for /home/exouser/gene-embedding-benchmarks/data/embeddings/intersect/BulkFM-MASK-CONT-31 with best C=1.0:
Holdout AUC: 0.4405
Holdout AUPRC: 0.1010
Holdout PR@10: 0.1000
Holdout Duration: 0.01s
DOID:37,Unique genes before filter: 1210
Unique genes in embed: 837
Holdout performance for /home/exouser/gene-embedding-benchmarks/data/embeddings/intersect/BulkFM-MASK-CONT-31 with best C=0.1:
Holdout AUC: 0.5129
Holdout AUPRC: 0.1224
Holdout PR@10: 0.1000
Holdout Duration: 0.09s
DOID:936,Unique genes before filter: 2676
Unique genes in embed: 1787
Holdout performance for /home/exouser/gene-embedding-benchmarks/data/embeddings/intersect/BulkFM-MASK-CONT-31 with best C=1.0:
Holdout AUC: 0.5576
Holdout AUPRC: 0.1610
Holdout PR@10: 0.3000
Holdout Duration: 0.35s
DOID:114,Unique genes before filter: 1067
Unique genes in embed: 736
Holdout performance for /home/exouser/gene-embedding-benchmarks/data/embeddings/intersect/BulkFM-MASK-CONT-31 with best C=10.0:
Holdout AUC: 0.4472
Holdout AUPRC: 0.0909
Holdout PR@10: 0.1000
Holdout Duration: 0.06s
DOID:0060036,Unique genes before filter: 649
Unique genes in embed: 452
Holdout performance for /home/exouser/gene-embedding-benchmarks/data/embeddings/intersect/BulkFM-MASK-CONT-31 with best C=0.1:
Holdout AUC: 0.6585
Holdout AUPRC: 0.1825
Holdout PR@10: 0.2000
Holdout Duration: 0.03s
DOID:0050700,Unique genes before filter: 649
Unique genes in embed: 468
Holdout performance for /home/exouser/gene-embedding-benchmarks/data/embeddings/intersect/BulkFM-MASK-CONT-31 with best C=1.0:
Holdout AUC: 0.5953
Holdout AUPRC: 0.1289
Holdout PR@10: 0.1000
Holdout Duration: 0.03s
DOID:0050737,Unique genes before filter: 1864
Unique genes in embed: 1209
Holdout performance for /home/exouser/gene-embedding-benchmarks/data/embeddings/intersect/BulkFM-MASK-CONT-31 with best C=0.1:
Holdout AUC: 0.4859
Holdout AUPRC: 0.7519
Holdout PR@10: 0.8000
Holdout Duration: 0.19s
DOID:0080009,Unique genes before filter: 385
Unique genes in embed: 274
Holdout performance for /home/exouser/gene-embedding-benchmarks/data/embeddings/intersect/BulkFM-MASK-CONT-31 with best C=0.1:
Holdout AUC: 0.6344
Holdout AUPRC: 0.2225
Holdout PR@10: 0.2000
Holdout Duration: 0.01s
DOID:0050735,Unique genes before filter: 604
Unique genes in embed: 432
Holdout performance for /home/exouser/gene-embedding-benchmarks/data/embeddings/intersect/BulkFM-MASK-CONT-31 with best C=0.1:
Holdout AUC: 0.5726
Holdout AUPRC: 0.3811
Holdout PR@10: 0.4000
Holdout Duration: 0.03s
DOID:0080001,Unique genes before filter: 1969
Unique genes in embed: 1330
Holdout performance for /home/exouser/gene-embedding-benchmarks/data/embeddings/intersect/BulkFM-MASK-CONT-31 with best C=1.0:
Holdout AUC: 0.5588
Holdout AUPRC: 0.1502
Holdout PR@10: 0.3000
Holdout Duration: 0.18s
DOID:0080005,Unique genes before filter: 297
Unique genes in embed: 213
Holdout performance for /home/exouser/gene-embedding-benchmarks/data/embeddings/intersect/BulkFM-MASK-CONT-31 with best C=0.1:
Holdout AUC: 0.7143
Holdout AUPRC: 0.1578
Holdout PR@10: 0.1000
Holdout Duration: 0.01s
DOID:2490,Unique genes before filter: 418
Unique genes in embed: 290
Holdout performance for /home/exouser/gene-embedding-benchmarks/data/embeddings/intersect/BulkFM-MASK-CONT-31 with best C=0.1:
Holdout AUC: 0.6167
Holdout AUPRC: 0.1524
Holdout PR@10: 0.2000
Holdout Duration: 0.02s
DOID:4961,Unique genes before filter: 242
Unique genes in embed: 184
Holdout performance for /home/exouser/gene-embedding-benchmarks/data/embeddings/intersect/BulkFM-MASK-CONT-31 with best C=0.1:
Holdout AUC: 0.3120
Holdout AUPRC: 0.0760
Holdout PR@10: 0.0000
Holdout Duration: 0.01s
DOID:2531,Unique genes before filter: 462
Unique genes in embed: 341
Holdout performance for /home/exouser/gene-embedding-benchmarks/data/embeddings/intersect/BulkFM-MASK-CONT-31 with best C=0.1:
Holdout AUC: 0.7408
Holdout AUPRC: 0.3746
Holdout PR@10: 0.3000
Holdout Duration: 0.02s
DOID:1934,Unique genes before filter: 396
Unique genes in embed: 279
Holdout performance for /home/exouser/gene-embedding-benchmarks/data/embeddings/intersect/BulkFM-MASK-CONT-31 with best C=0.1:
Holdout AUC: 0.5078
Holdout AUPRC: 0.0981
Holdout PR@10: 0.0000
Holdout Duration: 0.01s
DOID:0080006,Unique genes before filter: 1496
Unique genes in embed: 1033
Holdout performance for /home/exouser/gene-embedding-benchmarks/data/embeddings/intersect/BulkFM-MASK-CONT-31 with best C=1.0:
Holdout AUC: 0.5552
Holdout AUPRC: 0.1140
Holdout PR@10: 0.0000
Holdout Duration: 0.11s
DOID:2256,Unique genes before filter: 880
Unique genes in embed: 619
Holdout performance for /home/exouser/gene-embedding-benchmarks/data/embeddings/intersect/BulkFM-MASK-CONT-31 with best C=1.0:
Holdout AUC: 0.4706
Holdout AUPRC: 0.1227
Holdout PR@10: 0.1000
Holdout Duration: 0.04s
DOID:0080012,Unique genes before filter: 545
Unique genes in embed: 384
Holdout performance for /home/exouser/gene-embedding-benchmarks/data/embeddings/intersect/BulkFM-MASK-CONT-31 with best C=0.1:
Holdout AUC: 0.4211
Holdout AUPRC: 0.1720
Holdout PR@10: 0.1000
Holdout Duration: 0.02s
DOID:231,Unique genes before filter: 506
Unique genes in embed: 360
Holdout performance for /home/exouser/gene-embedding-benchmarks/data/embeddings/intersect/BulkFM-MASK-CONT-31 with best C=0.1:
Holdout AUC: 0.4394
Holdout AUPRC: 0.0852
Holdout PR@10: 0.0000
Holdout Duration: 0.02s
DOID:1289,Unique genes before filter: 1958
Unique genes in embed: 1328
Holdout performance for /home/exouser/gene-embedding-benchmarks/data/embeddings/intersect/BulkFM-MASK-CONT-31 with best C=1.0:
Holdout AUC: 0.5876
Holdout AUPRC: 0.1722
Holdout PR@10: 0.3000
Holdout Duration: 0.15s
DOID:440,Unique genes before filter: 748
Unique genes in embed: 526
Holdout performance for /home/exouser/gene-embedding-benchmarks/data/embeddings/intersect/BulkFM-MASK-CONT-31 with best C=10.0:
Holdout AUC: 0.6337
Holdout AUPRC: 0.1352
Holdout PR@10: 0.1000
Holdout Duration: 0.03s
DOID:0050539,Unique genes before filter: 286
Unique genes in embed: 211
Holdout performance for /home/exouser/gene-embedding-benchmarks/data/embeddings/intersect/BulkFM-MASK-CONT-31 with best C=10.0:
Holdout AUC: 0.3385
Holdout AUPRC: 0.0695
Holdout PR@10: 0.0000
Holdout Duration: 0.01s
DOID:10595,Unique genes before filter: 539
Unique genes in embed: 382
Holdout performance for /home/exouser/gene-embedding-benchmarks/data/embeddings/intersect/BulkFM-MASK-CONT-31 with best C=10.0:
Holdout AUC: 0.5497
Holdout AUPRC: 0.1301
Holdout PR@10: 0.1000
Holdout Duration: 0.02s
DOID:870,Unique genes before filter: 1111
Unique genes in embed: 781
Holdout performance for /home/exouser/gene-embedding-benchmarks/data/embeddings/intersect/BulkFM-MASK-CONT-31 with best C=100.0:
Holdout AUC: 0.4266
Holdout AUPRC: 0.0787
Holdout PR@10: 0.0000
Holdout Duration: 0.06s
DOID:2355,Unique genes before filter: 737
Unique genes in embed: 510
Holdout performance for /home/exouser/gene-embedding-benchmarks/data/embeddings/intersect/BulkFM-MASK-CONT-31 with best C=1.0:
Holdout AUC: 0.5640
Holdout AUPRC: 0.1262
Holdout PR@10: 0.1000
Holdout Duration: 0.03s
DOID:12449,Unique genes before filter: 462
Unique genes in embed: 330
Holdout performance for /home/exouser/gene-embedding-benchmarks/data/embeddings/intersect/BulkFM-MASK-CONT-31 with best C=0.1:
Holdout AUC: 0.3790
Holdout AUPRC: 0.1026
Holdout PR@10: 0.2000
Holdout Duration: 0.02s
DOID:423,Unique genes before filter: 1188
Unique genes in embed: 815
Holdout performance for /home/exouser/gene-embedding-benchmarks/data/embeddings/intersect/BulkFM-MASK-CONT-31 with best C=0.1:
Holdout AUC: 0.5751
Holdout AUPRC: 0.1199
Holdout PR@10: 0.1000
Holdout Duration: 0.08s
DOID:0080000,Unique genes before filter: 1375
Unique genes in embed: 962
Holdout performance for /home/exouser/gene-embedding-benchmarks/data/embeddings/intersect/BulkFM-MASK-CONT-31 with best C=10.0:
Holdout AUC: 0.5521
Holdout AUPRC: 0.1057
Holdout PR@10: 0.1000
Holdout Duration: 0.09s
DOID:9884,Unique genes before filter: 561
Unique genes in embed: 394
Holdout performance for /home/exouser/gene-embedding-benchmarks/data/embeddings/intersect/BulkFM-MASK-CONT-31 with best C=1.0:
Holdout AUC: 0.4788
Holdout AUPRC: 0.0935
Holdout PR@10: 0.1000
Holdout Duration: 0.02s
DOID:66,Unique genes before filter: 1287
Unique genes in embed: 888
Holdout performance for /home/exouser/gene-embedding-benchmarks/data/embeddings/intersect/BulkFM-MASK-CONT-31 with best C=10.0:
Holdout AUC: 0.5756
Holdout AUPRC: 0.1821
Holdout PR@10: 0.2000
Holdout Duration: 0.07s
DOID:2786,Unique genes before filter: 726
Unique genes in embed: 514
Holdout performance for /home/exouser/gene-embedding-benchmarks/data/embeddings/intersect/BulkFM-MASK-CONT-31 with best C=10.0:
Holdout AUC: 0.7222
Holdout AUPRC: 0.3562
Holdout PR@10: 0.4000
Holdout Duration: 0.02s
DOID:9799,Unique genes before filter: 1056
Unique genes in embed: 720
Holdout performance for /home/exouser/gene-embedding-benchmarks/data/embeddings/intersect/BulkFM-MASK-CONT-31 with best C=1.0:
Holdout AUC: 0.6301
Holdout AUPRC: 0.1245
Holdout PR@10: 0.0000
Holdout Duration: 0.05s
DOID:4448,Unique genes before filter: 286
Unique genes in embed: 195
Holdout performance for /home/exouser/gene-embedding-benchmarks/data/embeddings/intersect/BulkFM-MASK-CONT-31 with best C=0.1:
Holdout AUC: 0.4562
Holdout AUPRC: 0.1542
Holdout PR@10: 0.1000
Holdout Duration: 0.01s
DOID:8466,Unique genes before filter: 1045
Unique genes in embed: 735
Holdout performance for /home/exouser/gene-embedding-benchmarks/data/embeddings/intersect/BulkFM-MASK-CONT-31 with best C=10.0:
Holdout AUC: 0.5113
Holdout AUPRC: 0.1144
Holdout PR@10: 0.2000
Holdout Duration: 0.04s
DOID:5614,Unique genes before filter: 2508
Unique genes in embed: 1695
Holdout performance for /home/exouser/gene-embedding-benchmarks/data/embeddings/intersect/BulkFM-MASK-CONT-31 with best C=10.0:
Holdout AUC: 0.4568
Holdout AUPRC: 0.0855
Holdout PR@10: 0.0000
Holdout Duration: 0.24s
DOID:5679,Unique genes before filter: 1353
Unique genes in embed: 949
Holdout performance for /home/exouser/gene-embedding-benchmarks/data/embeddings/intersect/BulkFM-MASK-CONT-31 with best C=100.0:
Holdout AUC: 0.6691
Holdout AUPRC: 0.1844
Holdout PR@10: 0.2000
Holdout Duration: 0.06s
DOID:1091,Unique genes before filter: 242
Unique genes in embed: 155
Holdout performance for /home/exouser/gene-embedding-benchmarks/data/embeddings/intersect/BulkFM-MASK-CONT-31 with best C=0.1:
Holdout AUC: 0.4750
Holdout AUPRC: 0.1626
Holdout PR@10: 0.1000
Holdout Duration: 0.01s
DOID:403,Unique genes before filter: 264
Unique genes in embed: 177
Holdout performance for /home/exouser/gene-embedding-benchmarks/data/embeddings/intersect/BulkFM-MASK-CONT-31 with best C=1.0:
Holdout AUC: 0.4940
Holdout AUPRC: 0.1144
Holdout PR@10: 0.0000
Holdout Duration: 0.01s
DOID:0060564,Unique genes before filter: 352
Unique genes in embed: 243
Holdout performance for /home/exouser/gene-embedding-benchmarks/data/embeddings/intersect/BulkFM-MASK-CONT-31 with best C=10.0:
Holdout AUC: 0.8512
Holdout AUPRC: 0.3713
Holdout PR@10: 0.2000
Holdout Duration: 0.01s
DOID:0050828,Unique genes before filter: 319
Unique genes in embed: 220
Holdout performance for /home/exouser/gene-embedding-benchmarks/data/embeddings/intersect/BulkFM-MASK-CONT-31 with best C=1.0:
Holdout AUC: 0.3958
Holdout AUPRC: 0.0826
Holdout PR@10: 0.1000
Holdout Duration: 0.01s
DOID:178,Unique genes before filter: 539
Unique genes in embed: 368
Holdout performance for /home/exouser/gene-embedding-benchmarks/data/embeddings/intersect/BulkFM-MASK-CONT-31 with best C=1.0:
Holdout AUC: 0.4114
Holdout AUPRC: 0.1015
Holdout PR@10: 0.1000
Holdout Duration: 0.02s
DOID:0060037,Unique genes before filter: 1980
Unique genes in embed: 1354
Holdout performance for /home/exouser/gene-embedding-benchmarks/data/embeddings/intersect/BulkFM-MASK-CONT-31 with best C=100.0:
Holdout AUC: 0.5772
Holdout AUPRC: 0.1441
Holdout PR@10: 0.1000
Holdout Duration: 0.16s
DOID:0060309,Unique genes before filter: 396
Unique genes in embed: 283
Holdout performance for /home/exouser/gene-embedding-benchmarks/data/embeddings/intersect/BulkFM-MASK-CONT-31 with best C=0.1:
Holdout AUC: 0.6515
Holdout AUPRC: 0.1840
Holdout PR@10: 0.2000
Holdout Duration: 0.01s
DOID:1059,Unique genes before filter: 1914
Unique genes in embed: 1296
Holdout performance for /home/exouser/gene-embedding-benchmarks/data/embeddings/intersect/BulkFM-MASK-CONT-31 with best C=10.0:
Holdout AUC: 0.5916
Holdout AUPRC: 0.1466
Holdout PR@10: 0.3000
Holdout Duration: 0.15s
DOID:0060038,Unique genes before filter: 1980
Unique genes in embed: 1349
Holdout performance for /home/exouser/gene-embedding-benchmarks/data/embeddings/intersect/BulkFM-MASK-CONT-31 with best C=0.1:
Holdout AUC: 0.5639
Holdout AUPRC: 0.1069
Holdout PR@10: 0.1000
Holdout Duration: 0.20s
DOID:0050888,Unique genes before filter: 462
Unique genes in embed: 331
Holdout performance for /home/exouser/gene-embedding-benchmarks/data/embeddings/intersect/BulkFM-MASK-CONT-31 with best C=0.1:
Holdout AUC: 0.6387
Holdout AUPRC: 0.1957
Holdout PR@10: 0.2000
Holdout Duration: 0.02s
DOID:10273,Unique genes before filter: 253
Unique genes in embed: 178
Holdout performance for /home/exouser/gene-embedding-benchmarks/data/embeddings/intersect/BulkFM-MASK-CONT-31 with best C=10.0:
Holdout AUC: 0.7554
Holdout AUPRC: 0.3994
Holdout PR@10: 0.3000
Holdout Duration: 0.01s
DOID:0050753,Unique genes before filter: 726
Unique genes in embed: 506
Holdout performance for /home/exouser/gene-embedding-benchmarks/data/embeddings/intersect/BulkFM-MASK-CONT-31 with best C=1.0:
Holdout AUC: 0.6776
Holdout AUPRC: 0.2954
Holdout PR@10: 0.2000
Holdout Duration: 0.02s
DOID:0050951,Unique genes before filter: 825
Unique genes in embed: 586
Holdout performance for /home/exouser/gene-embedding-benchmarks/data/embeddings/intersect/BulkFM-MASK-CONT-31 with best C=10.0:
Holdout AUC: 0.5765
Holdout AUPRC: 0.1696
Holdout PR@10: 0.1000
Holdout Duration: 0.02s
DOID:0050950,Unique genes before filter: 363
Unique genes in embed: 263
Holdout performance for /home/exouser/gene-embedding-benchmarks/data/embeddings/intersect/BulkFM-MASK-CONT-31 with best C=1.0:
Holdout AUC: 0.4048
Holdout AUPRC: 0.0901
Holdout PR@10: 0.0000
Holdout Duration: 0.01s
DOID:2277,Unique genes before filter: 737
Unique genes in embed: 516
Holdout performance for /home/exouser/gene-embedding-benchmarks/data/embeddings/intersect/BulkFM-MASK-CONT-31 with best C=0.1:
Holdout AUC: 0.4646
Holdout AUPRC: 0.0947
Holdout PR@10: 0.1000
Holdout Duration: 0.04s
DOID:1923,Unique genes before filter: 242
Unique genes in embed: 179
Holdout performance for /home/exouser/gene-embedding-benchmarks/data/embeddings/intersect/BulkFM-MASK-CONT-31 with best C=0.1:
Holdout AUC: 0.5227
Holdout AUPRC: 0.1152
Holdout PR@10: 0.1000
Holdout Duration: 0.01s
DOID:1441,Unique genes before filter: 396
Unique genes in embed: 281
Holdout performance for /home/exouser/gene-embedding-benchmarks/data/embeddings/intersect/BulkFM-MASK-CONT-31 with best C=1.0:
Holdout AUC: 0.5156
Holdout AUPRC: 0.1549
Holdout PR@10: 0.1000
Holdout Duration: 0.01s
DOID:607,Unique genes before filter: 638
Unique genes in embed: 434
Holdout performance for /home/exouser/gene-embedding-benchmarks/data/embeddings/intersect/BulkFM-MASK-CONT-31 with best C=0.1:
Holdout AUC: 0.5073
Holdout AUPRC: 0.0999
Holdout PR@10: 0.1000
Holdout Duration: 0.03s
DOID:2476,Unique genes before filter: 638
Unique genes in embed: 453
Holdout performance for /home/exouser/gene-embedding-benchmarks/data/embeddings/intersect/BulkFM-MASK-CONT-31 with best C=0.1:
Holdout AUC: 0.3765
Holdout AUPRC: 0.0724
Holdout PR@10: 0.0000
Holdout Duration: 0.03s
DOID:0080578,Unique genes before filter: 385
Unique genes in embed: 263
Holdout performance for /home/exouser/gene-embedding-benchmarks/data/embeddings/intersect/BulkFM-MASK-CONT-31 with best C=0.1:
Holdout AUC: 0.5995
Holdout AUPRC: 0.1206
Holdout PR@10: 0.0000
Holdout Duration: 0.01s
DOID:627,Unique genes before filter: 209
Unique genes in embed: 145
Holdout performance for /home/exouser/gene-embedding-benchmarks/data/embeddings/intersect/BulkFM-MASK-CONT-31 with best C=10.0:
Holdout AUC: 0.3312
Holdout AUPRC: 0.0836
Holdout PR@10: 0.0000
Holdout Duration: 0.01s
DOID:0111962,Unique genes before filter: 484
Unique genes in embed: 337
Holdout performance for /home/exouser/gene-embedding-benchmarks/data/embeddings/intersect/BulkFM-MASK-CONT-31 with best C=10.0:
Holdout AUC: 0.5328
Holdout AUPRC: 0.1168
Holdout PR@10: 0.1000
Holdout Duration: 0.01s
DOID:2115,Unique genes before filter: 308
Unique genes in embed: 216
Holdout performance for /home/exouser/gene-embedding-benchmarks/data/embeddings/intersect/BulkFM-MASK-CONT-31 with best C=10.0:
Holdout AUC: 0.3200
Holdout AUPRC: 0.0868
Holdout PR@10: 0.1000
Holdout Duration: 0.01s
DOID:2583,Unique genes before filter: 220
Unique genes in embed: 161
Holdout performance for /home/exouser/gene-embedding-benchmarks/data/embeddings/intersect/BulkFM-MASK-CONT-31 with best C=0.1:
Holdout AUC: 0.4500
Holdout AUPRC: 0.1032
Holdout PR@10: 0.0000
Holdout Duration: 0.01s
DOID:0081337,Unique genes before filter: 330
Unique genes in embed: 234
Holdout performance for /home/exouser/gene-embedding-benchmarks/data/embeddings/intersect/BulkFM-MASK-CONT-31 with best C=0.1:
Holdout AUC: 0.4846
Holdout AUPRC: 0.1008
Holdout PR@10: 0.0000
Holdout Duration: 0.01s
DOID:1247,Unique genes before filter: 462
Unique genes in embed: 347
Holdout performance for /home/exouser/gene-embedding-benchmarks/data/embeddings/intersect/BulkFM-MASK-CONT-31 with best C=0.1:
Holdout AUC: 0.6184
Holdout AUPRC: 0.1927
Holdout PR@10: 0.2000
Holdout Duration: 0.02s
DOID:0060340,Unique genes before filter: 469
Unique genes in embed: 319
Holdout performance for /home/exouser/gene-embedding-benchmarks/data/embeddings/intersect/BulkFM-MASK-CONT-31 with best C=1.0:
Holdout AUC: 0.3921
Holdout AUPRC: 0.1161
Holdout PR@10: 0.1000
Holdout Duration: 0.02s
DOID:0050777,Unique genes before filter: 275
Unique genes in embed: 204
Holdout performance for /home/exouser/gene-embedding-benchmarks/data/embeddings/intersect/BulkFM-MASK-CONT-31 with best C=1.0:
Holdout AUC: 0.7438
Holdout AUPRC: 0.2233
Holdout PR@10: 0.2000
Holdout Duration: 0.01s
DOID:1826,Unique genes before filter: 1408
Unique genes in embed: 971
Holdout performance for /home/exouser/gene-embedding-benchmarks/data/embeddings/intersect/BulkFM-MASK-CONT-31 with best C=0.1:
Holdout AUC: 0.6061
Holdout AUPRC: 0.1308
Holdout PR@10: 0.1000
Holdout Duration: 0.11s
DOID:0050563,Unique genes before filter: 1144
Unique genes in embed: 800
Holdout performance for /home/exouser/gene-embedding-benchmarks/data/embeddings/intersect/BulkFM-MASK-CONT-31 with best C=100.0:
Holdout AUC: 0.5560
Holdout AUPRC: 0.1479
Holdout PR@10: 0.2000
Holdout Duration: 0.04s
DOID:0050564,Unique genes before filter: 450
Unique genes in embed: 322
Holdout performance for /home/exouser/gene-embedding-benchmarks/data/embeddings/intersect/BulkFM-MASK-CONT-31 with best C=10.0:
Holdout AUC: 0.7028
Holdout AUPRC: 0.3259
Holdout PR@10: 0.1000
Holdout Duration: 0.01s
DOID:2742,Unique genes before filter: 1144
Unique genes in embed: 811
Holdout performance for /home/exouser/gene-embedding-benchmarks/data/embeddings/intersect/BulkFM-MASK-CONT-31 with best C=0.1:
Holdout AUC: 0.6231
Holdout AUPRC: 0.1559
Holdout PR@10: 0.2000
Holdout Duration: 0.08s
DOID:10579,Unique genes before filter: 407
Unique genes in embed: 290
Holdout performance for /home/exouser/gene-embedding-benchmarks/data/embeddings/intersect/BulkFM-MASK-CONT-31 with best C=0.1:
Holdout AUC: 0.4037
Holdout AUPRC: 0.0815
Holdout PR@10: 0.0000
Holdout Duration: 0.01s
DOID:1443,Unique genes before filter: 451
Unique genes in embed: 313
Holdout performance for /home/exouser/gene-embedding-benchmarks/data/embeddings/intersect/BulkFM-MASK-CONT-31 with best C=10.0:
Holdout AUC: 0.5754
Holdout AUPRC: 0.1045
Holdout PR@10: 0.0000
Holdout Duration: 0.01s
DOID:0112202,Unique genes before filter: 1012
Unique genes in embed: 715
Holdout performance for /home/exouser/gene-embedding-benchmarks/data/embeddings/intersect/BulkFM-MASK-CONT-31 with best C=0.1:
Holdout AUC: 0.6970
Holdout AUPRC: 0.2209
Holdout PR@10: 0.3000
Holdout Duration: 0.06s
DOID:0050701,Unique genes before filter: 1232
Unique genes in embed: 868
Holdout performance for /home/exouser/gene-embedding-benchmarks/data/embeddings/intersect/BulkFM-MASK-CONT-31 with best C=0.1:
Holdout AUC: 0.5039
Holdout AUPRC: 0.1547
Holdout PR@10: 0.2000
Holdout Duration: 0.09s
DOID:0060307,Unique genes before filter: 478
Unique genes in embed: 329
Holdout performance for /home/exouser/gene-embedding-benchmarks/data/embeddings/intersect/BulkFM-MASK-CONT-31 with best C=0.1:
Holdout AUC: 0.6610
Holdout AUPRC: 0.1596
Holdout PR@10: 0.2000
Holdout Duration: 0.02s
DOID:0111910,Unique genes before filter: 671
Unique genes in embed: 459
Holdout performance for /home/exouser/gene-embedding-benchmarks/data/embeddings/intersect/BulkFM-MASK-CONT-31 with best C=0.1:
Holdout AUC: 0.4098
Holdout AUPRC: 0.0780
Holdout PR@10: 0.0000
Holdout Duration: 0.03s
DOID:48,Unique genes before filter: 847
Unique genes in embed: 580
Holdout performance for /home/exouser/gene-embedding-benchmarks/data/embeddings/intersect/BulkFM-MASK-CONT-31 with best C=10.0:
Holdout AUC: 0.5721
Holdout AUPRC: 0.1267
Holdout PR@10: 0.1000
Holdout Duration: 0.03s
DOID:12336,Unique genes before filter: 682
Unique genes in embed: 470
Holdout performance for /home/exouser/gene-embedding-benchmarks/data/embeddings/intersect/BulkFM-MASK-CONT-31 with best C=0.1:
Holdout AUC: 0.6141
Holdout AUPRC: 0.1901
Holdout PR@10: 0.2000
Holdout Duration: 0.03s
DOID:5212,Unique genes before filter: 418
Unique genes in embed: 293
Holdout performance for /home/exouser/gene-embedding-benchmarks/data/embeddings/intersect/BulkFM-MASK-CONT-31 with best C=0.1:
Holdout AUC: 0.5793
Holdout AUPRC: 0.1164
Holdout PR@10: 0.1000
Holdout Duration: 0.01s
DOID:110,Unique genes before filter: 363
Unique genes in embed: 270
Holdout performance for /home/exouser/gene-embedding-benchmarks/data/embeddings/intersect/BulkFM-MASK-CONT-31 with best C=10.0:
Holdout AUC: 0.4115
Holdout AUPRC: 0.1086
Holdout PR@10: 0.1000
Holdout Duration: 0.01s
DOID:83,Unique genes before filter: 341
Unique genes in embed: 252
Holdout performance for /home/exouser/gene-embedding-benchmarks/data/embeddings/intersect/BulkFM-MASK-CONT-31 with best C=0.1:
Holdout AUC: 0.4812
Holdout AUPRC: 0.2424
Holdout PR@10: 0.1000
Holdout Duration: 0.01s
DOID:0060308,Unique genes before filter: 475
Unique genes in embed: 326
Holdout performance for /home/exouser/gene-embedding-benchmarks/data/embeddings/intersect/BulkFM-MASK-CONT-31 with best C=0.1:
Holdout AUC: 0.4418
Holdout AUPRC: 0.0932
Holdout PR@10: 0.0000
Holdout Duration: 0.02s
DOID:0050776,Unique genes before filter: 220
Unique genes in embed: 167
Holdout performance for /home/exouser/gene-embedding-benchmarks/data/embeddings/intersect/BulkFM-MASK-CONT-31 with best C=0.1:
Holdout AUC: 0.6500
Holdout AUPRC: 0.2357
Holdout PR@10: 0.2000
Holdout Duration: 0.01s
DOID:0050889,Unique genes before filter: 220
Unique genes in embed: 158
Holdout performance for /home/exouser/gene-embedding-benchmarks/data/embeddings/intersect/BulkFM-MASK-CONT-31 with best C=0.1:
Holdout AUC: 0.6875
Holdout AUPRC: 0.2093
Holdout PR@10: 0.3000
Holdout Duration: 0.01s
DOID:0050565,Unique genes before filter: 464
Unique genes in embed: 324
Holdout performance for /home/exouser/gene-embedding-benchmarks/data/embeddings/intersect/BulkFM-MASK-CONT-31 with best C=0.1:
Holdout AUC: 0.5634
Holdout AUPRC: 0.1551
Holdout PR@10: 0.1000
Holdout Duration: 0.02s
DOID:9562,Unique genes before filter: 418
Unique genes in embed: 290
Holdout performance for /home/exouser/gene-embedding-benchmarks/data/embeddings/intersect/BulkFM-MASK-CONT-31 with best C=1.0:
Holdout AUC: 0.5000
Holdout AUPRC: 0.1062
Holdout PR@10: 0.1000
Holdout Duration: 0.01s
DOID:10584,Unique genes before filter: 671
Unique genes in embed: 473
Holdout performance for /home/exouser/gene-embedding-benchmarks/data/embeddings/intersect/BulkFM-MASK-CONT-31 with best C=1.0:
Holdout AUC: 0.6123
Holdout AUPRC: 0.1891
Holdout PR@10: 0.3000
Holdout Duration: 0.02s
DOID:5295,Unique genes before filter: 462
Unique genes in embed: 314
Holdout performance for /home/exouser/gene-embedding-benchmarks/data/embeddings/intersect/BulkFM-MASK-CONT-31 with best C=10.0:
Holdout AUC: 0.5000
Holdout AUPRC: 0.1144
Holdout PR@10: 0.1000
Holdout Duration: 0.01s
DOID:3119,Unique genes before filter: 451
Unique genes in embed: 328
Holdout performance for /home/exouser/gene-embedding-benchmarks/data/embeddings/intersect/BulkFM-MASK-CONT-31 with best C=0.1:
Holdout AUC: 0.6598
Holdout AUPRC: 0.1732
Holdout PR@10: 0.2000
Holdout Duration: 0.02s
DOID:229,Unique genes before filter: 308
Unique genes in embed: 215
Holdout performance for /home/exouser/gene-embedding-benchmarks/data/embeddings/intersect/BulkFM-MASK-CONT-31 with best C=0.1:
Holdout AUC: 0.4120
Holdout AUPRC: 0.1430
Holdout PR@10: 0.1000
Holdout Duration: 0.01s
DOID:1100,Unique genes before filter: 253
Unique genes in embed: 180
Holdout performance for /home/exouser/gene-embedding-benchmarks/data/embeddings/intersect/BulkFM-MASK-CONT-31 with best C=10.0:
Holdout AUC: 0.5188
Holdout AUPRC: 0.1477
Holdout PR@10: 0.2000
Holdout Duration: 0.01s
DOID:12930,Unique genes before filter: 385
Unique genes in embed: 261
Holdout performance for /home/exouser/gene-embedding-benchmarks/data/embeddings/intersect/BulkFM-MASK-CONT-31 with best C=0.1:
Holdout AUC: 0.6138
Holdout AUPRC: 0.1481
Holdout PR@10: 0.1000
Holdout Duration: 0.01s
DOID:1342,Unique genes before filter: 363
Unique genes in embed: 256
Holdout performance for /home/exouser/gene-embedding-benchmarks/data/embeddings/intersect/BulkFM-MASK-CONT-31 with best C=1.0:
Holdout AUC: 0.6481
Holdout AUPRC: 0.1540
Holdout PR@10: 0.2000
Holdout Duration: 0.01s
DOID:9256,Unique genes before filter: 253
Unique genes in embed: 184
Holdout performance for /home/exouser/gene-embedding-benchmarks/data/embeddings/intersect/BulkFM-MASK-CONT-31 with best C=1.0:
Holdout AUC: 0.5119
Holdout AUPRC: 0.1057
Holdout PR@10: 0.0000
Holdout Duration: 0.01s
DOID:10155,Unique genes before filter: 253
Unique genes in embed: 176
Holdout performance for /home/exouser/gene-embedding-benchmarks/data/embeddings/intersect/BulkFM-MASK-CONT-31 with best C=0.1:
Holdout AUC: 0.3810
Holdout AUPRC: 0.0914
Holdout PR@10: 0.0000
Holdout Duration: 0.01s
DOID:5672,Unique genes before filter: 253
Unique genes in embed: 179
Holdout performance for /home/exouser/gene-embedding-benchmarks/data/embeddings/intersect/BulkFM-MASK-CONT-31 with best C=10.0:
Holdout AUC: 0.3036
Holdout AUPRC: 0.0746
Holdout PR@10: 0.0000
Holdout Duration: 0.01s
Saved fold results to /home/exouser/gene-embedding-benchmarks/results/tsvs/BulkFM-MASK-CONT-31_fold_results.pkl
Saved holdout results to /home/exouser/gene-embedding-benchmarks/results/tsvs/BulkFM-MASK-CONT-31_holdout_results.pkl
