DOID:65,Unique genes before filter: 2409
Unique genes in embed: 1604
Holdout performance for /home/exouser/gene-embedding-benchmarks/data/embeddings/intersect/BulkFM-Binned with best C=0.1:
Holdout AUC: 0.4543
Holdout AUPRC: 0.0836
Holdout PR@10: 0.0000
Holdout Duration: 0.33s
DOID:0050161,Unique genes before filter: 374
Unique genes in embed: 274
Holdout performance for /home/exouser/gene-embedding-benchmarks/data/embeddings/intersect/BulkFM-Binned with best C=10.0:
Holdout AUC: 0.5207
Holdout AUPRC: 0.0993
Holdout PR@10: 0.1000
Holdout Duration: 0.01s
DOID:417,Unique genes before filter: 440
Unique genes in embed: 315
Holdout performance for /home/exouser/gene-embedding-benchmarks/data/embeddings/intersect/BulkFM-Binned with best C=1.0:
Holdout AUC: 0.4436
Holdout AUPRC: 0.1758
Holdout PR@10: 0.2000
Holdout Duration: 0.02s
DOID:612,Unique genes before filter: 1672
Unique genes in embed: 1142
Holdout performance for /home/exouser/gene-embedding-benchmarks/data/embeddings/intersect/BulkFM-Binned with best C=10.0:
Holdout AUC: 0.4224
Holdout AUPRC: 0.0772
Holdout PR@10: 0.0000
Holdout Duration: 0.14s
DOID:0050739,Unique genes before filter: 1943
Unique genes in embed: 1285
Holdout performance for /home/exouser/gene-embedding-benchmarks/data/embeddings/intersect/BulkFM-Binned with best C=0.1:
Holdout AUC: 0.4943
Holdout AUPRC: 0.8056
Holdout PR@10: 0.7000
Holdout Duration: 0.23s
DOID:0050736,Unique genes before filter: 1321
Unique genes in embed: 912
Holdout performance for /home/exouser/gene-embedding-benchmarks/data/embeddings/intersect/BulkFM-Binned with best C=10.0:
Holdout AUC: 0.5001
Holdout AUPRC: 0.6875
Holdout PR@10: 0.8000
Holdout Duration: 0.11s
DOID:0050686,Unique genes before filter: 1551
Unique genes in embed: 1069
Holdout performance for /home/exouser/gene-embedding-benchmarks/data/embeddings/intersect/BulkFM-Binned with best C=0.1:
Holdout AUC: 0.4311
Holdout AUPRC: 0.0858
Holdout PR@10: 0.1000
Holdout Duration: 0.13s
DOID:0050687,Unique genes before filter: 418
Unique genes in embed: 289
Holdout performance for /home/exouser/gene-embedding-benchmarks/data/embeddings/intersect/BulkFM-Binned with best C=0.1:
Holdout AUC: 0.4862
Holdout AUPRC: 0.0974
Holdout PR@10: 0.0000
Holdout Duration: 0.01s
DOID:557,Unique genes before filter: 946
Unique genes in embed: 661
Holdout performance for /home/exouser/gene-embedding-benchmarks/data/embeddings/intersect/BulkFM-Binned with best C=10.0:
Holdout AUC: 0.3743
Holdout AUPRC: 0.0740
Holdout PR@10: 0.0000
Holdout Duration: 0.05s
DOID:305,Unique genes before filter: 319
Unique genes in embed: 220
Holdout performance for /home/exouser/gene-embedding-benchmarks/data/embeddings/intersect/BulkFM-Binned with best C=0.1:
Holdout AUC: 0.4524
Holdout AUPRC: 0.1929
Holdout PR@10: 0.1000
Holdout Duration: 0.01s
DOID:37,Unique genes before filter: 1210
Unique genes in embed: 837
Holdout performance for /home/exouser/gene-embedding-benchmarks/data/embeddings/intersect/BulkFM-Binned with best C=1.0:
Holdout AUC: 0.5718
Holdout AUPRC: 0.1083
Holdout PR@10: 0.1000
Holdout Duration: 0.07s
DOID:936,Unique genes before filter: 2676
Unique genes in embed: 1787
Holdout performance for /home/exouser/gene-embedding-benchmarks/data/embeddings/intersect/BulkFM-Binned with best C=0.1:
Holdout AUC: 0.4535
Holdout AUPRC: 0.1047
Holdout PR@10: 0.2000
Holdout Duration: 0.35s
DOID:114,Unique genes before filter: 1067
Unique genes in embed: 736
Holdout performance for /home/exouser/gene-embedding-benchmarks/data/embeddings/intersect/BulkFM-Binned with best C=0.1:
Holdout AUC: 0.4512
Holdout AUPRC: 0.1377
Holdout PR@10: 0.1000
Holdout Duration: 0.07s
DOID:0060036,Unique genes before filter: 649
Unique genes in embed: 452
Holdout performance for /home/exouser/gene-embedding-benchmarks/data/embeddings/intersect/BulkFM-Binned with best C=0.1:
Holdout AUC: 0.6104
Holdout AUPRC: 0.1271
Holdout PR@10: 0.1000
Holdout Duration: 0.03s
DOID:0050700,Unique genes before filter: 649
Unique genes in embed: 468
Holdout performance for /home/exouser/gene-embedding-benchmarks/data/embeddings/intersect/BulkFM-Binned with best C=10.0:
Holdout AUC: 0.5538
Holdout AUPRC: 0.1032
Holdout PR@10: 0.0000
Holdout Duration: 0.03s
DOID:0050737,Unique genes before filter: 1864
Unique genes in embed: 1209
Holdout performance for /home/exouser/gene-embedding-benchmarks/data/embeddings/intersect/BulkFM-Binned with best C=10.0:
Holdout AUC: 0.4988
Holdout AUPRC: 0.7559
Holdout PR@10: 0.7000
Holdout Duration: 0.17s
DOID:0080009,Unique genes before filter: 385
Unique genes in embed: 274
Holdout performance for /home/exouser/gene-embedding-benchmarks/data/embeddings/intersect/BulkFM-Binned with best C=1.0:
Holdout AUC: 0.4516
Holdout AUPRC: 0.2396
Holdout PR@10: 0.1000
Holdout Duration: 0.01s
DOID:0050735,Unique genes before filter: 604
Unique genes in embed: 432
Holdout performance for /home/exouser/gene-embedding-benchmarks/data/embeddings/intersect/BulkFM-Binned with best C=0.1:
Holdout AUC: 0.6074
Holdout AUPRC: 0.3785
Holdout PR@10: 0.3000
Holdout Duration: 0.03s
DOID:0080001,Unique genes before filter: 1969
Unique genes in embed: 1330
Holdout performance for /home/exouser/gene-embedding-benchmarks/data/embeddings/intersect/BulkFM-Binned with best C=0.1:
Holdout AUC: 0.5310
Holdout AUPRC: 0.1075
Holdout PR@10: 0.1000
Holdout Duration: 0.21s
DOID:0080005,Unique genes before filter: 297
Unique genes in embed: 213
Holdout performance for /home/exouser/gene-embedding-benchmarks/data/embeddings/intersect/BulkFM-Binned with best C=1.0:
Holdout AUC: 0.8036
Holdout AUPRC: 0.3894
Holdout PR@10: 0.3000
Holdout Duration: 0.01s
DOID:2490,Unique genes before filter: 418
Unique genes in embed: 290
Holdout performance for /home/exouser/gene-embedding-benchmarks/data/embeddings/intersect/BulkFM-Binned with best C=0.1:
Holdout AUC: 0.3778
Holdout AUPRC: 0.1505
Holdout PR@10: 0.1000
Holdout Duration: 0.01s
DOID:4961,Unique genes before filter: 242
Unique genes in embed: 184
Holdout performance for /home/exouser/gene-embedding-benchmarks/data/embeddings/intersect/BulkFM-Binned with best C=0.1:
Holdout AUC: 0.6320
Holdout AUPRC: 0.2053
Holdout PR@10: 0.2000
Holdout Duration: 0.01s
DOID:2531,Unique genes before filter: 462
Unique genes in embed: 341
Holdout performance for /home/exouser/gene-embedding-benchmarks/data/embeddings/intersect/BulkFM-Binned with best C=0.1:
Holdout AUC: 0.4367
Holdout AUPRC: 0.1013
Holdout PR@10: 0.1000
Holdout Duration: 0.02s
DOID:1934,Unique genes before filter: 396
Unique genes in embed: 279
Holdout performance for /home/exouser/gene-embedding-benchmarks/data/embeddings/intersect/BulkFM-Binned with best C=0.1:
Holdout AUC: 0.5286
Holdout AUPRC: 0.1108
Holdout PR@10: 0.1000
Holdout Duration: 0.01s
DOID:0080006,Unique genes before filter: 1496
Unique genes in embed: 1033
Holdout performance for /home/exouser/gene-embedding-benchmarks/data/embeddings/intersect/BulkFM-Binned with best C=0.1:
Holdout AUC: 0.5690
Holdout AUPRC: 0.1261
Holdout PR@10: 0.0000
Holdout Duration: 0.13s
DOID:2256,Unique genes before filter: 880
Unique genes in embed: 619
Holdout performance for /home/exouser/gene-embedding-benchmarks/data/embeddings/intersect/BulkFM-Binned with best C=10.0:
Holdout AUC: 0.5990
Holdout AUPRC: 0.1670
Holdout PR@10: 0.3000
Holdout Duration: 0.04s
DOID:0080012,Unique genes before filter: 545
Unique genes in embed: 384
Holdout performance for /home/exouser/gene-embedding-benchmarks/data/embeddings/intersect/BulkFM-Binned with best C=0.1:
Holdout AUC: 0.5292
Holdout AUPRC: 0.3422
Holdout PR@10: 0.4000
Holdout Duration: 0.02s
DOID:231,Unique genes before filter: 506
Unique genes in embed: 360
Holdout performance for /home/exouser/gene-embedding-benchmarks/data/embeddings/intersect/BulkFM-Binned with best C=10.0:
Holdout AUC: 0.6439
Holdout AUPRC: 0.1267
Holdout PR@10: 0.1000
Holdout Duration: 0.02s
DOID:1289,Unique genes before filter: 1958
Unique genes in embed: 1328
Holdout performance for /home/exouser/gene-embedding-benchmarks/data/embeddings/intersect/BulkFM-Binned with best C=0.1:
Holdout AUC: 0.4398
Holdout AUPRC: 0.0890
Holdout PR@10: 0.1000
Holdout Duration: 0.18s
DOID:440,Unique genes before filter: 748
Unique genes in embed: 526
Holdout performance for /home/exouser/gene-embedding-benchmarks/data/embeddings/intersect/BulkFM-Binned with best C=10.0:
Holdout AUC: 0.5331
Holdout AUPRC: 0.1043
Holdout PR@10: 0.0000
Holdout Duration: 0.04s
DOID:0050539,Unique genes before filter: 286
Unique genes in embed: 211
Holdout performance for /home/exouser/gene-embedding-benchmarks/data/embeddings/intersect/BulkFM-Binned with best C=1.0:
Holdout AUC: 0.6510
Holdout AUPRC: 0.1740
Holdout PR@10: 0.1000
Holdout Duration: 0.01s
DOID:10595,Unique genes before filter: 539
Unique genes in embed: 382
Holdout performance for /home/exouser/gene-embedding-benchmarks/data/embeddings/intersect/BulkFM-Binned with best C=0.1:
Holdout AUC: 0.6690
Holdout AUPRC: 0.2146
Holdout PR@10: 0.2000
Holdout Duration: 0.02s
DOID:870,Unique genes before filter: 1111
Unique genes in embed: 781
Holdout performance for /home/exouser/gene-embedding-benchmarks/data/embeddings/intersect/BulkFM-Binned with best C=1.0:
Holdout AUC: 0.4541
Holdout AUPRC: 0.0905
Holdout PR@10: 0.1000
Holdout Duration: 0.07s
DOID:2355,Unique genes before filter: 737
Unique genes in embed: 510
Holdout performance for /home/exouser/gene-embedding-benchmarks/data/embeddings/intersect/BulkFM-Binned with best C=0.1:
Holdout AUC: 0.2970
Holdout AUPRC: 0.0672
Holdout PR@10: 0.0000
Holdout Duration: 0.03s
DOID:12449,Unique genes before filter: 462
Unique genes in embed: 330
Holdout performance for /home/exouser/gene-embedding-benchmarks/data/embeddings/intersect/BulkFM-Binned with best C=1.0:
Holdout AUC: 0.3844
Holdout AUPRC: 0.0826
Holdout PR@10: 0.0000
Holdout Duration: 0.02s
DOID:423,Unique genes before filter: 1188
Unique genes in embed: 815
Holdout performance for /home/exouser/gene-embedding-benchmarks/data/embeddings/intersect/BulkFM-Binned with best C=0.1:
Holdout AUC: 0.4557
Holdout AUPRC: 0.0813
Holdout PR@10: 0.0000
Holdout Duration: 0.07s
DOID:0080000,Unique genes before filter: 1375
Unique genes in embed: 962
Holdout performance for /home/exouser/gene-embedding-benchmarks/data/embeddings/intersect/BulkFM-Binned with best C=0.1:
Holdout AUC: 0.4067
Holdout AUPRC: 0.1022
Holdout PR@10: 0.1000
Holdout Duration: 0.10s
DOID:9884,Unique genes before filter: 561
Unique genes in embed: 394
Holdout performance for /home/exouser/gene-embedding-benchmarks/data/embeddings/intersect/BulkFM-Binned with best C=1.0:
Holdout AUC: 0.3436
Holdout AUPRC: 0.0739
Holdout PR@10: 0.0000
Holdout Duration: 0.02s
DOID:66,Unique genes before filter: 1287
Unique genes in embed: 888
Holdout performance for /home/exouser/gene-embedding-benchmarks/data/embeddings/intersect/BulkFM-Binned with best C=0.1:
Holdout AUC: 0.4254
Holdout AUPRC: 0.0937
Holdout PR@10: 0.2000
Holdout Duration: 0.08s
DOID:2786,Unique genes before filter: 726
Unique genes in embed: 514
Holdout performance for /home/exouser/gene-embedding-benchmarks/data/embeddings/intersect/BulkFM-Binned with best C=0.1:
Holdout AUC: 0.4062
Holdout AUPRC: 0.1001
Holdout PR@10: 0.1000
Holdout Duration: 0.03s
DOID:9799,Unique genes before filter: 1056
Unique genes in embed: 720
Holdout performance for /home/exouser/gene-embedding-benchmarks/data/embeddings/intersect/BulkFM-Binned with best C=0.1:
Holdout AUC: 0.4858
Holdout AUPRC: 0.1305
Holdout PR@10: 0.1000
Holdout Duration: 0.06s
DOID:4448,Unique genes before filter: 286
Unique genes in embed: 195
Holdout performance for /home/exouser/gene-embedding-benchmarks/data/embeddings/intersect/BulkFM-Binned with best C=0.1:
Holdout AUC: 0.7750
Holdout AUPRC: 0.2330
Holdout PR@10: 0.2000
Holdout Duration: 0.01s
DOID:8466,Unique genes before filter: 1045
Unique genes in embed: 735
Holdout performance for /home/exouser/gene-embedding-benchmarks/data/embeddings/intersect/BulkFM-Binned with best C=10.0:
Holdout AUC: 0.6957
Holdout AUPRC: 0.1691
Holdout PR@10: 0.2000
Holdout Duration: 0.06s
DOID:5614,Unique genes before filter: 2508
Unique genes in embed: 1695
Holdout performance for /home/exouser/gene-embedding-benchmarks/data/embeddings/intersect/BulkFM-Binned with best C=1.0:
Holdout AUC: 0.5536
Holdout AUPRC: 0.1037
Holdout PR@10: 0.1000
Holdout Duration: 0.28s
DOID:5679,Unique genes before filter: 1353
Unique genes in embed: 949
Holdout performance for /home/exouser/gene-embedding-benchmarks/data/embeddings/intersect/BulkFM-Binned with best C=10.0:
Holdout AUC: 0.4014
Holdout AUPRC: 0.0737
Holdout PR@10: 0.0000
Holdout Duration: 0.09s
DOID:1091,Unique genes before filter: 242
Unique genes in embed: 155
Holdout performance for /home/exouser/gene-embedding-benchmarks/data/embeddings/intersect/BulkFM-Binned with best C=0.1:
Holdout AUC: 0.5000
Holdout AUPRC: 0.1212
Holdout PR@10: 0.1000
Holdout Duration: 0.01s
DOID:403,Unique genes before filter: 264
Unique genes in embed: 177
Holdout performance for /home/exouser/gene-embedding-benchmarks/data/embeddings/intersect/BulkFM-Binned with best C=10.0:
Holdout AUC: 0.5952
Holdout AUPRC: 0.1225
Holdout PR@10: 0.0000
Holdout Duration: 0.01s
DOID:0060564,Unique genes before filter: 352
Unique genes in embed: 243
Holdout performance for /home/exouser/gene-embedding-benchmarks/data/embeddings/intersect/BulkFM-Binned with best C=0.1:
Holdout AUC: 0.5238
Holdout AUPRC: 0.1219
Holdout PR@10: 0.1000
Holdout Duration: 0.01s
DOID:0050828,Unique genes before filter: 319
Unique genes in embed: 220
Holdout performance for /home/exouser/gene-embedding-benchmarks/data/embeddings/intersect/BulkFM-Binned with best C=0.1:
Holdout AUC: 0.2865
Holdout AUPRC: 0.0667
Holdout PR@10: 0.0000
Holdout Duration: 0.01s
DOID:178,Unique genes before filter: 539
Unique genes in embed: 368
Holdout performance for /home/exouser/gene-embedding-benchmarks/data/embeddings/intersect/BulkFM-Binned with best C=10.0:
Holdout AUC: 0.6092
Holdout AUPRC: 0.2464
Holdout PR@10: 0.1000
Holdout Duration: 0.02s
DOID:0060037,Unique genes before filter: 1980
Unique genes in embed: 1354
Holdout performance for /home/exouser/gene-embedding-benchmarks/data/embeddings/intersect/BulkFM-Binned with best C=0.1:
Holdout AUC: 0.5472
Holdout AUPRC: 0.1182
Holdout PR@10: 0.1000
Holdout Duration: 0.20s
DOID:0060309,Unique genes before filter: 396
Unique genes in embed: 283
Holdout performance for /home/exouser/gene-embedding-benchmarks/data/embeddings/intersect/BulkFM-Binned with best C=1.0:
Holdout AUC: 0.4924
Holdout AUPRC: 0.2398
Holdout PR@10: 0.1000
Holdout Duration: 0.01s
DOID:1059,Unique genes before filter: 1914
Unique genes in embed: 1296
Holdout performance for /home/exouser/gene-embedding-benchmarks/data/embeddings/intersect/BulkFM-Binned with best C=0.1:
Holdout AUC: 0.4296
Holdout AUPRC: 0.0768
Holdout PR@10: 0.0000
Holdout Duration: 0.21s
DOID:0060038,Unique genes before filter: 1980
Unique genes in embed: 1349
Holdout performance for /home/exouser/gene-embedding-benchmarks/data/embeddings/intersect/BulkFM-Binned with best C=0.1:
Holdout AUC: 0.5403
Holdout AUPRC: 0.0965
Holdout PR@10: 0.0000
Holdout Duration: 0.20s
DOID:0050888,Unique genes before filter: 462
Unique genes in embed: 331
Holdout performance for /home/exouser/gene-embedding-benchmarks/data/embeddings/intersect/BulkFM-Binned with best C=1.0:
Holdout AUC: 0.3948
Holdout AUPRC: 0.0830
Holdout PR@10: 0.0000
Holdout Duration: 0.02s
DOID:10273,Unique genes before filter: 253
Unique genes in embed: 178
Holdout performance for /home/exouser/gene-embedding-benchmarks/data/embeddings/intersect/BulkFM-Binned with best C=1.0:
Holdout AUC: 0.4674
Holdout AUPRC: 0.0884
Holdout PR@10: 0.0000
Holdout Duration: 0.01s
DOID:0050753,Unique genes before filter: 726
Unique genes in embed: 506
Holdout performance for /home/exouser/gene-embedding-benchmarks/data/embeddings/intersect/BulkFM-Binned with best C=0.1:
Holdout AUC: 0.5455
Holdout AUPRC: 0.1378
Holdout PR@10: 0.2000
Holdout Duration: 0.03s
DOID:0050951,Unique genes before filter: 825
Unique genes in embed: 586
Holdout performance for /home/exouser/gene-embedding-benchmarks/data/embeddings/intersect/BulkFM-Binned with best C=10.0:
Holdout AUC: 0.3725
Holdout AUPRC: 0.0792
Holdout PR@10: 0.0000
Holdout Duration: 0.03s
DOID:0050950,Unique genes before filter: 363
Unique genes in embed: 263
Holdout performance for /home/exouser/gene-embedding-benchmarks/data/embeddings/intersect/BulkFM-Binned with best C=1.0:
Holdout AUC: 0.6369
Holdout AUPRC: 0.1437
Holdout PR@10: 0.1000
Holdout Duration: 0.01s
DOID:2277,Unique genes before filter: 737
Unique genes in embed: 516
Holdout performance for /home/exouser/gene-embedding-benchmarks/data/embeddings/intersect/BulkFM-Binned with best C=0.1:
Holdout AUC: 0.5586
Holdout AUPRC: 0.1124
Holdout PR@10: 0.0000
Holdout Duration: 0.04s
DOID:1923,Unique genes before filter: 242
Unique genes in embed: 179
Holdout performance for /home/exouser/gene-embedding-benchmarks/data/embeddings/intersect/BulkFM-Binned with best C=0.1:
Holdout AUC: 0.3523
Holdout AUPRC: 0.0857
Holdout PR@10: 0.1000
Holdout Duration: 0.01s
DOID:1441,Unique genes before filter: 396
Unique genes in embed: 281
Holdout performance for /home/exouser/gene-embedding-benchmarks/data/embeddings/intersect/BulkFM-Binned with best C=0.1:
Holdout AUC: 0.7292
Holdout AUPRC: 0.2559
Holdout PR@10: 0.1000
Holdout Duration: 0.01s
DOID:607,Unique genes before filter: 638
Unique genes in embed: 434
Holdout performance for /home/exouser/gene-embedding-benchmarks/data/embeddings/intersect/BulkFM-Binned with best C=10.0:
Holdout AUC: 0.4637
Holdout AUPRC: 0.0847
Holdout PR@10: 0.0000
Holdout Duration: 0.02s
DOID:2476,Unique genes before filter: 638
Unique genes in embed: 453
Holdout performance for /home/exouser/gene-embedding-benchmarks/data/embeddings/intersect/BulkFM-Binned with best C=10.0:
Holdout AUC: 0.5233
Holdout AUPRC: 0.0981
Holdout PR@10: 0.1000
Holdout Duration: 0.03s
DOID:0080578,Unique genes before filter: 385
Unique genes in embed: 263
Holdout performance for /home/exouser/gene-embedding-benchmarks/data/embeddings/intersect/BulkFM-Binned with best C=0.1:
Holdout AUC: 0.6720
Holdout AUPRC: 0.1592
Holdout PR@10: 0.1000
Holdout Duration: 0.01s
DOID:627,Unique genes before filter: 209
Unique genes in embed: 145
Holdout performance for /home/exouser/gene-embedding-benchmarks/data/embeddings/intersect/BulkFM-Binned with best C=10.0:
Holdout AUC: 0.5500
Holdout AUPRC: 0.1330
Holdout PR@10: 0.1000
Holdout Duration: 0.01s
DOID:0111962,Unique genes before filter: 484
Unique genes in embed: 337
Holdout performance for /home/exouser/gene-embedding-benchmarks/data/embeddings/intersect/BulkFM-Binned with best C=10.0:
Holdout AUC: 0.4359
Holdout AUPRC: 0.0856
Holdout PR@10: 0.0000
Holdout Duration: 0.02s
DOID:2115,Unique genes before filter: 308
Unique genes in embed: 216
Holdout performance for /home/exouser/gene-embedding-benchmarks/data/embeddings/intersect/BulkFM-Binned with best C=1.0:
Holdout AUC: 0.3600
Holdout AUPRC: 0.0983
Holdout PR@10: 0.1000
Holdout Duration: 0.01s
DOID:2583,Unique genes before filter: 220
Unique genes in embed: 161
Holdout performance for /home/exouser/gene-embedding-benchmarks/data/embeddings/intersect/BulkFM-Binned with best C=0.1:
Holdout AUC: 0.6813
Holdout AUPRC: 0.1617
Holdout PR@10: 0.1000
Holdout Duration: 0.01s
DOID:0081337,Unique genes before filter: 330
Unique genes in embed: 234
Holdout performance for /home/exouser/gene-embedding-benchmarks/data/embeddings/intersect/BulkFM-Binned with best C=1.0:
Holdout AUC: 0.6192
Holdout AUPRC: 0.1469
Holdout PR@10: 0.0000
Holdout Duration: 0.01s
DOID:1247,Unique genes before filter: 462
Unique genes in embed: 347
Holdout performance for /home/exouser/gene-embedding-benchmarks/data/embeddings/intersect/BulkFM-Binned with best C=0.1:
Holdout AUC: 0.4530
Holdout AUPRC: 0.0907
Holdout PR@10: 0.0000
Holdout Duration: 0.02s
DOID:0060340,Unique genes before filter: 469
Unique genes in embed: 319
Holdout performance for /home/exouser/gene-embedding-benchmarks/data/embeddings/intersect/BulkFM-Binned with best C=1.0:
Holdout AUC: 0.6143
Holdout AUPRC: 0.1603
Holdout PR@10: 0.1000
Holdout Duration: 0.02s
DOID:0050777,Unique genes before filter: 275
Unique genes in embed: 204
Holdout performance for /home/exouser/gene-embedding-benchmarks/data/embeddings/intersect/BulkFM-Binned with best C=1.0:
Holdout AUC: 0.4375
Holdout AUPRC: 0.0957
Holdout PR@10: 0.0000
Holdout Duration: 0.01s
DOID:1826,Unique genes before filter: 1408
Unique genes in embed: 971
Holdout performance for /home/exouser/gene-embedding-benchmarks/data/embeddings/intersect/BulkFM-Binned with best C=10.0:
Holdout AUC: 0.5915
Holdout AUPRC: 0.1746
Holdout PR@10: 0.2000
Holdout Duration: 0.10s
DOID:0050563,Unique genes before filter: 1144
Unique genes in embed: 800
Holdout performance for /home/exouser/gene-embedding-benchmarks/data/embeddings/intersect/BulkFM-Binned with best C=0.1:
Holdout AUC: 0.4363
Holdout AUPRC: 0.0797
Holdout PR@10: 0.0000
Holdout Duration: 0.07s
DOID:0050564,Unique genes before filter: 450
Unique genes in embed: 322
Holdout performance for /home/exouser/gene-embedding-benchmarks/data/embeddings/intersect/BulkFM-Binned with best C=0.1:
Holdout AUC: 0.5556
Holdout AUPRC: 0.1682
Holdout PR@10: 0.2000
Holdout Duration: 0.02s
DOID:2742,Unique genes before filter: 1144
Unique genes in embed: 811
Holdout performance for /home/exouser/gene-embedding-benchmarks/data/embeddings/intersect/BulkFM-Binned with best C=10.0:
Holdout AUC: 0.5389
Holdout AUPRC: 0.1376
Holdout PR@10: 0.1000
Holdout Duration: 0.06s
DOID:10579,Unique genes before filter: 407
Unique genes in embed: 290
Holdout performance for /home/exouser/gene-embedding-benchmarks/data/embeddings/intersect/BulkFM-Binned with best C=0.1:
Holdout AUC: 0.2852
Holdout AUPRC: 0.0797
Holdout PR@10: 0.1000
Holdout Duration: 0.01s
DOID:1443,Unique genes before filter: 451
Unique genes in embed: 313
Holdout performance for /home/exouser/gene-embedding-benchmarks/data/embeddings/intersect/BulkFM-Binned with best C=0.1:
Holdout AUC: 0.5509
Holdout AUPRC: 0.1343
Holdout PR@10: 0.2000
Holdout Duration: 0.01s
DOID:0112202,Unique genes before filter: 1012
Unique genes in embed: 715
Holdout performance for /home/exouser/gene-embedding-benchmarks/data/embeddings/intersect/BulkFM-Binned with best C=1.0:
Holdout AUC: 0.4795
Holdout AUPRC: 0.0965
Holdout PR@10: 0.1000
Holdout Duration: 0.05s
DOID:0050701,Unique genes before filter: 1232
Unique genes in embed: 868
Holdout performance for /home/exouser/gene-embedding-benchmarks/data/embeddings/intersect/BulkFM-Binned with best C=0.1:
Holdout AUC: 0.5341
Holdout AUPRC: 0.2164
Holdout PR@10: 0.3000
Holdout Duration: 0.09s
DOID:0060307,Unique genes before filter: 478
Unique genes in embed: 329
Holdout performance for /home/exouser/gene-embedding-benchmarks/data/embeddings/intersect/BulkFM-Binned with best C=0.1:
Holdout AUC: 0.2397
Holdout AUPRC: 0.0696
Holdout PR@10: 0.0000
Holdout Duration: 0.02s
DOID:0111910,Unique genes before filter: 671
Unique genes in embed: 459
Holdout performance for /home/exouser/gene-embedding-benchmarks/data/embeddings/intersect/BulkFM-Binned with best C=0.1:
Holdout AUC: 0.4962
Holdout AUPRC: 0.1509
Holdout PR@10: 0.1000
Holdout Duration: 0.03s
DOID:48,Unique genes before filter: 847
Unique genes in embed: 580
Holdout performance for /home/exouser/gene-embedding-benchmarks/data/embeddings/intersect/BulkFM-Binned with best C=10.0:
Holdout AUC: 0.3904
Holdout AUPRC: 0.0737
Holdout PR@10: 0.0000
Holdout Duration: 0.03s
DOID:12336,Unique genes before filter: 682
Unique genes in embed: 470
Holdout performance for /home/exouser/gene-embedding-benchmarks/data/embeddings/intersect/BulkFM-Binned with best C=1.0:
Holdout AUC: 0.2438
Holdout AUPRC: 0.0649
Holdout PR@10: 0.0000
Holdout Duration: 0.03s
DOID:5212,Unique genes before filter: 418
Unique genes in embed: 293
Holdout performance for /home/exouser/gene-embedding-benchmarks/data/embeddings/intersect/BulkFM-Binned with best C=0.1:
Holdout AUC: 0.4724
Holdout AUPRC: 0.0905
Holdout PR@10: 0.0000
Holdout Duration: 0.01s
DOID:110,Unique genes before filter: 363
Unique genes in embed: 270
Holdout performance for /home/exouser/gene-embedding-benchmarks/data/embeddings/intersect/BulkFM-Binned with best C=10.0:
Holdout AUC: 0.5911
Holdout AUPRC: 0.2231
Holdout PR@10: 0.2000
Holdout Duration: 0.01s
DOID:83,Unique genes before filter: 341
Unique genes in embed: 252
Holdout performance for /home/exouser/gene-embedding-benchmarks/data/embeddings/intersect/BulkFM-Binned with best C=0.1:
Holdout AUC: 0.4812
Holdout AUPRC: 0.0963
Holdout PR@10: 0.1000
Holdout Duration: 0.01s
DOID:0060308,Unique genes before filter: 475
Unique genes in embed: 326
Holdout performance for /home/exouser/gene-embedding-benchmarks/data/embeddings/intersect/BulkFM-Binned with best C=10.0:
Holdout AUC: 0.4332
Holdout AUPRC: 0.0949
Holdout PR@10: 0.0000
Holdout Duration: 0.02s
DOID:0050776,Unique genes before filter: 220
Unique genes in embed: 167
Holdout performance for /home/exouser/gene-embedding-benchmarks/data/embeddings/intersect/BulkFM-Binned with best C=1.0:
Holdout AUC: 0.5188
Holdout AUPRC: 0.1192
Holdout PR@10: 0.1000
Holdout Duration: 0.01s
DOID:0050889,Unique genes before filter: 220
Unique genes in embed: 158
Holdout performance for /home/exouser/gene-embedding-benchmarks/data/embeddings/intersect/BulkFM-Binned with best C=0.1:
Holdout AUC: 0.5000
Holdout AUPRC: 0.1440
Holdout PR@10: 0.1000
Holdout Duration: 0.01s
DOID:0050565,Unique genes before filter: 464
Unique genes in embed: 324
Holdout performance for /home/exouser/gene-embedding-benchmarks/data/embeddings/intersect/BulkFM-Binned with best C=0.1:
Holdout AUC: 0.5383
Holdout AUPRC: 0.1988
Holdout PR@10: 0.2000
Holdout Duration: 0.02s
DOID:9562,Unique genes before filter: 418
Unique genes in embed: 290
Holdout performance for /home/exouser/gene-embedding-benchmarks/data/embeddings/intersect/BulkFM-Binned with best C=1.0:
Holdout AUC: 0.6400
Holdout AUPRC: 0.2090
Holdout PR@10: 0.2000
Holdout Duration: 0.01s
DOID:10584,Unique genes before filter: 671
Unique genes in embed: 473
Holdout performance for /home/exouser/gene-embedding-benchmarks/data/embeddings/intersect/BulkFM-Binned with best C=0.1:
Holdout AUC: 0.2983
Holdout AUPRC: 0.0666
Holdout PR@10: 0.0000
Holdout Duration: 0.03s
DOID:5295,Unique genes before filter: 462
Unique genes in embed: 314
Holdout performance for /home/exouser/gene-embedding-benchmarks/data/embeddings/intersect/BulkFM-Binned with best C=0.1:
Holdout AUC: 0.5099
Holdout AUPRC: 0.1227
Holdout PR@10: 0.1000
Holdout Duration: 0.02s
DOID:3119,Unique genes before filter: 451
Unique genes in embed: 328
Holdout performance for /home/exouser/gene-embedding-benchmarks/data/embeddings/intersect/BulkFM-Binned with best C=10.0:
Holdout AUC: 0.4680
Holdout AUPRC: 0.0849
Holdout PR@10: 0.0000
Holdout Duration: 0.02s
DOID:229,Unique genes before filter: 308
Unique genes in embed: 215
Holdout performance for /home/exouser/gene-embedding-benchmarks/data/embeddings/intersect/BulkFM-Binned with best C=1.0:
Holdout AUC: 0.8920
Holdout AUPRC: 0.4661
Holdout PR@10: 0.3000
Holdout Duration: 0.01s
DOID:1100,Unique genes before filter: 253
Unique genes in embed: 180
Holdout performance for /home/exouser/gene-embedding-benchmarks/data/embeddings/intersect/BulkFM-Binned with best C=0.1:
Holdout AUC: 0.5875
Holdout AUPRC: 0.1600
Holdout PR@10: 0.1000
Holdout Duration: 0.01s
DOID:12930,Unique genes before filter: 385
Unique genes in embed: 261
Holdout performance for /home/exouser/gene-embedding-benchmarks/data/embeddings/intersect/BulkFM-Binned with best C=0.1:
Holdout AUC: 0.4793
Holdout AUPRC: 0.0879
Holdout PR@10: 0.0000
Holdout Duration: 0.01s
DOID:1342,Unique genes before filter: 363
Unique genes in embed: 256
Holdout performance for /home/exouser/gene-embedding-benchmarks/data/embeddings/intersect/BulkFM-Binned with best C=10.0:
Holdout AUC: 0.2704
Holdout AUPRC: 0.0669
Holdout PR@10: 0.0000
Holdout Duration: 0.01s
DOID:9256,Unique genes before filter: 253
Unique genes in embed: 184
Holdout performance for /home/exouser/gene-embedding-benchmarks/data/embeddings/intersect/BulkFM-Binned with best C=0.1:
Holdout AUC: 0.2857
Holdout AUPRC: 0.0728
Holdout PR@10: 0.0000
Holdout Duration: 0.01s
DOID:10155,Unique genes before filter: 253
Unique genes in embed: 176
Holdout performance for /home/exouser/gene-embedding-benchmarks/data/embeddings/intersect/BulkFM-Binned with best C=0.1:
Holdout AUC: 0.2619
Holdout AUPRC: 0.0714
Holdout PR@10: 0.0000
Holdout Duration: 0.01s
DOID:5672,Unique genes before filter: 253
Unique genes in embed: 179
Holdout performance for /home/exouser/gene-embedding-benchmarks/data/embeddings/intersect/BulkFM-Binned with best C=1.0:
Holdout AUC: 0.3869
Holdout AUPRC: 0.1237
Holdout PR@10: 0.1000
Holdout Duration: 0.01s
Saved fold results to /home/exouser/gene-embedding-benchmarks/results/tsvs/BulkFM-Binned_fold_results.pkl
Saved holdout results to /home/exouser/gene-embedding-benchmarks/results/tsvs/BulkFM-Binned_holdout_results.pkl
