DOID:65,Unique genes before filter: 2409
Unique genes in embed: 1604
Holdout performance for /home/exouser/gene-embedding-benchmarks/data/embeddings/intersect/BulkFM-MASK-CONT-VAR with best C=10.0:
Holdout AUC: 0.4352
Holdout AUPRC: 0.0795
Holdout PR@10: 0.1000
Holdout Duration: 0.19s
DOID:0050161,Unique genes before filter: 374
Unique genes in embed: 274
Holdout performance for /home/exouser/gene-embedding-benchmarks/data/embeddings/intersect/BulkFM-MASK-CONT-VAR with best C=1.0:
Holdout AUC: 0.5586
Holdout AUPRC: 0.1901
Holdout PR@10: 0.1000
Holdout Duration: 0.01s
DOID:417,Unique genes before filter: 440
Unique genes in embed: 315
Holdout performance for /home/exouser/gene-embedding-benchmarks/data/embeddings/intersect/BulkFM-MASK-CONT-VAR with best C=1.0:
Holdout AUC: 0.5534
Holdout AUPRC: 0.1994
Holdout PR@10: 0.2000
Holdout Duration: 0.02s
DOID:612,Unique genes before filter: 1672
Unique genes in embed: 1142
Holdout performance for /home/exouser/gene-embedding-benchmarks/data/embeddings/intersect/BulkFM-MASK-CONT-VAR with best C=0.1:
Holdout AUC: 0.5684
Holdout AUPRC: 0.1549
Holdout PR@10: 0.2000
Holdout Duration: 0.16s
DOID:0050739,Unique genes before filter: 1943
Unique genes in embed: 1285
Holdout performance for /home/exouser/gene-embedding-benchmarks/data/embeddings/intersect/BulkFM-MASK-CONT-VAR with best C=0.1:
Holdout AUC: 0.5429
Holdout AUPRC: 0.8520
Holdout PR@10: 0.7000
Holdout Duration: 0.21s
DOID:0050736,Unique genes before filter: 1321
Unique genes in embed: 912
Holdout performance for /home/exouser/gene-embedding-benchmarks/data/embeddings/intersect/BulkFM-MASK-CONT-VAR with best C=0.1:
Holdout AUC: 0.5196
Holdout AUPRC: 0.6860
Holdout PR@10: 0.7000
Holdout Duration: 0.11s
DOID:0050686,Unique genes before filter: 1551
Unique genes in embed: 1069
Holdout performance for /home/exouser/gene-embedding-benchmarks/data/embeddings/intersect/BulkFM-MASK-CONT-VAR with best C=10.0:
Holdout AUC: 0.5562
Holdout AUPRC: 0.1013
Holdout PR@10: 0.0000
Holdout Duration: 0.08s
DOID:0050687,Unique genes before filter: 418
Unique genes in embed: 289
Holdout performance for /home/exouser/gene-embedding-benchmarks/data/embeddings/intersect/BulkFM-MASK-CONT-VAR with best C=1.0:
Holdout AUC: 0.6138
Holdout AUPRC: 0.2941
Holdout PR@10: 0.1000
Holdout Duration: 0.01s
DOID:557,Unique genes before filter: 946
Unique genes in embed: 661
Holdout performance for /home/exouser/gene-embedding-benchmarks/data/embeddings/intersect/BulkFM-MASK-CONT-VAR with best C=0.1:
Holdout AUC: 0.5339
Holdout AUPRC: 0.1037
Holdout PR@10: 0.1000
Holdout Duration: 0.05s
DOID:305,Unique genes before filter: 319
Unique genes in embed: 220
Holdout performance for /home/exouser/gene-embedding-benchmarks/data/embeddings/intersect/BulkFM-MASK-CONT-VAR with best C=0.1:
Holdout AUC: 0.5417
Holdout AUPRC: 0.3310
Holdout PR@10: 0.1000
Holdout Duration: 0.01s
DOID:37,Unique genes before filter: 1210
Unique genes in embed: 837
Holdout performance for /home/exouser/gene-embedding-benchmarks/data/embeddings/intersect/BulkFM-MASK-CONT-VAR with best C=0.1:
Holdout AUC: 0.5598
Holdout AUPRC: 0.2159
Holdout PR@10: 0.2000
Holdout Duration: 0.08s
DOID:936,Unique genes before filter: 2676
Unique genes in embed: 1787
Holdout performance for /home/exouser/gene-embedding-benchmarks/data/embeddings/intersect/BulkFM-MASK-CONT-VAR with best C=0.1:
Holdout AUC: 0.5963
Holdout AUPRC: 0.1670
Holdout PR@10: 0.2000
Holdout Duration: 0.36s
DOID:114,Unique genes before filter: 1067
Unique genes in embed: 736
Holdout performance for /home/exouser/gene-embedding-benchmarks/data/embeddings/intersect/BulkFM-MASK-CONT-VAR with best C=0.1:
Holdout AUC: 0.4485
Holdout AUPRC: 0.0933
Holdout PR@10: 0.1000
Holdout Duration: 0.06s
DOID:0060036,Unique genes before filter: 649
Unique genes in embed: 452
Holdout performance for /home/exouser/gene-embedding-benchmarks/data/embeddings/intersect/BulkFM-MASK-CONT-VAR with best C=10.0:
Holdout AUC: 0.6698
Holdout AUPRC: 0.1353
Holdout PR@10: 0.0000
Holdout Duration: 0.02s
DOID:0050700,Unique genes before filter: 649
Unique genes in embed: 468
Holdout performance for /home/exouser/gene-embedding-benchmarks/data/embeddings/intersect/BulkFM-MASK-CONT-VAR with best C=100.0:
Holdout AUC: 0.4849
Holdout AUPRC: 0.1006
Holdout PR@10: 0.1000
Holdout Duration: 0.02s
DOID:0050737,Unique genes before filter: 1864
Unique genes in embed: 1209
Holdout performance for /home/exouser/gene-embedding-benchmarks/data/embeddings/intersect/BulkFM-MASK-CONT-VAR with best C=1.0:
Holdout AUC: 0.5094
Holdout AUPRC: 0.7618
Holdout PR@10: 0.9000
Holdout Duration: 0.16s
DOID:0080009,Unique genes before filter: 385
Unique genes in embed: 274
Holdout performance for /home/exouser/gene-embedding-benchmarks/data/embeddings/intersect/BulkFM-MASK-CONT-VAR with best C=0.1:
Holdout AUC: 0.4597
Holdout AUPRC: 0.2535
Holdout PR@10: 0.1000
Holdout Duration: 0.01s
DOID:0050735,Unique genes before filter: 604
Unique genes in embed: 432
Holdout performance for /home/exouser/gene-embedding-benchmarks/data/embeddings/intersect/BulkFM-MASK-CONT-VAR with best C=1.0:
Holdout AUC: 0.6604
Holdout AUPRC: 0.4689
Holdout PR@10: 0.7000
Holdout Duration: 0.03s
DOID:0080001,Unique genes before filter: 1969
Unique genes in embed: 1330
Holdout performance for /home/exouser/gene-embedding-benchmarks/data/embeddings/intersect/BulkFM-MASK-CONT-VAR with best C=10.0:
Holdout AUC: 0.4675
Holdout AUPRC: 0.0830
Holdout PR@10: 0.1000
Holdout Duration: 0.12s
DOID:0080005,Unique genes before filter: 297
Unique genes in embed: 213
Holdout performance for /home/exouser/gene-embedding-benchmarks/data/embeddings/intersect/BulkFM-MASK-CONT-VAR with best C=0.1:
Holdout AUC: 0.4679
Holdout AUPRC: 0.1081
Holdout PR@10: 0.1000
Holdout Duration: 0.01s
DOID:2490,Unique genes before filter: 418
Unique genes in embed: 290
Holdout performance for /home/exouser/gene-embedding-benchmarks/data/embeddings/intersect/BulkFM-MASK-CONT-VAR with best C=0.1:
Holdout AUC: 0.4194
Holdout AUPRC: 0.0858
Holdout PR@10: 0.0000
Holdout Duration: 0.01s
DOID:4961,Unique genes before filter: 242
Unique genes in embed: 184
Holdout performance for /home/exouser/gene-embedding-benchmarks/data/embeddings/intersect/BulkFM-MASK-CONT-VAR with best C=10.0:
Holdout AUC: 0.2360
Holdout AUPRC: 0.0691
Holdout PR@10: 0.0000
Holdout Duration: 0.01s
DOID:2531,Unique genes before filter: 462
Unique genes in embed: 341
Holdout performance for /home/exouser/gene-embedding-benchmarks/data/embeddings/intersect/BulkFM-MASK-CONT-VAR with best C=10.0:
Holdout AUC: 0.5816
Holdout AUPRC: 0.2482
Holdout PR@10: 0.2000
Holdout Duration: 0.01s
DOID:1934,Unique genes before filter: 396
Unique genes in embed: 279
Holdout performance for /home/exouser/gene-embedding-benchmarks/data/embeddings/intersect/BulkFM-MASK-CONT-VAR with best C=100.0:
Holdout AUC: 0.3464
Holdout AUPRC: 0.0726
Holdout PR@10: 0.0000
Holdout Duration: 0.01s
DOID:0080006,Unique genes before filter: 1496
Unique genes in embed: 1033
Holdout performance for /home/exouser/gene-embedding-benchmarks/data/embeddings/intersect/BulkFM-MASK-CONT-VAR with best C=10.0:
Holdout AUC: 0.4407
Holdout AUPRC: 0.0988
Holdout PR@10: 0.1000
Holdout Duration: 0.08s
DOID:2256,Unique genes before filter: 880
Unique genes in embed: 619
Holdout performance for /home/exouser/gene-embedding-benchmarks/data/embeddings/intersect/BulkFM-MASK-CONT-VAR with best C=0.1:
Holdout AUC: 0.2753
Holdout AUPRC: 0.0631
Holdout PR@10: 0.0000
Holdout Duration: 0.04s
DOID:0080012,Unique genes before filter: 545
Unique genes in embed: 384
Holdout performance for /home/exouser/gene-embedding-benchmarks/data/embeddings/intersect/BulkFM-MASK-CONT-VAR with best C=0.1:
Holdout AUC: 0.6608
Holdout AUPRC: 0.3036
Holdout PR@10: 0.4000
Holdout Duration: 0.02s
DOID:231,Unique genes before filter: 506
Unique genes in embed: 360
Holdout performance for /home/exouser/gene-embedding-benchmarks/data/embeddings/intersect/BulkFM-MASK-CONT-VAR with best C=10.0:
Holdout AUC: 0.2652
Holdout AUPRC: 0.0628
Holdout PR@10: 0.0000
Holdout Duration: 0.01s
DOID:1289,Unique genes before filter: 1958
Unique genes in embed: 1328
Holdout performance for /home/exouser/gene-embedding-benchmarks/data/embeddings/intersect/BulkFM-MASK-CONT-VAR with best C=1.0:
Holdout AUC: 0.4845
Holdout AUPRC: 0.1053
Holdout PR@10: 0.2000
Holdout Duration: 0.17s
DOID:440,Unique genes before filter: 748
Unique genes in embed: 526
Holdout performance for /home/exouser/gene-embedding-benchmarks/data/embeddings/intersect/BulkFM-MASK-CONT-VAR with best C=0.1:
Holdout AUC: 0.5462
Holdout AUPRC: 0.1046
Holdout PR@10: 0.0000
Holdout Duration: 0.03s
DOID:0050539,Unique genes before filter: 286
Unique genes in embed: 211
Holdout performance for /home/exouser/gene-embedding-benchmarks/data/embeddings/intersect/BulkFM-MASK-CONT-VAR with best C=0.1:
Holdout AUC: 0.5990
Holdout AUPRC: 0.1248
Holdout PR@10: 0.0000
Holdout Duration: 0.01s
DOID:10595,Unique genes before filter: 539
Unique genes in embed: 382
Holdout performance for /home/exouser/gene-embedding-benchmarks/data/embeddings/intersect/BulkFM-MASK-CONT-VAR with best C=0.1:
Holdout AUC: 0.4588
Holdout AUPRC: 0.0832
Holdout PR@10: 0.0000
Holdout Duration: 0.02s
DOID:870,Unique genes before filter: 1111
Unique genes in embed: 781
Holdout performance for /home/exouser/gene-embedding-benchmarks/data/embeddings/intersect/BulkFM-MASK-CONT-VAR with best C=10.0:
Holdout AUC: 0.4445
Holdout AUPRC: 0.0855
Holdout PR@10: 0.1000
Holdout Duration: 0.05s
DOID:2355,Unique genes before filter: 737
Unique genes in embed: 510
Holdout performance for /home/exouser/gene-embedding-benchmarks/data/embeddings/intersect/BulkFM-MASK-CONT-VAR with best C=1.0:
Holdout AUC: 0.4730
Holdout AUPRC: 0.1204
Holdout PR@10: 0.1000
Holdout Duration: 0.03s
DOID:12449,Unique genes before filter: 462
Unique genes in embed: 330
Holdout performance for /home/exouser/gene-embedding-benchmarks/data/embeddings/intersect/BulkFM-MASK-CONT-VAR with best C=10.0:
Holdout AUC: 0.5833
Holdout AUPRC: 0.1575
Holdout PR@10: 0.2000
Holdout Duration: 0.01s
DOID:423,Unique genes before filter: 1188
Unique genes in embed: 815
Holdout performance for /home/exouser/gene-embedding-benchmarks/data/embeddings/intersect/BulkFM-MASK-CONT-VAR with best C=100.0:
Holdout AUC: 0.5022
Holdout AUPRC: 0.1036
Holdout PR@10: 0.1000
Holdout Duration: 0.06s
DOID:0080000,Unique genes before filter: 1375
Unique genes in embed: 962
Holdout performance for /home/exouser/gene-embedding-benchmarks/data/embeddings/intersect/BulkFM-MASK-CONT-VAR with best C=0.1:
Holdout AUC: 0.4463
Holdout AUPRC: 0.0798
Holdout PR@10: 0.0000
Holdout Duration: 0.11s
DOID:9884,Unique genes before filter: 561
Unique genes in embed: 394
Holdout performance for /home/exouser/gene-embedding-benchmarks/data/embeddings/intersect/BulkFM-MASK-CONT-VAR with best C=0.1:
Holdout AUC: 0.5386
Holdout AUPRC: 0.1025
Holdout PR@10: 0.0000
Holdout Duration: 0.02s
DOID:66,Unique genes before filter: 1287
Unique genes in embed: 888
Holdout performance for /home/exouser/gene-embedding-benchmarks/data/embeddings/intersect/BulkFM-MASK-CONT-VAR with best C=0.1:
Holdout AUC: 0.4068
Holdout AUPRC: 0.0755
Holdout PR@10: 0.0000
Holdout Duration: 0.09s
DOID:2786,Unique genes before filter: 726
Unique genes in embed: 514
Holdout performance for /home/exouser/gene-embedding-benchmarks/data/embeddings/intersect/BulkFM-MASK-CONT-VAR with best C=0.1:
Holdout AUC: 0.6444
Holdout AUPRC: 0.1931
Holdout PR@10: 0.3000
Holdout Duration: 0.03s
DOID:9799,Unique genes before filter: 1056
Unique genes in embed: 720
Holdout performance for /home/exouser/gene-embedding-benchmarks/data/embeddings/intersect/BulkFM-MASK-CONT-VAR with best C=1.0:
Holdout AUC: 0.6272
Holdout AUPRC: 0.1966
Holdout PR@10: 0.2000
Holdout Duration: 0.05s
DOID:4448,Unique genes before filter: 286
Unique genes in embed: 195
Holdout performance for /home/exouser/gene-embedding-benchmarks/data/embeddings/intersect/BulkFM-MASK-CONT-VAR with best C=10.0:
Holdout AUC: 0.4062
Holdout AUPRC: 0.1895
Holdout PR@10: 0.1000
Holdout Duration: 0.01s
DOID:8466,Unique genes before filter: 1045
Unique genes in embed: 735
Holdout performance for /home/exouser/gene-embedding-benchmarks/data/embeddings/intersect/BulkFM-MASK-CONT-VAR with best C=1.0:
Holdout AUC: 0.5127
Holdout AUPRC: 0.1049
Holdout PR@10: 0.1000
Holdout Duration: 0.05s
DOID:5614,Unique genes before filter: 2508
Unique genes in embed: 1695
Holdout performance for /home/exouser/gene-embedding-benchmarks/data/embeddings/intersect/BulkFM-MASK-CONT-VAR with best C=0.1:
Holdout AUC: 0.4974
Holdout AUPRC: 0.1144
Holdout PR@10: 0.2000
Holdout Duration: 0.30s
DOID:5679,Unique genes before filter: 1353
Unique genes in embed: 949
Holdout performance for /home/exouser/gene-embedding-benchmarks/data/embeddings/intersect/BulkFM-MASK-CONT-VAR with best C=1.0:
Holdout AUC: 0.5833
Holdout AUPRC: 0.1187
Holdout PR@10: 0.1000
Holdout Duration: 0.08s
DOID:1091,Unique genes before filter: 242
Unique genes in embed: 155
Holdout performance for /home/exouser/gene-embedding-benchmarks/data/embeddings/intersect/BulkFM-MASK-CONT-VAR with best C=1.0:
Holdout AUC: 0.6250
Holdout AUPRC: 0.1851
Holdout PR@10: 0.3000
Holdout Duration: 0.01s
DOID:403,Unique genes before filter: 264
Unique genes in embed: 177
Holdout performance for /home/exouser/gene-embedding-benchmarks/data/embeddings/intersect/BulkFM-MASK-CONT-VAR with best C=10.0:
Holdout AUC: 0.5298
Holdout AUPRC: 0.1148
Holdout PR@10: 0.0000
Holdout Duration: 0.01s
DOID:0060564,Unique genes before filter: 352
Unique genes in embed: 243
Holdout performance for /home/exouser/gene-embedding-benchmarks/data/embeddings/intersect/BulkFM-MASK-CONT-VAR with best C=0.1:
Holdout AUC: 0.6369
Holdout AUPRC: 0.1980
Holdout PR@10: 0.2000
Holdout Duration: 0.01s
DOID:0050828,Unique genes before filter: 319
Unique genes in embed: 220
Holdout performance for /home/exouser/gene-embedding-benchmarks/data/embeddings/intersect/BulkFM-MASK-CONT-VAR with best C=10.0:
Holdout AUC: 0.4167
Holdout AUPRC: 0.1420
Holdout PR@10: 0.1000
Holdout Duration: 0.01s
DOID:178,Unique genes before filter: 539
Unique genes in embed: 368
Holdout performance for /home/exouser/gene-embedding-benchmarks/data/embeddings/intersect/BulkFM-MASK-CONT-VAR with best C=10.0:
Holdout AUC: 0.5111
Holdout AUPRC: 0.1028
Holdout PR@10: 0.1000
Holdout Duration: 0.02s
DOID:0060037,Unique genes before filter: 1980
Unique genes in embed: 1354
Holdout performance for /home/exouser/gene-embedding-benchmarks/data/embeddings/intersect/BulkFM-MASK-CONT-VAR with best C=10.0:
Holdout AUC: 0.5634
Holdout AUPRC: 0.1233
Holdout PR@10: 0.1000
Holdout Duration: 0.12s
DOID:0060309,Unique genes before filter: 396
Unique genes in embed: 283
Holdout performance for /home/exouser/gene-embedding-benchmarks/data/embeddings/intersect/BulkFM-MASK-CONT-VAR with best C=1.0:
Holdout AUC: 0.5556
Holdout AUPRC: 0.1245
Holdout PR@10: 0.2000
Holdout Duration: 0.01s
DOID:1059,Unique genes before filter: 1914
Unique genes in embed: 1296
Holdout performance for /home/exouser/gene-embedding-benchmarks/data/embeddings/intersect/BulkFM-MASK-CONT-VAR with best C=100.0:
Holdout AUC: 0.4452
Holdout AUPRC: 0.0824
Holdout PR@10: 0.1000
Holdout Duration: 0.14s
DOID:0060038,Unique genes before filter: 1980
Unique genes in embed: 1349
Holdout performance for /home/exouser/gene-embedding-benchmarks/data/embeddings/intersect/BulkFM-MASK-CONT-VAR with best C=0.1:
Holdout AUC: 0.4479
Holdout AUPRC: 0.0827
Holdout PR@10: 0.0000
Holdout Duration: 0.22s
DOID:0050888,Unique genes before filter: 462
Unique genes in embed: 331
Holdout performance for /home/exouser/gene-embedding-benchmarks/data/embeddings/intersect/BulkFM-MASK-CONT-VAR with best C=10.0:
Holdout AUC: 0.4512
Holdout AUPRC: 0.0858
Holdout PR@10: 0.0000
Holdout Duration: 0.02s
DOID:10273,Unique genes before filter: 253
Unique genes in embed: 178
Holdout performance for /home/exouser/gene-embedding-benchmarks/data/embeddings/intersect/BulkFM-MASK-CONT-VAR with best C=10.0:
Holdout AUC: 0.6141
Holdout AUPRC: 0.1210
Holdout PR@10: 0.0000
Holdout Duration: 0.01s
DOID:0050753,Unique genes before filter: 726
Unique genes in embed: 506
Holdout performance for /home/exouser/gene-embedding-benchmarks/data/embeddings/intersect/BulkFM-MASK-CONT-VAR with best C=1.0:
Holdout AUC: 0.5966
Holdout AUPRC: 0.1160
Holdout PR@10: 0.0000
Holdout Duration: 0.03s
DOID:0050951,Unique genes before filter: 825
Unique genes in embed: 586
Holdout performance for /home/exouser/gene-embedding-benchmarks/data/embeddings/intersect/BulkFM-MASK-CONT-VAR with best C=0.1:
Holdout AUC: 0.4588
Holdout AUPRC: 0.0873
Holdout PR@10: 0.0000
Holdout Duration: 0.04s
DOID:0050950,Unique genes before filter: 363
Unique genes in embed: 263
Holdout performance for /home/exouser/gene-embedding-benchmarks/data/embeddings/intersect/BulkFM-MASK-CONT-VAR with best C=10.0:
Holdout AUC: 0.6964
Holdout AUPRC: 0.1740
Holdout PR@10: 0.2000
Holdout Duration: 0.01s
DOID:2277,Unique genes before filter: 737
Unique genes in embed: 516
Holdout performance for /home/exouser/gene-embedding-benchmarks/data/embeddings/intersect/BulkFM-MASK-CONT-VAR with best C=100.0:
Holdout AUC: 0.4884
Holdout AUPRC: 0.0934
Holdout PR@10: 0.0000
Holdout Duration: 0.03s
DOID:1923,Unique genes before filter: 242
Unique genes in embed: 179
Holdout performance for /home/exouser/gene-embedding-benchmarks/data/embeddings/intersect/BulkFM-MASK-CONT-VAR with best C=0.1:
Holdout AUC: 0.4830
Holdout AUPRC: 0.0944
Holdout PR@10: 0.0000
Holdout Duration: 0.01s
DOID:1441,Unique genes before filter: 396
Unique genes in embed: 281
Holdout performance for /home/exouser/gene-embedding-benchmarks/data/embeddings/intersect/BulkFM-MASK-CONT-VAR with best C=1.0:
Holdout AUC: 0.3281
Holdout AUPRC: 0.0684
Holdout PR@10: 0.0000
Holdout Duration: 0.01s
DOID:607,Unique genes before filter: 638
Unique genes in embed: 434
Holdout performance for /home/exouser/gene-embedding-benchmarks/data/embeddings/intersect/BulkFM-MASK-CONT-VAR with best C=10.0:
Holdout AUC: 0.2936
Holdout AUPRC: 0.0640
Holdout PR@10: 0.0000
Holdout Duration: 0.02s
DOID:2476,Unique genes before filter: 638
Unique genes in embed: 453
Holdout performance for /home/exouser/gene-embedding-benchmarks/data/embeddings/intersect/BulkFM-MASK-CONT-VAR with best C=10.0:
Holdout AUC: 0.4273
Holdout AUPRC: 0.0863
Holdout PR@10: 0.0000
Holdout Duration: 0.02s
DOID:0080578,Unique genes before filter: 385
Unique genes in embed: 263
Holdout performance for /home/exouser/gene-embedding-benchmarks/data/embeddings/intersect/BulkFM-MASK-CONT-VAR with best C=1.0:
Holdout AUC: 0.3575
Holdout AUPRC: 0.0766
Holdout PR@10: 0.0000
Holdout Duration: 0.01s
DOID:627,Unique genes before filter: 209
Unique genes in embed: 145
Holdout performance for /home/exouser/gene-embedding-benchmarks/data/embeddings/intersect/BulkFM-MASK-CONT-VAR with best C=1.0:
Holdout AUC: 0.5500
Holdout AUPRC: 0.1527
Holdout PR@10: 0.1000
Holdout Duration: 0.01s
DOID:0111962,Unique genes before filter: 484
Unique genes in embed: 337
Holdout performance for /home/exouser/gene-embedding-benchmarks/data/embeddings/intersect/BulkFM-MASK-CONT-VAR with best C=10.0:
Holdout AUC: 0.6016
Holdout AUPRC: 0.1299
Holdout PR@10: 0.1000
Holdout Duration: 0.02s
DOID:2115,Unique genes before filter: 308
Unique genes in embed: 216
Holdout performance for /home/exouser/gene-embedding-benchmarks/data/embeddings/intersect/BulkFM-MASK-CONT-VAR with best C=0.1:
Holdout AUC: 0.6800
Holdout AUPRC: 0.1514
Holdout PR@10: 0.1000
Holdout Duration: 0.01s
DOID:2583,Unique genes before filter: 220
Unique genes in embed: 161
Holdout performance for /home/exouser/gene-embedding-benchmarks/data/embeddings/intersect/BulkFM-MASK-CONT-VAR with best C=0.1:
Holdout AUC: 0.5188
Holdout AUPRC: 0.1204
Holdout PR@10: 0.1000
Holdout Duration: 0.01s
DOID:0081337,Unique genes before filter: 330
Unique genes in embed: 234
Holdout performance for /home/exouser/gene-embedding-benchmarks/data/embeddings/intersect/BulkFM-MASK-CONT-VAR with best C=0.1:
Holdout AUC: 0.5154
Holdout AUPRC: 0.1079
Holdout PR@10: 0.0000
Holdout Duration: 0.01s
DOID:1247,Unique genes before filter: 462
Unique genes in embed: 347
Holdout performance for /home/exouser/gene-embedding-benchmarks/data/embeddings/intersect/BulkFM-MASK-CONT-VAR with best C=10.0:
Holdout AUC: 0.4192
Holdout AUPRC: 0.0805
Holdout PR@10: 0.0000
Holdout Duration: 0.02s
DOID:0060340,Unique genes before filter: 469
Unique genes in embed: 319
Holdout performance for /home/exouser/gene-embedding-benchmarks/data/embeddings/intersect/BulkFM-MASK-CONT-VAR with best C=1.0:
Holdout AUC: 0.4159
Holdout AUPRC: 0.1069
Holdout PR@10: 0.0000
Holdout Duration: 0.02s
DOID:0050777,Unique genes before filter: 275
Unique genes in embed: 204
Holdout performance for /home/exouser/gene-embedding-benchmarks/data/embeddings/intersect/BulkFM-MASK-CONT-VAR with best C=0.1:
Holdout AUC: 0.7188
Holdout AUPRC: 0.2426
Holdout PR@10: 0.2000
Holdout Duration: 0.01s
DOID:1826,Unique genes before filter: 1408
Unique genes in embed: 971
Holdout performance for /home/exouser/gene-embedding-benchmarks/data/embeddings/intersect/BulkFM-MASK-CONT-VAR with best C=0.1:
Holdout AUC: 0.5264
Holdout AUPRC: 0.0951
Holdout PR@10: 0.0000
Holdout Duration: 0.12s
DOID:0050563,Unique genes before filter: 1144
Unique genes in embed: 800
Holdout performance for /home/exouser/gene-embedding-benchmarks/data/embeddings/intersect/BulkFM-MASK-CONT-VAR with best C=1.0:
Holdout AUC: 0.4269
Holdout AUPRC: 0.0935
Holdout PR@10: 0.1000
Holdout Duration: 0.06s
DOID:0050564,Unique genes before filter: 450
Unique genes in embed: 322
Holdout performance for /home/exouser/gene-embedding-benchmarks/data/embeddings/intersect/BulkFM-MASK-CONT-VAR with best C=0.1:
Holdout AUC: 0.4972
Holdout AUPRC: 0.1719
Holdout PR@10: 0.1000
Holdout Duration: 0.02s
DOID:2742,Unique genes before filter: 1144
Unique genes in embed: 811
Holdout performance for /home/exouser/gene-embedding-benchmarks/data/embeddings/intersect/BulkFM-MASK-CONT-VAR with best C=1.0:
Holdout AUC: 0.4402
Holdout AUPRC: 0.1058
Holdout PR@10: 0.1000
Holdout Duration: 0.06s
DOID:10579,Unique genes before filter: 407
Unique genes in embed: 290
Holdout performance for /home/exouser/gene-embedding-benchmarks/data/embeddings/intersect/BulkFM-MASK-CONT-VAR with best C=0.1:
Holdout AUC: 0.4444
Holdout AUPRC: 0.0866
Holdout PR@10: 0.0000
Holdout Duration: 0.01s
DOID:1443,Unique genes before filter: 451
Unique genes in embed: 313
Holdout performance for /home/exouser/gene-embedding-benchmarks/data/embeddings/intersect/BulkFM-MASK-CONT-VAR with best C=10.0:
Holdout AUC: 0.4456
Holdout AUPRC: 0.0914
Holdout PR@10: 0.1000
Holdout Duration: 0.01s
DOID:0112202,Unique genes before filter: 1012
Unique genes in embed: 715
Holdout performance for /home/exouser/gene-embedding-benchmarks/data/embeddings/intersect/BulkFM-MASK-CONT-VAR with best C=0.1:
Holdout AUC: 0.4556
Holdout AUPRC: 0.1018
Holdout PR@10: 0.2000
Holdout Duration: 0.06s
DOID:0050701,Unique genes before filter: 1232
Unique genes in embed: 868
Holdout performance for /home/exouser/gene-embedding-benchmarks/data/embeddings/intersect/BulkFM-MASK-CONT-VAR with best C=100.0:
Holdout AUC: 0.4731
Holdout AUPRC: 0.0814
Holdout PR@10: 0.0000
Holdout Duration: 0.07s
DOID:0060307,Unique genes before filter: 478
Unique genes in embed: 329
Holdout performance for /home/exouser/gene-embedding-benchmarks/data/embeddings/intersect/BulkFM-MASK-CONT-VAR with best C=100.0:
Holdout AUC: 0.4606
Holdout AUPRC: 0.1126
Holdout PR@10: 0.1000
Holdout Duration: 0.02s
DOID:0111910,Unique genes before filter: 671
Unique genes in embed: 459
Holdout performance for /home/exouser/gene-embedding-benchmarks/data/embeddings/intersect/BulkFM-MASK-CONT-VAR with best C=0.1:
Holdout AUC: 0.6015
Holdout AUPRC: 0.1557
Holdout PR@10: 0.2000
Holdout Duration: 0.03s
DOID:48,Unique genes before filter: 847
Unique genes in embed: 580
Holdout performance for /home/exouser/gene-embedding-benchmarks/data/embeddings/intersect/BulkFM-MASK-CONT-VAR with best C=0.1:
Holdout AUC: 0.5500
Holdout AUPRC: 0.1353
Holdout PR@10: 0.2000
Holdout Duration: 0.04s
DOID:12336,Unique genes before filter: 682
Unique genes in embed: 470
Holdout performance for /home/exouser/gene-embedding-benchmarks/data/embeddings/intersect/BulkFM-MASK-CONT-VAR with best C=0.1:
Holdout AUC: 0.7234
Holdout AUPRC: 0.2491
Holdout PR@10: 0.2000
Holdout Duration: 0.03s
DOID:5212,Unique genes before filter: 418
Unique genes in embed: 293
Holdout performance for /home/exouser/gene-embedding-benchmarks/data/embeddings/intersect/BulkFM-MASK-CONT-VAR with best C=1.0:
Holdout AUC: 0.4241
Holdout AUPRC: 0.0802
Holdout PR@10: 0.0000
Holdout Duration: 0.01s
DOID:110,Unique genes before filter: 363
Unique genes in embed: 270
Holdout performance for /home/exouser/gene-embedding-benchmarks/data/embeddings/intersect/BulkFM-MASK-CONT-VAR with best C=0.1:
Holdout AUC: 0.3698
Holdout AUPRC: 0.0864
Holdout PR@10: 0.1000
Holdout Duration: 0.01s
DOID:83,Unique genes before filter: 341
Unique genes in embed: 252
Holdout performance for /home/exouser/gene-embedding-benchmarks/data/embeddings/intersect/BulkFM-MASK-CONT-VAR with best C=10.0:
Holdout AUC: 0.5215
Holdout AUPRC: 0.1234
Holdout PR@10: 0.1000
Holdout Duration: 0.01s
DOID:0060308,Unique genes before filter: 475
Unique genes in embed: 326
Holdout performance for /home/exouser/gene-embedding-benchmarks/data/embeddings/intersect/BulkFM-MASK-CONT-VAR with best C=0.1:
Holdout AUC: 0.4384
Holdout AUPRC: 0.1088
Holdout PR@10: 0.1000
Holdout Duration: 0.02s
DOID:0050776,Unique genes before filter: 220
Unique genes in embed: 167
Holdout performance for /home/exouser/gene-embedding-benchmarks/data/embeddings/intersect/BulkFM-MASK-CONT-VAR with best C=10.0:
Holdout AUC: 0.6562
Holdout AUPRC: 0.1470
Holdout PR@10: 0.0000
Holdout Duration: 0.01s
DOID:0050889,Unique genes before filter: 220
Unique genes in embed: 158
Holdout performance for /home/exouser/gene-embedding-benchmarks/data/embeddings/intersect/BulkFM-MASK-CONT-VAR with best C=0.1:
Holdout AUC: 0.7000
Holdout AUPRC: 0.1684
Holdout PR@10: 0.2000
Holdout Duration: 0.01s
DOID:0050565,Unique genes before filter: 464
Unique genes in embed: 324
Holdout performance for /home/exouser/gene-embedding-benchmarks/data/embeddings/intersect/BulkFM-MASK-CONT-VAR with best C=0.1:
Holdout AUC: 0.4460
Holdout AUPRC: 0.1333
Holdout PR@10: 0.1000
Holdout Duration: 0.02s
DOID:9562,Unique genes before filter: 418
Unique genes in embed: 290
Holdout performance for /home/exouser/gene-embedding-benchmarks/data/embeddings/intersect/BulkFM-MASK-CONT-VAR with best C=10.0:
Holdout AUC: 0.5520
Holdout AUPRC: 0.1223
Holdout PR@10: 0.1000
Holdout Duration: 0.01s
DOID:10584,Unique genes before filter: 671
Unique genes in embed: 473
Holdout performance for /home/exouser/gene-embedding-benchmarks/data/embeddings/intersect/BulkFM-MASK-CONT-VAR with best C=0.1:
Holdout AUC: 0.4940
Holdout AUPRC: 0.1113
Holdout PR@10: 0.1000
Holdout Duration: 0.03s
DOID:5295,Unique genes before filter: 462
Unique genes in embed: 314
Holdout performance for /home/exouser/gene-embedding-benchmarks/data/embeddings/intersect/BulkFM-MASK-CONT-VAR with best C=1.0:
Holdout AUC: 0.6290
Holdout AUPRC: 0.1436
Holdout PR@10: 0.1000
Holdout Duration: 0.02s
DOID:3119,Unique genes before filter: 451
Unique genes in embed: 328
Holdout performance for /home/exouser/gene-embedding-benchmarks/data/embeddings/intersect/BulkFM-MASK-CONT-VAR with best C=0.1:
Holdout AUC: 0.4737
Holdout AUPRC: 0.1554
Holdout PR@10: 0.2000
Holdout Duration: 0.02s
DOID:229,Unique genes before filter: 308
Unique genes in embed: 215
Holdout performance for /home/exouser/gene-embedding-benchmarks/data/embeddings/intersect/BulkFM-MASK-CONT-VAR with best C=10.0:
Holdout AUC: 0.6000
Holdout AUPRC: 0.1304
Holdout PR@10: 0.1000
Holdout Duration: 0.01s
DOID:1100,Unique genes before filter: 253
Unique genes in embed: 180
Holdout performance for /home/exouser/gene-embedding-benchmarks/data/embeddings/intersect/BulkFM-MASK-CONT-VAR with best C=0.1:
Holdout AUC: 0.7312
Holdout AUPRC: 0.3643
Holdout PR@10: 0.2000
Holdout Duration: 0.01s
DOID:12930,Unique genes before filter: 385
Unique genes in embed: 261
Holdout performance for /home/exouser/gene-embedding-benchmarks/data/embeddings/intersect/BulkFM-MASK-CONT-VAR with best C=10.0:
Holdout AUC: 0.7517
Holdout AUPRC: 0.3168
Holdout PR@10: 0.3000
Holdout Duration: 0.01s
DOID:1342,Unique genes before filter: 363
Unique genes in embed: 256
Holdout performance for /home/exouser/gene-embedding-benchmarks/data/embeddings/intersect/BulkFM-MASK-CONT-VAR with best C=100.0:
Holdout AUC: 0.3296
Holdout AUPRC: 0.0727
Holdout PR@10: 0.0000
Holdout Duration: 0.01s
DOID:9256,Unique genes before filter: 253
Unique genes in embed: 184
Holdout performance for /home/exouser/gene-embedding-benchmarks/data/embeddings/intersect/BulkFM-MASK-CONT-VAR with best C=10.0:
Holdout AUC: 0.1131
Holdout AUPRC: 0.0600
Holdout PR@10: 0.0000
Holdout Duration: 0.01s
DOID:10155,Unique genes before filter: 253
Unique genes in embed: 176
Holdout performance for /home/exouser/gene-embedding-benchmarks/data/embeddings/intersect/BulkFM-MASK-CONT-VAR with best C=0.1:
Holdout AUC: 0.6131
Holdout AUPRC: 0.1455
Holdout PR@10: 0.1000
Holdout Duration: 0.01s
DOID:5672,Unique genes before filter: 253
Unique genes in embed: 179
Holdout performance for /home/exouser/gene-embedding-benchmarks/data/embeddings/intersect/BulkFM-MASK-CONT-VAR with best C=1.0:
Holdout AUC: 0.6726
Holdout AUPRC: 0.1972
Holdout PR@10: 0.1000
Holdout Duration: 0.01s
Saved fold results to /home/exouser/gene-embedding-benchmarks/results/tsvs/BulkFM-MASK-CONT-VAR_fold_results.pkl
Saved holdout results to /home/exouser/gene-embedding-benchmarks/results/tsvs/BulkFM-MASK-CONT-VAR_holdout_results.pkl
