GO:0006325,Unique genes before filter: 2263
Unique genes in embed: 1445
Holdout performance for /home/exouser/gene-embedding-benchmarks/data/embeddings/intersect/BulkFM-MASK-BIN-15 with best C=1.0:
Holdout AUC: 0.6768
Holdout AUPRC: 0.4406
Holdout PR@10: 0.6000
Holdout Duration: 0.24s
GO:0006402,Unique genes before filter: 1030
Unique genes in embed: 689
Holdout performance for /home/exouser/gene-embedding-benchmarks/data/embeddings/intersect/BulkFM-MASK-BIN-15 with best C=0.1:
Holdout AUC: 0.7369
Holdout AUPRC: 0.1632
Holdout PR@10: 0.2000
Holdout Duration: 0.05s
GO:0000381,Unique genes before filter: 493
Unique genes in embed: 344
Holdout performance for /home/exouser/gene-embedding-benchmarks/data/embeddings/intersect/BulkFM-MASK-BIN-15 with best C=1.0:
Holdout AUC: 0.5714
Holdout AUPRC: 0.2491
Holdout PR@10: 0.1000
Holdout Duration: 0.01s
GO:0045089,Unique genes before filter: 1727
Unique genes in embed: 1109
Holdout performance for /home/exouser/gene-embedding-benchmarks/data/embeddings/intersect/BulkFM-MASK-BIN-15 with best C=1.0:
Holdout AUC: 0.6952
Holdout AUPRC: 0.2842
Holdout PR@10: 0.4000
Holdout Duration: 0.13s
GO:0043488,Unique genes before filter: 1417
Unique genes in embed: 969
Holdout performance for /home/exouser/gene-embedding-benchmarks/data/embeddings/intersect/BulkFM-MASK-BIN-15 with best C=0.1:
Holdout AUC: 0.6828
Holdout AUPRC: 0.1723
Holdout PR@10: 0.1000
Holdout Duration: 0.11s
GO:0045787,Unique genes before filter: 1769
Unique genes in embed: 1168
Holdout performance for /home/exouser/gene-embedding-benchmarks/data/embeddings/intersect/BulkFM-MASK-BIN-15 with best C=0.1:
Holdout AUC: 0.5764
Holdout AUPRC: 0.2305
Holdout PR@10: 0.4000
Holdout Duration: 0.18s
GO:0050890,Unique genes before filter: 1761
Unique genes in embed: 1254
Holdout performance for /home/exouser/gene-embedding-benchmarks/data/embeddings/intersect/BulkFM-MASK-BIN-15 with best C=0.1:
Holdout AUC: 0.6241
Holdout AUPRC: 0.1765
Holdout PR@10: 0.2000
Holdout Duration: 0.21s
GO:0007399,Unique genes before filter: 2700
Unique genes in embed: 1802
Holdout performance for /home/exouser/gene-embedding-benchmarks/data/embeddings/intersect/BulkFM-MASK-BIN-15 with best C=1.0:
Holdout AUC: 0.6304
Holdout AUPRC: 0.6114
Holdout PR@10: 0.8000
Holdout Duration: 0.41s
GO:0060828,Unique genes before filter: 1704
Unique genes in embed: 1089
Holdout performance for /home/exouser/gene-embedding-benchmarks/data/embeddings/intersect/BulkFM-MASK-BIN-15 with best C=0.1:
Holdout AUC: 0.5725
Holdout AUPRC: 0.1359
Holdout PR@10: 0.1000
Holdout Duration: 0.15s
GO:0006493,Unique genes before filter: 863
Unique genes in embed: 573
Holdout performance for /home/exouser/gene-embedding-benchmarks/data/embeddings/intersect/BulkFM-MASK-BIN-15 with best C=0.1:
Holdout AUC: 0.6255
Holdout AUPRC: 0.1514
Holdout PR@10: 0.1000
Holdout Duration: 0.04s
GO:0007605,Unique genes before filter: 1444
Unique genes in embed: 968
Holdout performance for /home/exouser/gene-embedding-benchmarks/data/embeddings/intersect/BulkFM-MASK-BIN-15 with best C=0.1:
Holdout AUC: 0.5938
Holdout AUPRC: 0.1077
Holdout PR@10: 0.1000
Holdout Duration: 0.11s
GO:0016236,Unique genes before filter: 1668
Unique genes in embed: 1071
Holdout performance for /home/exouser/gene-embedding-benchmarks/data/embeddings/intersect/BulkFM-MASK-BIN-15 with best C=0.1:
Holdout AUC: 0.7337
Holdout AUPRC: 0.1930
Holdout PR@10: 0.2000
Holdout Duration: 0.12s
GO:0010506,Unique genes before filter: 1764
Unique genes in embed: 1157
Holdout performance for /home/exouser/gene-embedding-benchmarks/data/embeddings/intersect/BulkFM-MASK-BIN-15 with best C=0.1:
Holdout AUC: 0.6347
Holdout AUPRC: 0.1864
Holdout PR@10: 0.0000
Holdout Duration: 0.17s
GO:0042476,Unique genes before filter: 1039
Unique genes in embed: 696
Holdout performance for /home/exouser/gene-embedding-benchmarks/data/embeddings/intersect/BulkFM-MASK-BIN-15 with best C=0.1:
Holdout AUC: 0.5989
Holdout AUPRC: 0.1651
Holdout PR@10: 0.2000
Holdout Duration: 0.06s
GO:0050679,Unique genes before filter: 1657
Unique genes in embed: 1143
Holdout performance for /home/exouser/gene-embedding-benchmarks/data/embeddings/intersect/BulkFM-MASK-BIN-15 with best C=0.1:
Holdout AUC: 0.6056
Holdout AUPRC: 0.1513
Holdout PR@10: 0.1000
Holdout Duration: 0.16s
GO:0006631,Unique genes before filter: 1752
Unique genes in embed: 1204
Holdout performance for /home/exouser/gene-embedding-benchmarks/data/embeddings/intersect/BulkFM-MASK-BIN-15 with best C=1.0:
Holdout AUC: 0.5788
Holdout AUPRC: 0.1506
Holdout PR@10: 0.0000
Holdout Duration: 0.17s
GO:0007283,Unique genes before filter: 1984
Unique genes in embed: 1243
Holdout performance for /home/exouser/gene-embedding-benchmarks/data/embeddings/intersect/BulkFM-MASK-BIN-15 with best C=0.1:
Holdout AUC: 0.6034
Holdout AUPRC: 0.2941
Holdout PR@10: 0.4000
Holdout Duration: 0.20s
GO:0001654,Unique genes before filter: 1820
Unique genes in embed: 1200
Holdout performance for /home/exouser/gene-embedding-benchmarks/data/embeddings/intersect/BulkFM-MASK-BIN-15 with best C=0.1:
Holdout AUC: 0.5990
Holdout AUPRC: 0.1986
Holdout PR@10: 0.2000
Holdout Duration: 0.17s
GO:0051310,Unique genes before filter: 696
Unique genes in embed: 464
Holdout performance for /home/exouser/gene-embedding-benchmarks/data/embeddings/intersect/BulkFM-MASK-BIN-15 with best C=1.0:
Holdout AUC: 0.8210
Holdout AUPRC: 0.4490
Holdout PR@10: 0.4000
Holdout Duration: 0.02s
GO:0001578,Unique genes before filter: 1048
Unique genes in embed: 715
Holdout performance for /home/exouser/gene-embedding-benchmarks/data/embeddings/intersect/BulkFM-MASK-BIN-15 with best C=1.0:
Holdout AUC: 0.5813
Holdout AUPRC: 0.1169
Holdout PR@10: 0.1000
Holdout Duration: 0.05s
GO:0007601,Unique genes before filter: 1677
Unique genes in embed: 1161
Holdout performance for /home/exouser/gene-embedding-benchmarks/data/embeddings/intersect/BulkFM-MASK-BIN-15 with best C=0.1:
Holdout AUC: 0.6446
Holdout AUPRC: 0.1677
Holdout PR@10: 0.2000
Holdout Duration: 0.17s
GO:0006400,Unique genes before filter: 784
Unique genes in embed: 551
Holdout performance for /home/exouser/gene-embedding-benchmarks/data/embeddings/intersect/BulkFM-MASK-BIN-15 with best C=1.0:
Holdout AUC: 0.8189
Holdout AUPRC: 0.3990
Holdout PR@10: 0.4000
Holdout Duration: 0.02s
GO:0031297,Unique genes before filter: 414
Unique genes in embed: 269
Holdout performance for /home/exouser/gene-embedding-benchmarks/data/embeddings/intersect/BulkFM-MASK-BIN-15 with best C=1.0:
Holdout AUC: 0.7343
Holdout AUPRC: 0.5014
Holdout PR@10: 0.3000
Holdout Duration: 0.01s
GO:0008584,Unique genes before filter: 1276
Unique genes in embed: 827
Holdout performance for /home/exouser/gene-embedding-benchmarks/data/embeddings/intersect/BulkFM-MASK-BIN-15 with best C=0.1:
Holdout AUC: 0.6994
Holdout AUPRC: 0.1514
Holdout PR@10: 0.1000
Holdout Duration: 0.09s
GO:2000781,Unique genes before filter: 643
Unique genes in embed: 409
Holdout performance for /home/exouser/gene-embedding-benchmarks/data/embeddings/intersect/BulkFM-MASK-BIN-15 with best C=0.1:
Holdout AUC: 0.7840
Holdout AUPRC: 0.2098
Holdout PR@10: 0.2000
Holdout Duration: 0.02s
GO:0045814,Unique genes before filter: 1391
Unique genes in embed: 967
Holdout performance for /home/exouser/gene-embedding-benchmarks/data/embeddings/intersect/BulkFM-MASK-BIN-15 with best C=0.1:
Holdout AUC: 0.5027
Holdout AUPRC: 0.0972
Holdout PR@10: 0.1000
Holdout Duration: 0.10s
GO:0050731,Unique genes before filter: 1030
Unique genes in embed: 707
Holdout performance for /home/exouser/gene-embedding-benchmarks/data/embeddings/intersect/BulkFM-MASK-BIN-15 with best C=1.0:
Holdout AUC: 0.5549
Holdout AUPRC: 0.1243
Holdout PR@10: 0.0000
Holdout Duration: 0.05s
GO:0001666,Unique genes before filter: 1731
Unique genes in embed: 1107
Holdout performance for /home/exouser/gene-embedding-benchmarks/data/embeddings/intersect/BulkFM-MASK-BIN-15 with best C=0.1:
Holdout AUC: 0.6482
Holdout AUPRC: 0.2414
Holdout PR@10: 0.3000
Holdout Duration: 0.15s
GO:0034341,Unique genes before filter: 933
Unique genes in embed: 616
Holdout performance for /home/exouser/gene-embedding-benchmarks/data/embeddings/intersect/BulkFM-MASK-BIN-15 with best C=0.1:
Holdout AUC: 0.7009
Holdout AUPRC: 0.2983
Holdout PR@10: 0.4000
Holdout Duration: 0.05s
GO:0070555,Unique genes before filter: 880
Unique genes in embed: 574
Holdout performance for /home/exouser/gene-embedding-benchmarks/data/embeddings/intersect/BulkFM-MASK-BIN-15 with best C=0.1:
Holdout AUC: 0.4697
Holdout AUPRC: 0.1096
Holdout PR@10: 0.1000
Holdout Duration: 0.04s
GO:0008202,Unique genes before filter: 1702
Unique genes in embed: 1161
Holdout performance for /home/exouser/gene-embedding-benchmarks/data/embeddings/intersect/BulkFM-MASK-BIN-15 with best C=0.1:
Holdout AUC: 0.5750
Holdout AUPRC: 0.1483
Holdout PR@10: 0.2000
Holdout Duration: 0.18s
GO:0046034,Unique genes before filter: 968
Unique genes in embed: 649
Holdout performance for /home/exouser/gene-embedding-benchmarks/data/embeddings/intersect/BulkFM-MASK-BIN-15 with best C=0.1:
Holdout AUC: 0.4463
Holdout AUPRC: 0.0865
Holdout PR@10: 0.1000
Holdout Duration: 0.05s
GO:0031398,Unique genes before filter: 951
Unique genes in embed: 649
Holdout performance for /home/exouser/gene-embedding-benchmarks/data/embeddings/intersect/BulkFM-MASK-BIN-15 with best C=0.1:
Holdout AUC: 0.6853
Holdout AUPRC: 0.1611
Holdout PR@10: 0.1000
Holdout Duration: 0.05s
GO:0006813,Unique genes before filter: 1611
Unique genes in embed: 1120
Holdout performance for /home/exouser/gene-embedding-benchmarks/data/embeddings/intersect/BulkFM-MASK-BIN-15 with best C=0.1:
Holdout AUC: 0.7475
Holdout AUPRC: 0.2124
Holdout PR@10: 0.2000
Holdout Duration: 0.14s
GO:0042593,Unique genes before filter: 1658
Unique genes in embed: 1109
Holdout performance for /home/exouser/gene-embedding-benchmarks/data/embeddings/intersect/BulkFM-MASK-BIN-15 with best C=0.1:
Holdout AUC: 0.5529
Holdout AUPRC: 0.1285
Holdout PR@10: 0.0000
Holdout Duration: 0.14s
GO:0097190,Unique genes before filter: 1753
Unique genes in embed: 1134
Holdout performance for /home/exouser/gene-embedding-benchmarks/data/embeddings/intersect/BulkFM-MASK-BIN-15 with best C=0.1:
Holdout AUC: 0.5368
Holdout AUPRC: 0.1685
Holdout PR@10: 0.2000
Holdout Duration: 0.17s
GO:0097191,Unique genes before filter: 1004
Unique genes in embed: 650
Holdout performance for /home/exouser/gene-embedding-benchmarks/data/embeddings/intersect/BulkFM-MASK-BIN-15 with best C=0.1:
Holdout AUC: 0.5435
Holdout AUPRC: 0.1078
Holdout PR@10: 0.1000
Holdout Duration: 0.05s
GO:0001938,Unique genes before filter: 784
Unique genes in embed: 554
Holdout performance for /home/exouser/gene-embedding-benchmarks/data/embeddings/intersect/BulkFM-MASK-BIN-15 with best C=1.0:
Holdout AUC: 0.5302
Holdout AUPRC: 0.1470
Holdout PR@10: 0.2000
Holdout Duration: 0.03s
GO:1901224,Unique genes before filter: 537
Unique genes in embed: 373
Holdout performance for /home/exouser/gene-embedding-benchmarks/data/embeddings/intersect/BulkFM-MASK-BIN-15 with best C=0.1:
Holdout AUC: 0.7679
Holdout AUPRC: 0.2858
Holdout PR@10: 0.3000
Holdout Duration: 0.02s
GO:0050796,Unique genes before filter: 1514
Unique genes in embed: 1030
Holdout performance for /home/exouser/gene-embedding-benchmarks/data/embeddings/intersect/BulkFM-MASK-BIN-15 with best C=0.1:
Holdout AUC: 0.5598
Holdout AUPRC: 0.1696
Holdout PR@10: 0.2000
Holdout Duration: 0.12s
GO:0001649,Unique genes before filter: 1224
Unique genes in embed: 806
Holdout performance for /home/exouser/gene-embedding-benchmarks/data/embeddings/intersect/BulkFM-MASK-BIN-15 with best C=0.1:
Holdout AUC: 0.7093
Holdout AUPRC: 0.1885
Holdout PR@10: 0.2000
Holdout Duration: 0.08s
GO:0051865,Unique genes before filter: 608
Unique genes in embed: 411
Holdout performance for /home/exouser/gene-embedding-benchmarks/data/embeddings/intersect/BulkFM-MASK-BIN-15 with best C=0.1:
Holdout AUC: 0.5795
Holdout AUPRC: 0.1785
Holdout PR@10: 0.1000
Holdout Duration: 0.02s
GO:0042632,Unique genes before filter: 775
Unique genes in embed: 507
Holdout performance for /home/exouser/gene-embedding-benchmarks/data/embeddings/intersect/BulkFM-MASK-BIN-15 with best C=0.1:
Holdout AUC: 0.6204
Holdout AUPRC: 0.1289
Holdout PR@10: 0.1000
Holdout Duration: 0.04s
GO:0000724,Unique genes before filter: 1021
Unique genes in embed: 648
Holdout performance for /home/exouser/gene-embedding-benchmarks/data/embeddings/intersect/BulkFM-MASK-BIN-15 with best C=1.0:
Holdout AUC: 0.7430
Holdout AUPRC: 0.2522
Holdout PR@10: 0.4000
Holdout Duration: 0.04s
GO:0050680,Unique genes before filter: 1197
Unique genes in embed: 814
Holdout performance for /home/exouser/gene-embedding-benchmarks/data/embeddings/intersect/BulkFM-MASK-BIN-15 with best C=0.1:
Holdout AUC: 0.5894
Holdout AUPRC: 0.1632
Holdout PR@10: 0.2000
Holdout Duration: 0.08s
GO:0061844,Unique genes before filter: 1074
Unique genes in embed: 711
Holdout performance for /home/exouser/gene-embedding-benchmarks/data/embeddings/intersect/BulkFM-MASK-BIN-15 with best C=1.0:
Holdout AUC: 0.8534
Holdout AUPRC: 0.2781
Holdout PR@10: 0.3000
Holdout Duration: 0.04s
GO:0006888,Unique genes before filter: 1039
Unique genes in embed: 693
Holdout performance for /home/exouser/gene-embedding-benchmarks/data/embeddings/intersect/BulkFM-MASK-BIN-15 with best C=0.1:
Holdout AUC: 0.7107
Holdout AUPRC: 0.1416
Holdout PR@10: 0.1000
Holdout Duration: 0.06s
GO:0000086,Unique genes before filter: 414
Unique genes in embed: 284
Holdout performance for /home/exouser/gene-embedding-benchmarks/data/embeddings/intersect/BulkFM-MASK-BIN-15 with best C=10.0:
Holdout AUC: 0.6520
Holdout AUPRC: 0.3034
Holdout PR@10: 0.3000
Holdout Duration: 0.01s
GO:0006693,Unique genes before filter: 344
Unique genes in embed: 226
Holdout performance for /home/exouser/gene-embedding-benchmarks/data/embeddings/intersect/BulkFM-MASK-BIN-15 with best C=1.0:
Holdout AUC: 0.5000
Holdout AUPRC: 0.1138
Holdout PR@10: 0.1000
Holdout Duration: 0.01s
GO:0090303,Unique genes before filter: 537
Unique genes in embed: 341
Holdout performance for /home/exouser/gene-embedding-benchmarks/data/embeddings/intersect/BulkFM-MASK-BIN-15 with best C=0.1:
Holdout AUC: 0.5586
Holdout AUPRC: 0.1565
Holdout PR@10: 0.2000
Holdout Duration: 0.02s
GO:0007189,Unique genes before filter: 1417
Unique genes in embed: 914
Holdout performance for /home/exouser/gene-embedding-benchmarks/data/embeddings/intersect/BulkFM-MASK-BIN-15 with best C=0.1:
Holdout AUC: 0.6898
Holdout AUPRC: 0.1723
Holdout PR@10: 0.2000
Holdout Duration: 0.09s
GO:0001837,Unique genes before filter: 731
Unique genes in embed: 460
Holdout performance for /home/exouser/gene-embedding-benchmarks/data/embeddings/intersect/BulkFM-MASK-BIN-15 with best C=10.0:
Holdout AUC: 0.6542
Holdout AUPRC: 0.1571
Holdout PR@10: 0.2000
Holdout Duration: 0.03s
GO:2001244,Unique genes before filter: 528
Unique genes in embed: 351
Holdout performance for /home/exouser/gene-embedding-benchmarks/data/embeddings/intersect/BulkFM-MASK-BIN-15 with best C=0.1:
Holdout AUC: 0.6284
Holdout AUPRC: 0.1670
Holdout PR@10: 0.1000
Holdout Duration: 0.02s
GO:0006487,Unique genes before filter: 652
Unique genes in embed: 439
Holdout performance for /home/exouser/gene-embedding-benchmarks/data/embeddings/intersect/BulkFM-MASK-BIN-15 with best C=0.1:
Holdout AUC: 0.4983
Holdout AUPRC: 0.0924
Holdout PR@10: 0.0000
Holdout Duration: 0.03s
GO:0006879,Unique genes before filter: 581
Unique genes in embed: 401
Holdout performance for /home/exouser/gene-embedding-benchmarks/data/embeddings/intersect/BulkFM-MASK-BIN-15 with best C=0.1:
Holdout AUC: 0.6300
Holdout AUPRC: 0.1439
Holdout PR@10: 0.1000
Holdout Duration: 0.02s
GO:0035987,Unique genes before filter: 405
Unique genes in embed: 266
Holdout performance for /home/exouser/gene-embedding-benchmarks/data/embeddings/intersect/BulkFM-MASK-BIN-15 with best C=0.1:
Holdout AUC: 0.3030
Holdout AUPRC: 0.0608
Holdout PR@10: 0.0000
Holdout Duration: 0.01s
Saved fold results to /home/exouser/gene-embedding-benchmarks/results/tsvs/BulkFM-MASK-BIN-15_fold_results.pkl
Saved holdout results to /home/exouser/gene-embedding-benchmarks/results/tsvs/BulkFM-MASK-BIN-15_holdout_results.pkl
