GO:0006325,Unique genes before filter: 2263
Unique genes in embed: 1445
Holdout performance for /home/exouser/gene-embedding-benchmarks/data/embeddings/intersect/BulkFM-MASK-CONT-15 with best C=0.1:
Holdout AUC: 0.6537
Holdout AUPRC: 0.3868
Holdout PR@10: 0.4000
Holdout Duration: 0.27s
GO:0006402,Unique genes before filter: 1030
Unique genes in embed: 689
Holdout performance for /home/exouser/gene-embedding-benchmarks/data/embeddings/intersect/BulkFM-MASK-CONT-15 with best C=0.1:
Holdout AUC: 0.6944
Holdout AUPRC: 0.2194
Holdout PR@10: 0.3000
Holdout Duration: 0.06s
GO:0000381,Unique genes before filter: 493
Unique genes in embed: 344
Holdout performance for /home/exouser/gene-embedding-benchmarks/data/embeddings/intersect/BulkFM-MASK-CONT-15 with best C=10.0:
Holdout AUC: 0.7631
Holdout AUPRC: 0.3096
Holdout PR@10: 0.3000
Holdout Duration: 0.02s
GO:0045089,Unique genes before filter: 1727
Unique genes in embed: 1109
Holdout performance for /home/exouser/gene-embedding-benchmarks/data/embeddings/intersect/BulkFM-MASK-CONT-15 with best C=10.0:
Holdout AUC: 0.7081
Holdout AUPRC: 0.4265
Holdout PR@10: 0.7000
Holdout Duration: 0.15s
GO:0043488,Unique genes before filter: 1417
Unique genes in embed: 969
Holdout performance for /home/exouser/gene-embedding-benchmarks/data/embeddings/intersect/BulkFM-MASK-CONT-15 with best C=0.1:
Holdout AUC: 0.6515
Holdout AUPRC: 0.1349
Holdout PR@10: 0.2000
Holdout Duration: 0.12s
GO:0045787,Unique genes before filter: 1769
Unique genes in embed: 1168
Holdout performance for /home/exouser/gene-embedding-benchmarks/data/embeddings/intersect/BulkFM-MASK-CONT-15 with best C=0.1:
Holdout AUC: 0.5768
Holdout AUPRC: 0.1939
Holdout PR@10: 0.3000
Holdout Duration: 0.18s
GO:0050890,Unique genes before filter: 1761
Unique genes in embed: 1254
Holdout performance for /home/exouser/gene-embedding-benchmarks/data/embeddings/intersect/BulkFM-MASK-CONT-15 with best C=1.0:
Holdout AUC: 0.6382
Holdout AUPRC: 0.1840
Holdout PR@10: 0.2000
Holdout Duration: 0.17s
GO:0007399,Unique genes before filter: 2700
Unique genes in embed: 1802
Holdout performance for /home/exouser/gene-embedding-benchmarks/data/embeddings/intersect/BulkFM-MASK-CONT-15 with best C=1.0:
Holdout AUC: 0.6582
Holdout AUPRC: 0.6469
Holdout PR@10: 1.0000
Holdout Duration: 0.42s
GO:0060828,Unique genes before filter: 1704
Unique genes in embed: 1089
Holdout performance for /home/exouser/gene-embedding-benchmarks/data/embeddings/intersect/BulkFM-MASK-CONT-15 with best C=1.0:
Holdout AUC: 0.5525
Holdout AUPRC: 0.1863
Holdout PR@10: 0.3000
Holdout Duration: 0.14s
GO:0006493,Unique genes before filter: 863
Unique genes in embed: 573
Holdout performance for /home/exouser/gene-embedding-benchmarks/data/embeddings/intersect/BulkFM-MASK-CONT-15 with best C=0.1:
Holdout AUC: 0.4848
Holdout AUPRC: 0.1077
Holdout PR@10: 0.0000
Holdout Duration: 0.04s
GO:0007605,Unique genes before filter: 1444
Unique genes in embed: 968
Holdout performance for /home/exouser/gene-embedding-benchmarks/data/embeddings/intersect/BulkFM-MASK-CONT-15 with best C=0.1:
Holdout AUC: 0.6730
Holdout AUPRC: 0.1147
Holdout PR@10: 0.0000
Holdout Duration: 0.12s
GO:0016236,Unique genes before filter: 1668
Unique genes in embed: 1071
Holdout performance for /home/exouser/gene-embedding-benchmarks/data/embeddings/intersect/BulkFM-MASK-CONT-15 with best C=0.1:
Holdout AUC: 0.7716
Holdout AUPRC: 0.2176
Holdout PR@10: 0.1000
Holdout Duration: 0.15s
GO:0010506,Unique genes before filter: 1764
Unique genes in embed: 1157
Holdout performance for /home/exouser/gene-embedding-benchmarks/data/embeddings/intersect/BulkFM-MASK-CONT-15 with best C=0.1:
Holdout AUC: 0.6396
Holdout AUPRC: 0.2021
Holdout PR@10: 0.3000
Holdout Duration: 0.19s
GO:0042476,Unique genes before filter: 1039
Unique genes in embed: 696
Holdout performance for /home/exouser/gene-embedding-benchmarks/data/embeddings/intersect/BulkFM-MASK-CONT-15 with best C=0.1:
Holdout AUC: 0.7822
Holdout AUPRC: 0.4340
Holdout PR@10: 0.6000
Holdout Duration: 0.06s
GO:0050679,Unique genes before filter: 1657
Unique genes in embed: 1143
Holdout performance for /home/exouser/gene-embedding-benchmarks/data/embeddings/intersect/BulkFM-MASK-CONT-15 with best C=0.1:
Holdout AUC: 0.6853
Holdout AUPRC: 0.1587
Holdout PR@10: 0.1000
Holdout Duration: 0.17s
GO:0006631,Unique genes before filter: 1752
Unique genes in embed: 1204
Holdout performance for /home/exouser/gene-embedding-benchmarks/data/embeddings/intersect/BulkFM-MASK-CONT-15 with best C=0.1:
Holdout AUC: 0.6573
Holdout AUPRC: 0.2201
Holdout PR@10: 0.4000
Holdout Duration: 0.18s
GO:0007283,Unique genes before filter: 1984
Unique genes in embed: 1243
Holdout performance for /home/exouser/gene-embedding-benchmarks/data/embeddings/intersect/BulkFM-MASK-CONT-15 with best C=0.1:
Holdout AUC: 0.6109
Holdout AUPRC: 0.2716
Holdout PR@10: 0.3000
Holdout Duration: 0.20s
GO:0001654,Unique genes before filter: 1820
Unique genes in embed: 1200
Holdout performance for /home/exouser/gene-embedding-benchmarks/data/embeddings/intersect/BulkFM-MASK-CONT-15 with best C=0.1:
Holdout AUC: 0.5887
Holdout AUPRC: 0.1748
Holdout PR@10: 0.1000
Holdout Duration: 0.19s
GO:0051310,Unique genes before filter: 696
Unique genes in embed: 464
Holdout performance for /home/exouser/gene-embedding-benchmarks/data/embeddings/intersect/BulkFM-MASK-CONT-15 with best C=1.0:
Holdout AUC: 0.6992
Holdout AUPRC: 0.1975
Holdout PR@10: 0.1000
Holdout Duration: 0.02s
GO:0001578,Unique genes before filter: 1048
Unique genes in embed: 715
Holdout performance for /home/exouser/gene-embedding-benchmarks/data/embeddings/intersect/BulkFM-MASK-CONT-15 with best C=1.0:
Holdout AUC: 0.5513
Holdout AUPRC: 0.1014
Holdout PR@10: 0.0000
Holdout Duration: 0.05s
GO:0007601,Unique genes before filter: 1677
Unique genes in embed: 1161
Holdout performance for /home/exouser/gene-embedding-benchmarks/data/embeddings/intersect/BulkFM-MASK-CONT-15 with best C=0.1:
Holdout AUC: 0.7280
Holdout AUPRC: 0.2555
Holdout PR@10: 0.3000
Holdout Duration: 0.15s
GO:0006400,Unique genes before filter: 784
Unique genes in embed: 551
Holdout performance for /home/exouser/gene-embedding-benchmarks/data/embeddings/intersect/BulkFM-MASK-CONT-15 with best C=0.1:
Holdout AUC: 0.7320
Holdout AUPRC: 0.1512
Holdout PR@10: 0.1000
Holdout Duration: 0.04s
GO:0031297,Unique genes before filter: 414
Unique genes in embed: 269
Holdout performance for /home/exouser/gene-embedding-benchmarks/data/embeddings/intersect/BulkFM-MASK-CONT-15 with best C=0.1:
Holdout AUC: 0.7114
Holdout AUPRC: 0.1631
Holdout PR@10: 0.2000
Holdout Duration: 0.01s
GO:0008584,Unique genes before filter: 1276
Unique genes in embed: 827
Holdout performance for /home/exouser/gene-embedding-benchmarks/data/embeddings/intersect/BulkFM-MASK-CONT-15 with best C=0.1:
Holdout AUC: 0.5562
Holdout AUPRC: 0.1013
Holdout PR@10: 0.0000
Holdout Duration: 0.08s
GO:2000781,Unique genes before filter: 643
Unique genes in embed: 409
Holdout performance for /home/exouser/gene-embedding-benchmarks/data/embeddings/intersect/BulkFM-MASK-CONT-15 with best C=0.1:
Holdout AUC: 0.5765
Holdout AUPRC: 0.1075
Holdout PR@10: 0.1000
Holdout Duration: 0.02s
GO:0045814,Unique genes before filter: 1391
Unique genes in embed: 967
Holdout performance for /home/exouser/gene-embedding-benchmarks/data/embeddings/intersect/BulkFM-MASK-CONT-15 with best C=0.1:
Holdout AUC: 0.6680
Holdout AUPRC: 0.2214
Holdout PR@10: 0.2000
Holdout Duration: 0.11s
GO:0050731,Unique genes before filter: 1030
Unique genes in embed: 707
Holdout performance for /home/exouser/gene-embedding-benchmarks/data/embeddings/intersect/BulkFM-MASK-CONT-15 with best C=1.0:
Holdout AUC: 0.4726
Holdout AUPRC: 0.1333
Holdout PR@10: 0.2000
Holdout Duration: 0.05s
GO:0001666,Unique genes before filter: 1731
Unique genes in embed: 1107
Holdout performance for /home/exouser/gene-embedding-benchmarks/data/embeddings/intersect/BulkFM-MASK-CONT-15 with best C=0.1:
Holdout AUC: 0.6345
Holdout AUPRC: 0.2173
Holdout PR@10: 0.4000
Holdout Duration: 0.17s
GO:0034341,Unique genes before filter: 933
Unique genes in embed: 616
Holdout performance for /home/exouser/gene-embedding-benchmarks/data/embeddings/intersect/BulkFM-MASK-CONT-15 with best C=1.0:
Holdout AUC: 0.5685
Holdout AUPRC: 0.1470
Holdout PR@10: 0.1000
Holdout Duration: 0.04s
GO:0070555,Unique genes before filter: 880
Unique genes in embed: 574
Holdout performance for /home/exouser/gene-embedding-benchmarks/data/embeddings/intersect/BulkFM-MASK-CONT-15 with best C=0.1:
Holdout AUC: 0.5650
Holdout AUPRC: 0.1422
Holdout PR@10: 0.1000
Holdout Duration: 0.05s
GO:0008202,Unique genes before filter: 1702
Unique genes in embed: 1161
Holdout performance for /home/exouser/gene-embedding-benchmarks/data/embeddings/intersect/BulkFM-MASK-CONT-15 with best C=1.0:
Holdout AUC: 0.6179
Holdout AUPRC: 0.1485
Holdout PR@10: 0.2000
Holdout Duration: 0.14s
GO:0046034,Unique genes before filter: 968
Unique genes in embed: 649
Holdout performance for /home/exouser/gene-embedding-benchmarks/data/embeddings/intersect/BulkFM-MASK-CONT-15 with best C=0.1:
Holdout AUC: 0.5063
Holdout AUPRC: 0.0804
Holdout PR@10: 0.0000
Holdout Duration: 0.05s
GO:0031398,Unique genes before filter: 951
Unique genes in embed: 649
Holdout performance for /home/exouser/gene-embedding-benchmarks/data/embeddings/intersect/BulkFM-MASK-CONT-15 with best C=0.1:
Holdout AUC: 0.6724
Holdout AUPRC: 0.1912
Holdout PR@10: 0.2000
Holdout Duration: 0.06s
GO:0006813,Unique genes before filter: 1611
Unique genes in embed: 1120
Holdout performance for /home/exouser/gene-embedding-benchmarks/data/embeddings/intersect/BulkFM-MASK-CONT-15 with best C=0.1:
Holdout AUC: 0.7253
Holdout AUPRC: 0.1698
Holdout PR@10: 0.0000
Holdout Duration: 0.14s
GO:0042593,Unique genes before filter: 1658
Unique genes in embed: 1109
Holdout performance for /home/exouser/gene-embedding-benchmarks/data/embeddings/intersect/BulkFM-MASK-CONT-15 with best C=0.1:
Holdout AUC: 0.5461
Holdout AUPRC: 0.1403
Holdout PR@10: 0.2000
Holdout Duration: 0.15s
GO:0097190,Unique genes before filter: 1753
Unique genes in embed: 1134
Holdout performance for /home/exouser/gene-embedding-benchmarks/data/embeddings/intersect/BulkFM-MASK-CONT-15 with best C=0.1:
Holdout AUC: 0.6153
Holdout AUPRC: 0.2160
Holdout PR@10: 0.4000
Holdout Duration: 0.18s
GO:0097191,Unique genes before filter: 1004
Unique genes in embed: 650
Holdout performance for /home/exouser/gene-embedding-benchmarks/data/embeddings/intersect/BulkFM-MASK-CONT-15 with best C=0.1:
Holdout AUC: 0.6680
Holdout AUPRC: 0.1551
Holdout PR@10: 0.1000
Holdout Duration: 0.06s
GO:0001938,Unique genes before filter: 784
Unique genes in embed: 554
Holdout performance for /home/exouser/gene-embedding-benchmarks/data/embeddings/intersect/BulkFM-MASK-CONT-15 with best C=1.0:
Holdout AUC: 0.6944
Holdout AUPRC: 0.2368
Holdout PR@10: 0.2000
Holdout Duration: 0.03s
GO:1901224,Unique genes before filter: 537
Unique genes in embed: 373
Holdout performance for /home/exouser/gene-embedding-benchmarks/data/embeddings/intersect/BulkFM-MASK-CONT-15 with best C=10.0:
Holdout AUC: 0.5603
Holdout AUPRC: 0.2030
Holdout PR@10: 0.2000
Holdout Duration: 0.02s
GO:0050796,Unique genes before filter: 1514
Unique genes in embed: 1030
Holdout performance for /home/exouser/gene-embedding-benchmarks/data/embeddings/intersect/BulkFM-MASK-CONT-15 with best C=1.0:
Holdout AUC: 0.5499
Holdout AUPRC: 0.1460
Holdout PR@10: 0.1000
Holdout Duration: 0.11s
GO:0001649,Unique genes before filter: 1224
Unique genes in embed: 806
Holdout performance for /home/exouser/gene-embedding-benchmarks/data/embeddings/intersect/BulkFM-MASK-CONT-15 with best C=0.1:
Holdout AUC: 0.6678
Holdout AUPRC: 0.1316
Holdout PR@10: 0.2000
Holdout Duration: 0.08s
GO:0051865,Unique genes before filter: 608
Unique genes in embed: 411
Holdout performance for /home/exouser/gene-embedding-benchmarks/data/embeddings/intersect/BulkFM-MASK-CONT-15 with best C=0.1:
Holdout AUC: 0.5611
Holdout AUPRC: 0.1011
Holdout PR@10: 0.0000
Holdout Duration: 0.02s
GO:0042632,Unique genes before filter: 775
Unique genes in embed: 507
Holdout performance for /home/exouser/gene-embedding-benchmarks/data/embeddings/intersect/BulkFM-MASK-CONT-15 with best C=0.1:
Holdout AUC: 0.6745
Holdout AUPRC: 0.2725
Holdout PR@10: 0.3000
Holdout Duration: 0.04s
GO:0000724,Unique genes before filter: 1021
Unique genes in embed: 648
Holdout performance for /home/exouser/gene-embedding-benchmarks/data/embeddings/intersect/BulkFM-MASK-CONT-15 with best C=0.1:
Holdout AUC: 0.6925
Holdout AUPRC: 0.1320
Holdout PR@10: 0.0000
Holdout Duration: 0.05s
GO:0050680,Unique genes before filter: 1197
Unique genes in embed: 814
Holdout performance for /home/exouser/gene-embedding-benchmarks/data/embeddings/intersect/BulkFM-MASK-CONT-15 with best C=0.1:
Holdout AUC: 0.5571
Holdout AUPRC: 0.1257
Holdout PR@10: 0.1000
Holdout Duration: 0.08s
GO:0061844,Unique genes before filter: 1074
Unique genes in embed: 711
Holdout performance for /home/exouser/gene-embedding-benchmarks/data/embeddings/intersect/BulkFM-MASK-CONT-15 with best C=1.0:
Holdout AUC: 0.7114
Holdout AUPRC: 0.2203
Holdout PR@10: 0.1000
Holdout Duration: 0.04s
GO:0006888,Unique genes before filter: 1039
Unique genes in embed: 693
Holdout performance for /home/exouser/gene-embedding-benchmarks/data/embeddings/intersect/BulkFM-MASK-CONT-15 with best C=0.1:
Holdout AUC: 0.6972
Holdout AUPRC: 0.2008
Holdout PR@10: 0.1000
Holdout Duration: 0.05s
GO:0000086,Unique genes before filter: 414
Unique genes in embed: 284
Holdout performance for /home/exouser/gene-embedding-benchmarks/data/embeddings/intersect/BulkFM-MASK-CONT-15 with best C=0.1:
Holdout AUC: 0.6892
Holdout AUPRC: 0.3053
Holdout PR@10: 0.2000
Holdout Duration: 0.02s
GO:0006693,Unique genes before filter: 344
Unique genes in embed: 226
Holdout performance for /home/exouser/gene-embedding-benchmarks/data/embeddings/intersect/BulkFM-MASK-CONT-15 with best C=0.1:
Holdout AUC: 0.3148
Holdout AUPRC: 0.0777
Holdout PR@10: 0.1000
Holdout Duration: 0.01s
GO:0090303,Unique genes before filter: 537
Unique genes in embed: 341
Holdout performance for /home/exouser/gene-embedding-benchmarks/data/embeddings/intersect/BulkFM-MASK-CONT-15 with best C=0.1:
Holdout AUC: 0.6317
Holdout AUPRC: 0.1899
Holdout PR@10: 0.2000
Holdout Duration: 0.02s
GO:0007189,Unique genes before filter: 1417
Unique genes in embed: 914
Holdout performance for /home/exouser/gene-embedding-benchmarks/data/embeddings/intersect/BulkFM-MASK-CONT-15 with best C=0.1:
Holdout AUC: 0.6132
Holdout AUPRC: 0.1300
Holdout PR@10: 0.1000
Holdout Duration: 0.11s
GO:0001837,Unique genes before filter: 731
Unique genes in embed: 460
Holdout performance for /home/exouser/gene-embedding-benchmarks/data/embeddings/intersect/BulkFM-MASK-CONT-15 with best C=0.1:
Holdout AUC: 0.6859
Holdout AUPRC: 0.1831
Holdout PR@10: 0.2000
Holdout Duration: 0.03s
GO:2001244,Unique genes before filter: 528
Unique genes in embed: 351
Holdout performance for /home/exouser/gene-embedding-benchmarks/data/embeddings/intersect/BulkFM-MASK-CONT-15 with best C=0.1:
Holdout AUC: 0.7420
Holdout AUPRC: 0.3514
Holdout PR@10: 0.4000
Holdout Duration: 0.02s
GO:0006487,Unique genes before filter: 652
Unique genes in embed: 439
Holdout performance for /home/exouser/gene-embedding-benchmarks/data/embeddings/intersect/BulkFM-MASK-CONT-15 with best C=0.1:
Holdout AUC: 0.7305
Holdout AUPRC: 0.2197
Holdout PR@10: 0.2000
Holdout Duration: 0.03s
GO:0006879,Unique genes before filter: 581
Unique genes in embed: 401
Holdout performance for /home/exouser/gene-embedding-benchmarks/data/embeddings/intersect/BulkFM-MASK-CONT-15 with best C=0.1:
Holdout AUC: 0.6256
Holdout AUPRC: 0.1699
Holdout PR@10: 0.2000
Holdout Duration: 0.02s
GO:0035987,Unique genes before filter: 405
Unique genes in embed: 266
Holdout performance for /home/exouser/gene-embedding-benchmarks/data/embeddings/intersect/BulkFM-MASK-CONT-15 with best C=0.1:
Holdout AUC: 0.7273
Holdout AUPRC: 0.2027
Holdout PR@10: 0.2000
Holdout Duration: 0.01s
Saved fold results to /home/exouser/gene-embedding-benchmarks/results/tsvs/BulkFM-MASK-CONT-15_fold_results.pkl
Saved holdout results to /home/exouser/gene-embedding-benchmarks/results/tsvs/BulkFM-MASK-CONT-15_holdout_results.pkl
