==============================================
  BulkFM Benchmark Pipeline
  Checkpoint: checkpoints/train_20260731_082004_local/best_model.pt
  Output:     BulkFM-MASK-CONT-31
  Extraction: forward_mask
==============================================

=== Step 1: Extract and prepare embeddings ===
Using device: cuda
Loaded config from checkpoints/train_20260731_082004_local/config.json
=== Step 1: Load gene vocabulary ===
  Loaded 19239 ENSG IDs
=== Step 2: Extract gene embeddings ===
  Detected old checkpoint format (simple_projection=True)
  Extracted 19239 genes x 256 dims in 1.0s (mode=forward_mask)
=== Step 3: Map ENSG→Entrez ===
  Loading cached ENSG→Entrez mapping from /home/exouser/gene-embedding-benchmarks/data/embeddings/ensg_to_entrez.csv
=== Step 4: Save to benchmark repo ===
  19215 / 19239 genes have Entrez IDs
  -> all_genes/BulkFM-MASK-CONT-31/ (19213 genes x 256 dims)
  -> intersect/BulkFM-MASK-CONT-31/ (11325 genes x 256 dims)
=== Done ===

=== Step 2a: GO benchmark ===
GO:0006325,Unique genes before filter: 2263
Unique genes in embed: 1445
Holdout performance for /home/exouser/gene-embedding-benchmarks/data/embeddings/intersect/BulkFM-MASK-CONT-31 with best C=1.0:
Holdout AUC: 0.5824
Holdout AUPRC: 0.3171
Holdout PR@10: 0.3000
Holdout Duration: 0.28s
GO:0006402,Unique genes before filter: 1030
Unique genes in embed: 689
Holdout performance for /home/exouser/gene-embedding-benchmarks/data/embeddings/intersect/BulkFM-MASK-CONT-31 with best C=0.1:
Holdout AUC: 0.6679
Holdout AUPRC: 0.2049
Holdout PR@10: 0.2000
Holdout Duration: 0.06s
GO:0000381,Unique genes before filter: 493
Unique genes in embed: 344
Holdout performance for /home/exouser/gene-embedding-benchmarks/data/embeddings/intersect/BulkFM-MASK-CONT-31 with best C=10.0:
Holdout AUC: 0.5497
Holdout AUPRC: 0.1048
Holdout PR@10: 0.0000
Holdout Duration: 0.02s
GO:0045089,Unique genes before filter: 1727
Unique genes in embed: 1109
Holdout performance for /home/exouser/gene-embedding-benchmarks/data/embeddings/intersect/BulkFM-MASK-CONT-31 with best C=10.0:
Holdout AUC: 0.6301
Holdout AUPRC: 0.1892
Holdout PR@10: 0.3000
Holdout Duration: 0.15s
GO:0043488,Unique genes before filter: 1417
Unique genes in embed: 969
Holdout performance for /home/exouser/gene-embedding-benchmarks/data/embeddings/intersect/BulkFM-MASK-CONT-31 with best C=0.1:
Holdout AUC: 0.6063
Holdout AUPRC: 0.1089
Holdout PR@10: 0.0000
Holdout Duration: 0.11s
GO:0045787,Unique genes before filter: 1769
Unique genes in embed: 1168
Holdout performance for /home/exouser/gene-embedding-benchmarks/data/embeddings/intersect/BulkFM-MASK-CONT-31 with best C=100.0:
Holdout AUC: 0.4883
Holdout AUPRC: 0.1238
Holdout PR@10: 0.2000
Holdout Duration: 0.17s
GO:0050890,Unique genes before filter: 1761
Unique genes in embed: 1254
Holdout performance for /home/exouser/gene-embedding-benchmarks/data/embeddings/intersect/BulkFM-MASK-CONT-31 with best C=0.1:
Holdout AUC: 0.5841
Holdout AUPRC: 0.1787
Holdout PR@10: 0.2000
Holdout Duration: 0.19s
GO:0007399,Unique genes before filter: 2700
Unique genes in embed: 1802
Holdout performance for /home/exouser/gene-embedding-benchmarks/data/embeddings/intersect/BulkFM-MASK-CONT-31 with best C=0.1:
Holdout AUC: 0.5565
Holdout AUPRC: 0.5196
Holdout PR@10: 0.6000
Holdout Duration: 0.45s
GO:0060828,Unique genes before filter: 1704
Unique genes in embed: 1089
Holdout performance for /home/exouser/gene-embedding-benchmarks/data/embeddings/intersect/BulkFM-MASK-CONT-31 with best C=1.0:
Holdout AUC: 0.4564
Holdout AUPRC: 0.1125
Holdout PR@10: 0.1000
Holdout Duration: 0.14s
GO:0006493,Unique genes before filter: 863
Unique genes in embed: 573
Holdout performance for /home/exouser/gene-embedding-benchmarks/data/embeddings/intersect/BulkFM-MASK-CONT-31 with best C=1.0:
Holdout AUC: 0.6272
Holdout AUPRC: 0.2128
Holdout PR@10: 0.3000
Holdout Duration: 0.04s
GO:0007605,Unique genes before filter: 1444
Unique genes in embed: 968
Holdout performance for /home/exouser/gene-embedding-benchmarks/data/embeddings/intersect/BulkFM-MASK-CONT-31 with best C=0.1:
Holdout AUC: 0.6514
Holdout AUPRC: 0.1290
Holdout PR@10: 0.2000
Holdout Duration: 0.11s
GO:0016236,Unique genes before filter: 1668
Unique genes in embed: 1071
Holdout performance for /home/exouser/gene-embedding-benchmarks/data/embeddings/intersect/BulkFM-MASK-CONT-31 with best C=0.1:
Holdout AUC: 0.7124
Holdout AUPRC: 0.1924
Holdout PR@10: 0.3000
Holdout Duration: 0.15s
GO:0010506,Unique genes before filter: 1764
Unique genes in embed: 1157
Holdout performance for /home/exouser/gene-embedding-benchmarks/data/embeddings/intersect/BulkFM-MASK-CONT-31 with best C=0.1:
Holdout AUC: 0.6020
Holdout AUPRC: 0.1788
Holdout PR@10: 0.0000
Holdout Duration: 0.18s
GO:0042476,Unique genes before filter: 1039
Unique genes in embed: 696
Holdout performance for /home/exouser/gene-embedding-benchmarks/data/embeddings/intersect/BulkFM-MASK-CONT-31 with best C=10.0:
Holdout AUC: 0.4744
Holdout AUPRC: 0.1125
Holdout PR@10: 0.1000
Holdout Duration: 0.05s
GO:0050679,Unique genes before filter: 1657
Unique genes in embed: 1143
Holdout performance for /home/exouser/gene-embedding-benchmarks/data/embeddings/intersect/BulkFM-MASK-CONT-31 with best C=0.1:
Holdout AUC: 0.5802
Holdout AUPRC: 0.1409
Holdout PR@10: 0.2000
Holdout Duration: 0.17s
GO:0006631,Unique genes before filter: 1752
Unique genes in embed: 1204
Holdout performance for /home/exouser/gene-embedding-benchmarks/data/embeddings/intersect/BulkFM-MASK-CONT-31 with best C=0.1:
Holdout AUC: 0.5795
Holdout AUPRC: 0.1826
Holdout PR@10: 0.3000
Holdout Duration: 0.18s
GO:0007283,Unique genes before filter: 1984
Unique genes in embed: 1243
Holdout performance for /home/exouser/gene-embedding-benchmarks/data/embeddings/intersect/BulkFM-MASK-CONT-31 with best C=10.0:
Holdout AUC: 0.4889
Holdout AUPRC: 0.2137
Holdout PR@10: 0.4000
Holdout Duration: 0.20s
GO:0001654,Unique genes before filter: 1820
Unique genes in embed: 1200
Holdout performance for /home/exouser/gene-embedding-benchmarks/data/embeddings/intersect/BulkFM-MASK-CONT-31 with best C=0.1:
Holdout AUC: 0.5421
Holdout AUPRC: 0.1778
Holdout PR@10: 0.2000
Holdout Duration: 0.18s
GO:0051310,Unique genes before filter: 696
Unique genes in embed: 464
Holdout performance for /home/exouser/gene-embedding-benchmarks/data/embeddings/intersect/BulkFM-MASK-CONT-31 with best C=1.0:
Holdout AUC: 0.5108
Holdout AUPRC: 0.1861
Holdout PR@10: 0.2000
Holdout Duration: 0.03s
GO:0001578,Unique genes before filter: 1048
Unique genes in embed: 715
Holdout performance for /home/exouser/gene-embedding-benchmarks/data/embeddings/intersect/BulkFM-MASK-CONT-31 with best C=0.1:
Holdout AUC: 0.4250
Holdout AUPRC: 0.0764
Holdout PR@10: 0.0000
Holdout Duration: 0.06s
GO:0007601,Unique genes before filter: 1677
Unique genes in embed: 1161
Holdout performance for /home/exouser/gene-embedding-benchmarks/data/embeddings/intersect/BulkFM-MASK-CONT-31 with best C=0.1:
Holdout AUC: 0.6349
Holdout AUPRC: 0.1538
Holdout PR@10: 0.2000
Holdout Duration: 0.16s
GO:0006400,Unique genes before filter: 784
Unique genes in embed: 551
Holdout performance for /home/exouser/gene-embedding-benchmarks/data/embeddings/intersect/BulkFM-MASK-CONT-31 with best C=10.0:
Holdout AUC: 0.5541
Holdout AUPRC: 0.1154
Holdout PR@10: 0.1000
Holdout Duration: 0.03s
GO:0031297,Unique genes before filter: 414
Unique genes in embed: 269
Holdout performance for /home/exouser/gene-embedding-benchmarks/data/embeddings/intersect/BulkFM-MASK-CONT-31 with best C=0.1:
Holdout AUC: 0.5657
Holdout AUPRC: 0.0930
Holdout PR@10: 0.0000
Holdout Duration: 0.01s
GO:0008584,Unique genes before filter: 1276
Unique genes in embed: 827
Holdout performance for /home/exouser/gene-embedding-benchmarks/data/embeddings/intersect/BulkFM-MASK-CONT-31 with best C=100.0:
Holdout AUC: 0.5909
Holdout AUPRC: 0.1661
Holdout PR@10: 0.2000
Holdout Duration: 0.07s
GO:2000781,Unique genes before filter: 643
Unique genes in embed: 409
Holdout performance for /home/exouser/gene-embedding-benchmarks/data/embeddings/intersect/BulkFM-MASK-CONT-31 with best C=0.1:
Holdout AUC: 0.6071
Holdout AUPRC: 0.1066
Holdout PR@10: 0.0000
Holdout Duration: 0.02s
GO:0045814,Unique genes before filter: 1391
Unique genes in embed: 967
Holdout performance for /home/exouser/gene-embedding-benchmarks/data/embeddings/intersect/BulkFM-MASK-CONT-31 with best C=1.0:
Holdout AUC: 0.5972
Holdout AUPRC: 0.1210
Holdout PR@10: 0.1000
Holdout Duration: 0.09s
GO:0050731,Unique genes before filter: 1030
Unique genes in embed: 707
Holdout performance for /home/exouser/gene-embedding-benchmarks/data/embeddings/intersect/BulkFM-MASK-CONT-31 with best C=0.1:
Holdout AUC: 0.5154
Holdout AUPRC: 0.1480
Holdout PR@10: 0.2000
Holdout Duration: 0.06s
GO:0001666,Unique genes before filter: 1731
Unique genes in embed: 1107
Holdout performance for /home/exouser/gene-embedding-benchmarks/data/embeddings/intersect/BulkFM-MASK-CONT-31 with best C=0.1:
Holdout AUC: 0.5764
Holdout AUPRC: 0.1442
Holdout PR@10: 0.0000
Holdout Duration: 0.16s
GO:0034341,Unique genes before filter: 933
Unique genes in embed: 616
Holdout performance for /home/exouser/gene-embedding-benchmarks/data/embeddings/intersect/BulkFM-MASK-CONT-31 with best C=0.1:
Holdout AUC: 0.5393
Holdout AUPRC: 0.1304
Holdout PR@10: 0.0000
Holdout Duration: 0.05s
GO:0070555,Unique genes before filter: 880
Unique genes in embed: 574
Holdout performance for /home/exouser/gene-embedding-benchmarks/data/embeddings/intersect/BulkFM-MASK-CONT-31 with best C=1.0:
Holdout AUC: 0.5307
Holdout AUPRC: 0.3047
Holdout PR@10: 0.4000
Holdout Duration: 0.04s
GO:0008202,Unique genes before filter: 1702
Unique genes in embed: 1161
Holdout performance for /home/exouser/gene-embedding-benchmarks/data/embeddings/intersect/BulkFM-MASK-CONT-31 with best C=0.1:
Holdout AUC: 0.5842
Holdout AUPRC: 0.1211
Holdout PR@10: 0.0000
Holdout Duration: 0.17s
GO:0046034,Unique genes before filter: 968
Unique genes in embed: 649
Holdout performance for /home/exouser/gene-embedding-benchmarks/data/embeddings/intersect/BulkFM-MASK-CONT-31 with best C=0.1:
Holdout AUC: 0.4444
Holdout AUPRC: 0.0866
Holdout PR@10: 0.1000
Holdout Duration: 0.06s
GO:0031398,Unique genes before filter: 951
Unique genes in embed: 649
Holdout performance for /home/exouser/gene-embedding-benchmarks/data/embeddings/intersect/BulkFM-MASK-CONT-31 with best C=0.1:
Holdout AUC: 0.6432
Holdout AUPRC: 0.1733
Holdout PR@10: 0.1000
Holdout Duration: 0.05s
GO:0006813,Unique genes before filter: 1611
Unique genes in embed: 1120
Holdout performance for /home/exouser/gene-embedding-benchmarks/data/embeddings/intersect/BulkFM-MASK-CONT-31 with best C=0.1:
Holdout AUC: 0.6388
Holdout AUPRC: 0.1557
Holdout PR@10: 0.2000
Holdout Duration: 0.13s
GO:0042593,Unique genes before filter: 1658
Unique genes in embed: 1109
Holdout performance for /home/exouser/gene-embedding-benchmarks/data/embeddings/intersect/BulkFM-MASK-CONT-31 with best C=0.1:
Holdout AUC: 0.5271
Holdout AUPRC: 0.1565
Holdout PR@10: 0.2000
Holdout Duration: 0.15s
GO:0097190,Unique genes before filter: 1753
Unique genes in embed: 1134
Holdout performance for /home/exouser/gene-embedding-benchmarks/data/embeddings/intersect/BulkFM-MASK-CONT-31 with best C=0.1:
Holdout AUC: 0.5608
Holdout AUPRC: 0.1503
Holdout PR@10: 0.1000
Holdout Duration: 0.16s
GO:0097191,Unique genes before filter: 1004
Unique genes in embed: 650
Holdout performance for /home/exouser/gene-embedding-benchmarks/data/embeddings/intersect/BulkFM-MASK-CONT-31 with best C=0.1:
Holdout AUC: 0.5898
Holdout AUPRC: 0.1223
Holdout PR@10: 0.1000
Holdout Duration: 0.05s
GO:0001938,Unique genes before filter: 784
Unique genes in embed: 554
Holdout performance for /home/exouser/gene-embedding-benchmarks/data/embeddings/intersect/BulkFM-MASK-CONT-31 with best C=0.1:
Holdout AUC: 0.4607
Holdout AUPRC: 0.0830
Holdout PR@10: 0.0000
Holdout Duration: 0.04s
GO:1901224,Unique genes before filter: 537
Unique genes in embed: 373
Holdout performance for /home/exouser/gene-embedding-benchmarks/data/embeddings/intersect/BulkFM-MASK-CONT-31 with best C=0.1:
Holdout AUC: 0.4115
Holdout AUPRC: 0.0996
Holdout PR@10: 0.0000
Holdout Duration: 0.02s
GO:0050796,Unique genes before filter: 1514
Unique genes in embed: 1030
Holdout performance for /home/exouser/gene-embedding-benchmarks/data/embeddings/intersect/BulkFM-MASK-CONT-31 with best C=0.1:
Holdout AUC: 0.5457
Holdout AUPRC: 0.1547
Holdout PR@10: 0.2000
Holdout Duration: 0.12s
GO:0001649,Unique genes before filter: 1224
Unique genes in embed: 806
Holdout performance for /home/exouser/gene-embedding-benchmarks/data/embeddings/intersect/BulkFM-MASK-CONT-31 with best C=0.1:
Holdout AUC: 0.4426
Holdout AUPRC: 0.1179
Holdout PR@10: 0.2000
Holdout Duration: 0.08s
GO:0051865,Unique genes before filter: 608
Unique genes in embed: 411
Holdout performance for /home/exouser/gene-embedding-benchmarks/data/embeddings/intersect/BulkFM-MASK-CONT-31 with best C=0.1:
Holdout AUC: 0.5668
Holdout AUPRC: 0.1201
Holdout PR@10: 0.1000
Holdout Duration: 0.02s
GO:0042632,Unique genes before filter: 775
Unique genes in embed: 507
Holdout performance for /home/exouser/gene-embedding-benchmarks/data/embeddings/intersect/BulkFM-MASK-CONT-31 with best C=0.1:
Holdout AUC: 0.5057
Holdout AUPRC: 0.0990
Holdout PR@10: 0.0000
Holdout Duration: 0.03s
GO:0000724,Unique genes before filter: 1021
Unique genes in embed: 648
Holdout performance for /home/exouser/gene-embedding-benchmarks/data/embeddings/intersect/BulkFM-MASK-CONT-31 with best C=10.0:
Holdout AUC: 0.5575
Holdout AUPRC: 0.1439
Holdout PR@10: 0.2000
Holdout Duration: 0.04s
GO:0050680,Unique genes before filter: 1197
Unique genes in embed: 814
Holdout performance for /home/exouser/gene-embedding-benchmarks/data/embeddings/intersect/BulkFM-MASK-CONT-31 with best C=0.1:
Holdout AUC: 0.5392
Holdout AUPRC: 0.1344
Holdout PR@10: 0.1000
Holdout Duration: 0.08s
GO:0061844,Unique genes before filter: 1074
Unique genes in embed: 711
Holdout performance for /home/exouser/gene-embedding-benchmarks/data/embeddings/intersect/BulkFM-MASK-CONT-31 with best C=0.1:
Holdout AUC: 0.5584
Holdout AUPRC: 0.1894
Holdout PR@10: 0.2000
Holdout Duration: 0.06s
GO:0006888,Unique genes before filter: 1039
Unique genes in embed: 693
Holdout performance for /home/exouser/gene-embedding-benchmarks/data/embeddings/intersect/BulkFM-MASK-CONT-31 with best C=0.1:
Holdout AUC: 0.6726
Holdout AUPRC: 0.1515
Holdout PR@10: 0.1000
Holdout Duration: 0.06s
GO:0000086,Unique genes before filter: 414
Unique genes in embed: 284
Holdout performance for /home/exouser/gene-embedding-benchmarks/data/embeddings/intersect/BulkFM-MASK-CONT-31 with best C=0.1:
Holdout AUC: 0.6436
Holdout AUPRC: 0.2655
Holdout PR@10: 0.1000
Holdout Duration: 0.02s
GO:0006693,Unique genes before filter: 344
Unique genes in embed: 226
Holdout performance for /home/exouser/gene-embedding-benchmarks/data/embeddings/intersect/BulkFM-MASK-CONT-31 with best C=10.0:
Holdout AUC: 0.5519
Holdout AUPRC: 0.1180
Holdout PR@10: 0.1000
Holdout Duration: 0.01s
GO:0090303,Unique genes before filter: 537
Unique genes in embed: 341
Holdout performance for /home/exouser/gene-embedding-benchmarks/data/embeddings/intersect/BulkFM-MASK-CONT-31 with best C=0.1:
Holdout AUC: 0.5977
Holdout AUPRC: 0.2134
Holdout PR@10: 0.4000
Holdout Duration: 0.02s
GO:0007189,Unique genes before filter: 1417
Unique genes in embed: 914
Holdout performance for /home/exouser/gene-embedding-benchmarks/data/embeddings/intersect/BulkFM-MASK-CONT-31 with best C=0.1:
Holdout AUC: 0.5715
Holdout AUPRC: 0.1587
Holdout PR@10: 0.2000
Holdout Duration: 0.10s
GO:0001837,Unique genes before filter: 731
Unique genes in embed: 460
Holdout performance for /home/exouser/gene-embedding-benchmarks/data/embeddings/intersect/BulkFM-MASK-CONT-31 with best C=1.0:
Holdout AUC: 0.6250
Holdout AUPRC: 0.1414
Holdout PR@10: 0.2000
Holdout Duration: 0.02s
GO:2001244,Unique genes before filter: 528
Unique genes in embed: 351
Holdout performance for /home/exouser/gene-embedding-benchmarks/data/embeddings/intersect/BulkFM-MASK-CONT-31 with best C=0.1:
Holdout AUC: 0.7296
Holdout AUPRC: 0.2363
Holdout PR@10: 0.3000
Holdout Duration: 0.02s
GO:0006487,Unique genes before filter: 652
Unique genes in embed: 439
Holdout performance for /home/exouser/gene-embedding-benchmarks/data/embeddings/intersect/BulkFM-MASK-CONT-31 with best C=10.0:
Holdout AUC: 0.5259
Holdout AUPRC: 0.1189
Holdout PR@10: 0.1000
Holdout Duration: 0.02s
GO:0006879,Unique genes before filter: 581
Unique genes in embed: 401
Holdout performance for /home/exouser/gene-embedding-benchmarks/data/embeddings/intersect/BulkFM-MASK-CONT-31 with best C=10.0:
Holdout AUC: 0.4856
Holdout AUPRC: 0.1246
Holdout PR@10: 0.1000
Holdout Duration: 0.02s
GO:0035987,Unique genes before filter: 405
Unique genes in embed: 266
Holdout performance for /home/exouser/gene-embedding-benchmarks/data/embeddings/intersect/BulkFM-MASK-CONT-31 with best C=0.1:
Holdout AUC: 0.5061
Holdout AUPRC: 0.0907
Holdout PR@10: 0.1000
Holdout Duration: 0.01s
Saved fold results to /home/exouser/gene-embedding-benchmarks/results/tsvs/BulkFM-MASK-CONT-31_fold_results.pkl
Saved holdout results to /home/exouser/gene-embedding-benchmarks/results/tsvs/BulkFM-MASK-CONT-31_holdout_results.pkl

=== Step 2b: OMIM benchmark ===
DOID:65,Unique genes before filter: 2409
Unique genes in embed: 1604
Holdout performance for /home/exouser/gene-embedding-benchmarks/data/embeddings/intersect/BulkFM-MASK-CONT-31 with best C=1.0:
Holdout AUC: 0.5031
Holdout AUPRC: 0.1253
Holdout PR@10: 0.2000
Holdout Duration: 0.26s
DOID:0050161,Unique genes before filter: 374
Unique genes in embed: 274
Holdout performance for /home/exouser/gene-embedding-benchmarks/data/embeddings/intersect/BulkFM-MASK-CONT-31 with best C=10.0:
Holdout AUC: 0.3828
Holdout AUPRC: 0.0790
Holdout PR@10: 0.0000
Holdout Duration: 0.01s
DOID:417,Unique genes before filter: 440
Unique genes in embed: 315
Holdout performance for /home/exouser/gene-embedding-benchmarks/data/embeddings/intersect/BulkFM-MASK-CONT-31 with best C=0.1:
Holdout AUC: 0.5716
Holdout AUPRC: 0.2235
Holdout PR@10: 0.1000
Holdout Duration: 0.02s
DOID:612,Unique genes before filter: 1672
Unique genes in embed: 1142
Holdout performance for /home/exouser/gene-embedding-benchmarks/data/embeddings/intersect/BulkFM-MASK-CONT-31 with best C=10.0:
Holdout AUC: 0.6699
Holdout AUPRC: 0.1906
Holdout PR@10: 0.3000
Holdout Duration: 0.13s
DOID:0050739,Unique genes before filter: 1943
Unique genes in embed: 1285
Holdout performance for /home/exouser/gene-embedding-benchmarks/data/embeddings/intersect/BulkFM-MASK-CONT-31 with best C=100.0:
Holdout AUC: 0.5648
Holdout AUPRC: 0.8443
Holdout PR@10: 0.8000
Holdout Duration: 0.24s
DOID:0050736,Unique genes before filter: 1321
Unique genes in embed: 912
Holdout performance for /home/exouser/gene-embedding-benchmarks/data/embeddings/intersect/BulkFM-MASK-CONT-31 with best C=100.0:
Holdout AUC: 0.5048
Holdout AUPRC: 0.6464
Holdout PR@10: 0.6000
Holdout Duration: 0.13s
DOID:0050686,Unique genes before filter: 1551
Unique genes in embed: 1069
Holdout performance for /home/exouser/gene-embedding-benchmarks/data/embeddings/intersect/BulkFM-MASK-CONT-31 with best C=0.1:
Holdout AUC: 0.6411
Holdout AUPRC: 0.1240
Holdout PR@10: 0.0000
Holdout Duration: 0.13s
DOID:0050687,Unique genes before filter: 418
Unique genes in embed: 289
Holdout performance for /home/exouser/gene-embedding-benchmarks/data/embeddings/intersect/BulkFM-MASK-CONT-31 with best C=1.0:
Holdout AUC: 0.3379
Holdout AUPRC: 0.0684
Holdout PR@10: 0.0000
Holdout Duration: 0.01s
DOID:557,Unique genes before filter: 946
Unique genes in embed: 661
Holdout performance for /home/exouser/gene-embedding-benchmarks/data/embeddings/intersect/BulkFM-MASK-CONT-31 with best C=1.0:
Holdout AUC: 0.5063
Holdout AUPRC: 0.1142
Holdout PR@10: 0.0000
Holdout Duration: 0.05s
DOID:305,Unique genes before filter: 319
Unique genes in embed: 220
Holdout performance for /home/exouser/gene-embedding-benchmarks/data/embeddings/intersect/BulkFM-MASK-CONT-31 with best C=1.0:
Holdout AUC: 0.4405
Holdout AUPRC: 0.1010
Holdout PR@10: 0.1000
Holdout Duration: 0.01s
DOID:37,Unique genes before filter: 1210
Unique genes in embed: 837
Holdout performance for /home/exouser/gene-embedding-benchmarks/data/embeddings/intersect/BulkFM-MASK-CONT-31 with best C=0.1:
Holdout AUC: 0.5129
Holdout AUPRC: 0.1224
Holdout PR@10: 0.1000
Holdout Duration: 0.09s
DOID:936,Unique genes before filter: 2676
Unique genes in embed: 1787
Holdout performance for /home/exouser/gene-embedding-benchmarks/data/embeddings/intersect/BulkFM-MASK-CONT-31 with best C=1.0:
Holdout AUC: 0.5576
Holdout AUPRC: 0.1610
Holdout PR@10: 0.3000
Holdout Duration: 0.35s
DOID:114,Unique genes before filter: 1067
Unique genes in embed: 736
Holdout performance for /home/exouser/gene-embedding-benchmarks/data/embeddings/intersect/BulkFM-MASK-CONT-31 with best C=10.0:
Holdout AUC: 0.4472
Holdout AUPRC: 0.0909
Holdout PR@10: 0.1000
Holdout Duration: 0.06s
DOID:0060036,Unique genes before filter: 649
Unique genes in embed: 452
Holdout performance for /home/exouser/gene-embedding-benchmarks/data/embeddings/intersect/BulkFM-MASK-CONT-31 with best C=0.1:
Holdout AUC: 0.6585
Holdout AUPRC: 0.1825
Holdout PR@10: 0.2000
Holdout Duration: 0.03s
DOID:0050700,Unique genes before filter: 649
Unique genes in embed: 468
Holdout performance for /home/exouser/gene-embedding-benchmarks/data/embeddings/intersect/BulkFM-MASK-CONT-31 with best C=1.0:
Holdout AUC: 0.5953
Holdout AUPRC: 0.1289
Holdout PR@10: 0.1000
Holdout Duration: 0.03s
DOID:0050737,Unique genes before filter: 1864
Unique genes in embed: 1209
Holdout performance for /home/exouser/gene-embedding-benchmarks/data/embeddings/intersect/BulkFM-MASK-CONT-31 with best C=0.1:
Holdout AUC: 0.4859
Holdout AUPRC: 0.7519
Holdout PR@10: 0.8000
Holdout Duration: 0.19s
DOID:0080009,Unique genes before filter: 385
Unique genes in embed: 274
Holdout performance for /home/exouser/gene-embedding-benchmarks/data/embeddings/intersect/BulkFM-MASK-CONT-31 with best C=0.1:
Holdout AUC: 0.6344
Holdout AUPRC: 0.2225
Holdout PR@10: 0.2000
Holdout Duration: 0.01s
DOID:0050735,Unique genes before filter: 604
Unique genes in embed: 432
Holdout performance for /home/exouser/gene-embedding-benchmarks/data/embeddings/intersect/BulkFM-MASK-CONT-31 with best C=0.1:
Holdout AUC: 0.5726
Holdout AUPRC: 0.3811
Holdout PR@10: 0.4000
Holdout Duration: 0.03s
DOID:0080001,Unique genes before filter: 1969
Unique genes in embed: 1330
Holdout performance for /home/exouser/gene-embedding-benchmarks/data/embeddings/intersect/BulkFM-MASK-CONT-31 with best C=1.0:
Holdout AUC: 0.5588
Holdout AUPRC: 0.1502
Holdout PR@10: 0.3000
Holdout Duration: 0.18s
DOID:0080005,Unique genes before filter: 297
Unique genes in embed: 213
Holdout performance for /home/exouser/gene-embedding-benchmarks/data/embeddings/intersect/BulkFM-MASK-CONT-31 with best C=0.1:
Holdout AUC: 0.7143
Holdout AUPRC: 0.1578
Holdout PR@10: 0.1000
Holdout Duration: 0.01s
DOID:2490,Unique genes before filter: 418
Unique genes in embed: 290
Holdout performance for /home/exouser/gene-embedding-benchmarks/data/embeddings/intersect/BulkFM-MASK-CONT-31 with best C=0.1:
Holdout AUC: 0.6167
Holdout AUPRC: 0.1524
Holdout PR@10: 0.2000
Holdout Duration: 0.02s
DOID:4961,Unique genes before filter: 242
Unique genes in embed: 184
Holdout performance for /home/exouser/gene-embedding-benchmarks/data/embeddings/intersect/BulkFM-MASK-CONT-31 with best C=0.1:
Holdout AUC: 0.3120
Holdout AUPRC: 0.0760
Holdout PR@10: 0.0000
Holdout Duration: 0.01s
DOID:2531,Unique genes before filter: 462
Unique genes in embed: 341
Holdout performance for /home/exouser/gene-embedding-benchmarks/data/embeddings/intersect/BulkFM-MASK-CONT-31 with best C=0.1:
Holdout AUC: 0.7408
Holdout AUPRC: 0.3746
Holdout PR@10: 0.3000
Holdout Duration: 0.02s
DOID:1934,Unique genes before filter: 396
Unique genes in embed: 279
Holdout performance for /home/exouser/gene-embedding-benchmarks/data/embeddings/intersect/BulkFM-MASK-CONT-31 with best C=0.1:
Holdout AUC: 0.5078
Holdout AUPRC: 0.0981
Holdout PR@10: 0.0000
Holdout Duration: 0.01s
DOID:0080006,Unique genes before filter: 1496
Unique genes in embed: 1033
Holdout performance for /home/exouser/gene-embedding-benchmarks/data/embeddings/intersect/BulkFM-MASK-CONT-31 with best C=1.0:
Holdout AUC: 0.5552
Holdout AUPRC: 0.1140
Holdout PR@10: 0.0000
Holdout Duration: 0.11s
DOID:2256,Unique genes before filter: 880
Unique genes in embed: 619
Holdout performance for /home/exouser/gene-embedding-benchmarks/data/embeddings/intersect/BulkFM-MASK-CONT-31 with best C=1.0:
Holdout AUC: 0.4706
Holdout AUPRC: 0.1227
Holdout PR@10: 0.1000
Holdout Duration: 0.04s
DOID:0080012,Unique genes before filter: 545
Unique genes in embed: 384
Holdout performance for /home/exouser/gene-embedding-benchmarks/data/embeddings/intersect/BulkFM-MASK-CONT-31 with best C=0.1:
Holdout AUC: 0.4211
Holdout AUPRC: 0.1720
Holdout PR@10: 0.1000
Holdout Duration: 0.02s
DOID:231,Unique genes before filter: 506
Unique genes in embed: 360
Holdout performance for /home/exouser/gene-embedding-benchmarks/data/embeddings/intersect/BulkFM-MASK-CONT-31 with best C=0.1:
Holdout AUC: 0.4394
Holdout AUPRC: 0.0852
Holdout PR@10: 0.0000
Holdout Duration: 0.02s
DOID:1289,Unique genes before filter: 1958
Unique genes in embed: 1328
Holdout performance for /home/exouser/gene-embedding-benchmarks/data/embeddings/intersect/BulkFM-MASK-CONT-31 with best C=1.0:
Holdout AUC: 0.5876
Holdout AUPRC: 0.1722
Holdout PR@10: 0.3000
Holdout Duration: 0.15s
DOID:440,Unique genes before filter: 748
Unique genes in embed: 526
Holdout performance for /home/exouser/gene-embedding-benchmarks/data/embeddings/intersect/BulkFM-MASK-CONT-31 with best C=10.0:
Holdout AUC: 0.6337
Holdout AUPRC: 0.1352
Holdout PR@10: 0.1000
Holdout Duration: 0.03s
DOID:0050539,Unique genes before filter: 286
Unique genes in embed: 211
Holdout performance for /home/exouser/gene-embedding-benchmarks/data/embeddings/intersect/BulkFM-MASK-CONT-31 with best C=10.0:
Holdout AUC: 0.3385
Holdout AUPRC: 0.0695
Holdout PR@10: 0.0000
Holdout Duration: 0.01s
DOID:10595,Unique genes before filter: 539
Unique genes in embed: 382
Holdout performance for /home/exouser/gene-embedding-benchmarks/data/embeddings/intersect/BulkFM-MASK-CONT-31 with best C=10.0:
Holdout AUC: 0.5497
Holdout AUPRC: 0.1301
Holdout PR@10: 0.1000
Holdout Duration: 0.02s
DOID:870,Unique genes before filter: 1111
Unique genes in embed: 781
Holdout performance for /home/exouser/gene-embedding-benchmarks/data/embeddings/intersect/BulkFM-MASK-CONT-31 with best C=100.0:
Holdout AUC: 0.4266
Holdout AUPRC: 0.0787
Holdout PR@10: 0.0000
Holdout Duration: 0.06s
DOID:2355,Unique genes before filter: 737
Unique genes in embed: 510
Holdout performance for /home/exouser/gene-embedding-benchmarks/data/embeddings/intersect/BulkFM-MASK-CONT-31 with best C=1.0:
Holdout AUC: 0.5640
Holdout AUPRC: 0.1262
Holdout PR@10: 0.1000
Holdout Duration: 0.03s
DOID:12449,Unique genes before filter: 462
Unique genes in embed: 330
Holdout performance for /home/exouser/gene-embedding-benchmarks/data/embeddings/intersect/BulkFM-MASK-CONT-31 with best C=0.1:
Holdout AUC: 0.3790
Holdout AUPRC: 0.1026
Holdout PR@10: 0.2000
Holdout Duration: 0.02s
DOID:423,Unique genes before filter: 1188
Unique genes in embed: 815
Holdout performance for /home/exouser/gene-embedding-benchmarks/data/embeddings/intersect/BulkFM-MASK-CONT-31 with best C=0.1:
Holdout AUC: 0.5751
Holdout AUPRC: 0.1199
Holdout PR@10: 0.1000
Holdout Duration: 0.08s
DOID:0080000,Unique genes before filter: 1375
Unique genes in embed: 962
Holdout performance for /home/exouser/gene-embedding-benchmarks/data/embeddings/intersect/BulkFM-MASK-CONT-31 with best C=10.0:
Holdout AUC: 0.5521
Holdout AUPRC: 0.1057
Holdout PR@10: 0.1000
Holdout Duration: 0.09s
DOID:9884,Unique genes before filter: 561
Unique genes in embed: 394
Holdout performance for /home/exouser/gene-embedding-benchmarks/data/embeddings/intersect/BulkFM-MASK-CONT-31 with best C=1.0:
Holdout AUC: 0.4788
Holdout AUPRC: 0.0935
Holdout PR@10: 0.1000
Holdout Duration: 0.02s
DOID:66,Unique genes before filter: 1287
Unique genes in embed: 888
Holdout performance for /home/exouser/gene-embedding-benchmarks/data/embeddings/intersect/BulkFM-MASK-CONT-31 with best C=10.0:
Holdout AUC: 0.5756
Holdout AUPRC: 0.1821
Holdout PR@10: 0.2000
Holdout Duration: 0.07s
DOID:2786,Unique genes before filter: 726
Unique genes in embed: 514
Holdout performance for /home/exouser/gene-embedding-benchmarks/data/embeddings/intersect/BulkFM-MASK-CONT-31 with best C=10.0:
Holdout AUC: 0.7222
Holdout AUPRC: 0.3562
Holdout PR@10: 0.4000
Holdout Duration: 0.02s
DOID:9799,Unique genes before filter: 1056
Unique genes in embed: 720
Holdout performance for /home/exouser/gene-embedding-benchmarks/data/embeddings/intersect/BulkFM-MASK-CONT-31 with best C=1.0:
Holdout AUC: 0.6301
Holdout AUPRC: 0.1245
Holdout PR@10: 0.0000
Holdout Duration: 0.05s
DOID:4448,Unique genes before filter: 286
Unique genes in embed: 195
Holdout performance for /home/exouser/gene-embedding-benchmarks/data/embeddings/intersect/BulkFM-MASK-CONT-31 with best C=0.1:
Holdout AUC: 0.4562
Holdout AUPRC: 0.1542
Holdout PR@10: 0.1000
Holdout Duration: 0.01s
DOID:8466,Unique genes before filter: 1045
Unique genes in embed: 735
Holdout performance for /home/exouser/gene-embedding-benchmarks/data/embeddings/intersect/BulkFM-MASK-CONT-31 with best C=10.0:
Holdout AUC: 0.5113
Holdout AUPRC: 0.1144
Holdout PR@10: 0.2000
Holdout Duration: 0.04s
DOID:5614,Unique genes before filter: 2508
Unique genes in embed: 1695
Holdout performance for /home/exouser/gene-embedding-benchmarks/data/embeddings/intersect/BulkFM-MASK-CONT-31 with best C=10.0:
Holdout AUC: 0.4568
Holdout AUPRC: 0.0855
Holdout PR@10: 0.0000
Holdout Duration: 0.24s
DOID:5679,Unique genes before filter: 1353
Unique genes in embed: 949
Holdout performance for /home/exouser/gene-embedding-benchmarks/data/embeddings/intersect/BulkFM-MASK-CONT-31 with best C=100.0:
Holdout AUC: 0.6691
Holdout AUPRC: 0.1844
Holdout PR@10: 0.2000
Holdout Duration: 0.06s
DOID:1091,Unique genes before filter: 242
Unique genes in embed: 155
Holdout performance for /home/exouser/gene-embedding-benchmarks/data/embeddings/intersect/BulkFM-MASK-CONT-31 with best C=0.1:
Holdout AUC: 0.4750
Holdout AUPRC: 0.1626
Holdout PR@10: 0.1000
Holdout Duration: 0.01s
DOID:403,Unique genes before filter: 264
Unique genes in embed: 177
Holdout performance for /home/exouser/gene-embedding-benchmarks/data/embeddings/intersect/BulkFM-MASK-CONT-31 with best C=1.0:
Holdout AUC: 0.4940
Holdout AUPRC: 0.1144
Holdout PR@10: 0.0000
Holdout Duration: 0.01s
DOID:0060564,Unique genes before filter: 352
Unique genes in embed: 243
Holdout performance for /home/exouser/gene-embedding-benchmarks/data/embeddings/intersect/BulkFM-MASK-CONT-31 with best C=10.0:
Holdout AUC: 0.8512
Holdout AUPRC: 0.3713
Holdout PR@10: 0.2000
Holdout Duration: 0.01s
DOID:0050828,Unique genes before filter: 319
Unique genes in embed: 220
Holdout performance for /home/exouser/gene-embedding-benchmarks/data/embeddings/intersect/BulkFM-MASK-CONT-31 with best C=1.0:
Holdout AUC: 0.3958
Holdout AUPRC: 0.0826
Holdout PR@10: 0.1000
Holdout Duration: 0.01s
DOID:178,Unique genes before filter: 539
Unique genes in embed: 368
Holdout performance for /home/exouser/gene-embedding-benchmarks/data/embeddings/intersect/BulkFM-MASK-CONT-31 with best C=1.0:
Holdout AUC: 0.4114
Holdout AUPRC: 0.1015
Holdout PR@10: 0.1000
Holdout Duration: 0.02s
DOID:0060037,Unique genes before filter: 1980
Unique genes in embed: 1354
Holdout performance for /home/exouser/gene-embedding-benchmarks/data/embeddings/intersect/BulkFM-MASK-CONT-31 with best C=100.0:
Holdout AUC: 0.5772
Holdout AUPRC: 0.1441
Holdout PR@10: 0.1000
Holdout Duration: 0.16s
DOID:0060309,Unique genes before filter: 396
Unique genes in embed: 283
Holdout performance for /home/exouser/gene-embedding-benchmarks/data/embeddings/intersect/BulkFM-MASK-CONT-31 with best C=0.1:
Holdout AUC: 0.6515
Holdout AUPRC: 0.1840
Holdout PR@10: 0.2000
Holdout Duration: 0.01s
DOID:1059,Unique genes before filter: 1914
Unique genes in embed: 1296
Holdout performance for /home/exouser/gene-embedding-benchmarks/data/embeddings/intersect/BulkFM-MASK-CONT-31 with best C=10.0:
Holdout AUC: 0.5916
Holdout AUPRC: 0.1466
Holdout PR@10: 0.3000
Holdout Duration: 0.15s
DOID:0060038,Unique genes before filter: 1980
Unique genes in embed: 1349
Holdout performance for /home/exouser/gene-embedding-benchmarks/data/embeddings/intersect/BulkFM-MASK-CONT-31 with best C=0.1:
Holdout AUC: 0.5639
Holdout AUPRC: 0.1069
Holdout PR@10: 0.1000
Holdout Duration: 0.20s
DOID:0050888,Unique genes before filter: 462
Unique genes in embed: 331
Holdout performance for /home/exouser/gene-embedding-benchmarks/data/embeddings/intersect/BulkFM-MASK-CONT-31 with best C=0.1:
Holdout AUC: 0.6387
Holdout AUPRC: 0.1957
Holdout PR@10: 0.2000
Holdout Duration: 0.02s
DOID:10273,Unique genes before filter: 253
Unique genes in embed: 178
Holdout performance for /home/exouser/gene-embedding-benchmarks/data/embeddings/intersect/BulkFM-MASK-CONT-31 with best C=10.0:
Holdout AUC: 0.7554
Holdout AUPRC: 0.3994
Holdout PR@10: 0.3000
Holdout Duration: 0.01s
DOID:0050753,Unique genes before filter: 726
Unique genes in embed: 506
Holdout performance for /home/exouser/gene-embedding-benchmarks/data/embeddings/intersect/BulkFM-MASK-CONT-31 with best C=1.0:
Holdout AUC: 0.6776
Holdout AUPRC: 0.2954
Holdout PR@10: 0.2000
Holdout Duration: 0.02s
DOID:0050951,Unique genes before filter: 825
Unique genes in embed: 586
Holdout performance for /home/exouser/gene-embedding-benchmarks/data/embeddings/intersect/BulkFM-MASK-CONT-31 with best C=10.0:
Holdout AUC: 0.5765
Holdout AUPRC: 0.1696
Holdout PR@10: 0.1000
Holdout Duration: 0.02s
DOID:0050950,Unique genes before filter: 363
Unique genes in embed: 263
Holdout performance for /home/exouser/gene-embedding-benchmarks/data/embeddings/intersect/BulkFM-MASK-CONT-31 with best C=1.0:
Holdout AUC: 0.4048
Holdout AUPRC: 0.0901
Holdout PR@10: 0.0000
Holdout Duration: 0.01s
DOID:2277,Unique genes before filter: 737
Unique genes in embed: 516
Holdout performance for /home/exouser/gene-embedding-benchmarks/data/embeddings/intersect/BulkFM-MASK-CONT-31 with best C=0.1:
Holdout AUC: 0.4646
Holdout AUPRC: 0.0947
Holdout PR@10: 0.1000
Holdout Duration: 0.04s
DOID:1923,Unique genes before filter: 242
Unique genes in embed: 179
Holdout performance for /home/exouser/gene-embedding-benchmarks/data/embeddings/intersect/BulkFM-MASK-CONT-31 with best C=0.1:
Holdout AUC: 0.5227
Holdout AUPRC: 0.1152
Holdout PR@10: 0.1000
Holdout Duration: 0.01s
DOID:1441,Unique genes before filter: 396
Unique genes in embed: 281
Holdout performance for /home/exouser/gene-embedding-benchmarks/data/embeddings/intersect/BulkFM-MASK-CONT-31 with best C=1.0:
Holdout AUC: 0.5156
Holdout AUPRC: 0.1549
Holdout PR@10: 0.1000
Holdout Duration: 0.01s
DOID:607,Unique genes before filter: 638
Unique genes in embed: 434
Holdout performance for /home/exouser/gene-embedding-benchmarks/data/embeddings/intersect/BulkFM-MASK-CONT-31 with best C=0.1:
Holdout AUC: 0.5073
Holdout AUPRC: 0.0999
Holdout PR@10: 0.1000
Holdout Duration: 0.03s
DOID:2476,Unique genes before filter: 638
Unique genes in embed: 453
Holdout performance for /home/exouser/gene-embedding-benchmarks/data/embeddings/intersect/BulkFM-MASK-CONT-31 with best C=0.1:
Holdout AUC: 0.3765
Holdout AUPRC: 0.0724
Holdout PR@10: 0.0000
Holdout Duration: 0.03s
DOID:0080578,Unique genes before filter: 385
Unique genes in embed: 263
Holdout performance for /home/exouser/gene-embedding-benchmarks/data/embeddings/intersect/BulkFM-MASK-CONT-31 with best C=0.1:
Holdout AUC: 0.5995
Holdout AUPRC: 0.1206
Holdout PR@10: 0.0000
Holdout Duration: 0.01s
DOID:627,Unique genes before filter: 209
Unique genes in embed: 145
Holdout performance for /home/exouser/gene-embedding-benchmarks/data/embeddings/intersect/BulkFM-MASK-CONT-31 with best C=10.0:
Holdout AUC: 0.3312
Holdout AUPRC: 0.0836
Holdout PR@10: 0.0000
Holdout Duration: 0.01s
DOID:0111962,Unique genes before filter: 484
Unique genes in embed: 337
Holdout performance for /home/exouser/gene-embedding-benchmarks/data/embeddings/intersect/BulkFM-MASK-CONT-31 with best C=10.0:
Holdout AUC: 0.5328
Holdout AUPRC: 0.1168
Holdout PR@10: 0.1000
Holdout Duration: 0.01s
DOID:2115,Unique genes before filter: 308
Unique genes in embed: 216
Holdout performance for /home/exouser/gene-embedding-benchmarks/data/embeddings/intersect/BulkFM-MASK-CONT-31 with best C=10.0:
Holdout AUC: 0.3200
Holdout AUPRC: 0.0868
Holdout PR@10: 0.1000
Holdout Duration: 0.01s
DOID:2583,Unique genes before filter: 220
Unique genes in embed: 161
Holdout performance for /home/exouser/gene-embedding-benchmarks/data/embeddings/intersect/BulkFM-MASK-CONT-31 with best C=0.1:
Holdout AUC: 0.4500
Holdout AUPRC: 0.1032
Holdout PR@10: 0.0000
Holdout Duration: 0.01s
DOID:0081337,Unique genes before filter: 330
Unique genes in embed: 234
Holdout performance for /home/exouser/gene-embedding-benchmarks/data/embeddings/intersect/BulkFM-MASK-CONT-31 with best C=0.1:
Holdout AUC: 0.4846
Holdout AUPRC: 0.1008
Holdout PR@10: 0.0000
Holdout Duration: 0.01s
DOID:1247,Unique genes before filter: 462
Unique genes in embed: 347
Holdout performance for /home/exouser/gene-embedding-benchmarks/data/embeddings/intersect/BulkFM-MASK-CONT-31 with best C=0.1:
Holdout AUC: 0.6184
Holdout AUPRC: 0.1927
Holdout PR@10: 0.2000
Holdout Duration: 0.02s
DOID:0060340,Unique genes before filter: 469
Unique genes in embed: 319
Holdout performance for /home/exouser/gene-embedding-benchmarks/data/embeddings/intersect/BulkFM-MASK-CONT-31 with best C=1.0:
Holdout AUC: 0.3921
Holdout AUPRC: 0.1161
Holdout PR@10: 0.1000
Holdout Duration: 0.02s
DOID:0050777,Unique genes before filter: 275
Unique genes in embed: 204
Holdout performance for /home/exouser/gene-embedding-benchmarks/data/embeddings/intersect/BulkFM-MASK-CONT-31 with best C=1.0:
Holdout AUC: 0.7438
Holdout AUPRC: 0.2233
Holdout PR@10: 0.2000
Holdout Duration: 0.01s
DOID:1826,Unique genes before filter: 1408
Unique genes in embed: 971
Holdout performance for /home/exouser/gene-embedding-benchmarks/data/embeddings/intersect/BulkFM-MASK-CONT-31 with best C=0.1:
Holdout AUC: 0.6061
Holdout AUPRC: 0.1308
Holdout PR@10: 0.1000
Holdout Duration: 0.11s
DOID:0050563,Unique genes before filter: 1144
Unique genes in embed: 800
Holdout performance for /home/exouser/gene-embedding-benchmarks/data/embeddings/intersect/BulkFM-MASK-CONT-31 with best C=100.0:
Holdout AUC: 0.5560
Holdout AUPRC: 0.1479
Holdout PR@10: 0.2000
Holdout Duration: 0.04s
DOID:0050564,Unique genes before filter: 450
Unique genes in embed: 322
Holdout performance for /home/exouser/gene-embedding-benchmarks/data/embeddings/intersect/BulkFM-MASK-CONT-31 with best C=10.0:
Holdout AUC: 0.7028
Holdout AUPRC: 0.3259
Holdout PR@10: 0.1000
Holdout Duration: 0.01s
DOID:2742,Unique genes before filter: 1144
Unique genes in embed: 811
Holdout performance for /home/exouser/gene-embedding-benchmarks/data/embeddings/intersect/BulkFM-MASK-CONT-31 with best C=0.1:
Holdout AUC: 0.6231
Holdout AUPRC: 0.1559
Holdout PR@10: 0.2000
Holdout Duration: 0.08s
DOID:10579,Unique genes before filter: 407
Unique genes in embed: 290
Holdout performance for /home/exouser/gene-embedding-benchmarks/data/embeddings/intersect/BulkFM-MASK-CONT-31 with best C=0.1:
Holdout AUC: 0.4037
Holdout AUPRC: 0.0815
Holdout PR@10: 0.0000
Holdout Duration: 0.01s
DOID:1443,Unique genes before filter: 451
Unique genes in embed: 313
Holdout performance for /home/exouser/gene-embedding-benchmarks/data/embeddings/intersect/BulkFM-MASK-CONT-31 with best C=10.0:
Holdout AUC: 0.5754
Holdout AUPRC: 0.1045
Holdout PR@10: 0.0000
Holdout Duration: 0.01s
DOID:0112202,Unique genes before filter: 1012
Unique genes in embed: 715
Holdout performance for /home/exouser/gene-embedding-benchmarks/data/embeddings/intersect/BulkFM-MASK-CONT-31 with best C=0.1:
Holdout AUC: 0.6970
Holdout AUPRC: 0.2209
Holdout PR@10: 0.3000
Holdout Duration: 0.06s
DOID:0050701,Unique genes before filter: 1232
Unique genes in embed: 868
Holdout performance for /home/exouser/gene-embedding-benchmarks/data/embeddings/intersect/BulkFM-MASK-CONT-31 with best C=0.1:
Holdout AUC: 0.5039
Holdout AUPRC: 0.1547
Holdout PR@10: 0.2000
Holdout Duration: 0.09s
DOID:0060307,Unique genes before filter: 478
Unique genes in embed: 329
Holdout performance for /home/exouser/gene-embedding-benchmarks/data/embeddings/intersect/BulkFM-MASK-CONT-31 with best C=0.1:
Holdout AUC: 0.6610
Holdout AUPRC: 0.1596
Holdout PR@10: 0.2000
Holdout Duration: 0.02s
DOID:0111910,Unique genes before filter: 671
Unique genes in embed: 459
Holdout performance for /home/exouser/gene-embedding-benchmarks/data/embeddings/intersect/BulkFM-MASK-CONT-31 with best C=0.1:
Holdout AUC: 0.4098
Holdout AUPRC: 0.0780
Holdout PR@10: 0.0000
Holdout Duration: 0.03s
DOID:48,Unique genes before filter: 847
Unique genes in embed: 580
Holdout performance for /home/exouser/gene-embedding-benchmarks/data/embeddings/intersect/BulkFM-MASK-CONT-31 with best C=10.0:
Holdout AUC: 0.5721
Holdout AUPRC: 0.1267
Holdout PR@10: 0.1000
Holdout Duration: 0.03s
DOID:12336,Unique genes before filter: 682
Unique genes in embed: 470
Holdout performance for /home/exouser/gene-embedding-benchmarks/data/embeddings/intersect/BulkFM-MASK-CONT-31 with best C=0.1:
Holdout AUC: 0.6141
Holdout AUPRC: 0.1901
Holdout PR@10: 0.2000
Holdout Duration: 0.03s
DOID:5212,Unique genes before filter: 418
Unique genes in embed: 293
Holdout performance for /home/exouser/gene-embedding-benchmarks/data/embeddings/intersect/BulkFM-MASK-CONT-31 with best C=0.1:
Holdout AUC: 0.5793
Holdout AUPRC: 0.1164
Holdout PR@10: 0.1000
Holdout Duration: 0.01s
DOID:110,Unique genes before filter: 363
Unique genes in embed: 270
Holdout performance for /home/exouser/gene-embedding-benchmarks/data/embeddings/intersect/BulkFM-MASK-CONT-31 with best C=10.0:
Holdout AUC: 0.4115
Holdout AUPRC: 0.1086
Holdout PR@10: 0.1000
Holdout Duration: 0.01s
DOID:83,Unique genes before filter: 341
Unique genes in embed: 252
Holdout performance for /home/exouser/gene-embedding-benchmarks/data/embeddings/intersect/BulkFM-MASK-CONT-31 with best C=0.1:
Holdout AUC: 0.4812
Holdout AUPRC: 0.2424
Holdout PR@10: 0.1000
Holdout Duration: 0.01s
DOID:0060308,Unique genes before filter: 475
Unique genes in embed: 326
Holdout performance for /home/exouser/gene-embedding-benchmarks/data/embeddings/intersect/BulkFM-MASK-CONT-31 with best C=0.1:
Holdout AUC: 0.4418
Holdout AUPRC: 0.0932
Holdout PR@10: 0.0000
Holdout Duration: 0.02s
DOID:0050776,Unique genes before filter: 220
Unique genes in embed: 167
Holdout performance for /home/exouser/gene-embedding-benchmarks/data/embeddings/intersect/BulkFM-MASK-CONT-31 with best C=0.1:
Holdout AUC: 0.6500
Holdout AUPRC: 0.2357
Holdout PR@10: 0.2000
Holdout Duration: 0.01s
DOID:0050889,Unique genes before filter: 220
Unique genes in embed: 158
Holdout performance for /home/exouser/gene-embedding-benchmarks/data/embeddings/intersect/BulkFM-MASK-CONT-31 with best C=0.1:
Holdout AUC: 0.6875
Holdout AUPRC: 0.2093
Holdout PR@10: 0.3000
Holdout Duration: 0.01s
DOID:0050565,Unique genes before filter: 464
Unique genes in embed: 324
Holdout performance for /home/exouser/gene-embedding-benchmarks/data/embeddings/intersect/BulkFM-MASK-CONT-31 with best C=0.1:
Holdout AUC: 0.5634
Holdout AUPRC: 0.1551
Holdout PR@10: 0.1000
Holdout Duration: 0.02s
DOID:9562,Unique genes before filter: 418
Unique genes in embed: 290
Holdout performance for /home/exouser/gene-embedding-benchmarks/data/embeddings/intersect/BulkFM-MASK-CONT-31 with best C=1.0:
Holdout AUC: 0.5000
Holdout AUPRC: 0.1062
Holdout PR@10: 0.1000
Holdout Duration: 0.01s
DOID:10584,Unique genes before filter: 671
Unique genes in embed: 473
Holdout performance for /home/exouser/gene-embedding-benchmarks/data/embeddings/intersect/BulkFM-MASK-CONT-31 with best C=1.0:
Holdout AUC: 0.6123
Holdout AUPRC: 0.1891
Holdout PR@10: 0.3000
Holdout Duration: 0.02s
DOID:5295,Unique genes before filter: 462
Unique genes in embed: 314
Holdout performance for /home/exouser/gene-embedding-benchmarks/data/embeddings/intersect/BulkFM-MASK-CONT-31 with best C=10.0:
Holdout AUC: 0.5000
Holdout AUPRC: 0.1144
Holdout PR@10: 0.1000
Holdout Duration: 0.01s
DOID:3119,Unique genes before filter: 451
Unique genes in embed: 328
Holdout performance for /home/exouser/gene-embedding-benchmarks/data/embeddings/intersect/BulkFM-MASK-CONT-31 with best C=0.1:
Holdout AUC: 0.6598
Holdout AUPRC: 0.1732
Holdout PR@10: 0.2000
Holdout Duration: 0.02s
DOID:229,Unique genes before filter: 308
Unique genes in embed: 215
Holdout performance for /home/exouser/gene-embedding-benchmarks/data/embeddings/intersect/BulkFM-MASK-CONT-31 with best C=0.1:
Holdout AUC: 0.4120
Holdout AUPRC: 0.1430
Holdout PR@10: 0.1000
Holdout Duration: 0.01s
DOID:1100,Unique genes before filter: 253
Unique genes in embed: 180
Holdout performance for /home/exouser/gene-embedding-benchmarks/data/embeddings/intersect/BulkFM-MASK-CONT-31 with best C=10.0:
Holdout AUC: 0.5188
Holdout AUPRC: 0.1477
Holdout PR@10: 0.2000
Holdout Duration: 0.01s
DOID:12930,Unique genes before filter: 385
Unique genes in embed: 261
Holdout performance for /home/exouser/gene-embedding-benchmarks/data/embeddings/intersect/BulkFM-MASK-CONT-31 with best C=0.1:
Holdout AUC: 0.6138
Holdout AUPRC: 0.1481
Holdout PR@10: 0.1000
Holdout Duration: 0.01s
DOID:1342,Unique genes before filter: 363
Unique genes in embed: 256
Holdout performance for /home/exouser/gene-embedding-benchmarks/data/embeddings/intersect/BulkFM-MASK-CONT-31 with best C=1.0:
Holdout AUC: 0.6481
Holdout AUPRC: 0.1540
Holdout PR@10: 0.2000
Holdout Duration: 0.01s
DOID:9256,Unique genes before filter: 253
Unique genes in embed: 184
Holdout performance for /home/exouser/gene-embedding-benchmarks/data/embeddings/intersect/BulkFM-MASK-CONT-31 with best C=1.0:
Holdout AUC: 0.5119
Holdout AUPRC: 0.1057
Holdout PR@10: 0.0000
Holdout Duration: 0.01s
DOID:10155,Unique genes before filter: 253
Unique genes in embed: 176
Holdout performance for /home/exouser/gene-embedding-benchmarks/data/embeddings/intersect/BulkFM-MASK-CONT-31 with best C=0.1:
Holdout AUC: 0.3810
Holdout AUPRC: 0.0914
Holdout PR@10: 0.0000
Holdout Duration: 0.01s
DOID:5672,Unique genes before filter: 253
Unique genes in embed: 179
Holdout performance for /home/exouser/gene-embedding-benchmarks/data/embeddings/intersect/BulkFM-MASK-CONT-31 with best C=10.0:
Holdout AUC: 0.3036
Holdout AUPRC: 0.0746
Holdout PR@10: 0.0000
Holdout Duration: 0.01s
Saved fold results to /home/exouser/gene-embedding-benchmarks/results/tsvs/BulkFM-MASK-CONT-31_fold_results.pkl
Saved holdout results to /home/exouser/gene-embedding-benchmarks/results/tsvs/BulkFM-MASK-CONT-31_holdout_results.pkl

=== Step 3: Gene-pair benchmarks (parallel) ===
  Pair: ng
  Pair: sl
  Pair: tf
  Pair: pombe
Processing 'BulkFM-MASK-CONT-31' | Operation: sum
Original positives: 2124, Filtered positives: 733
Fold 0: train=4106, outer=1053
Fold 1: train=4244, outer=947
Fold 2: train=3937, outer=1089

Results:
   fold  best_C  inner_AUC  inner_AUPRC  inner_PR@10  inner_time  outer_AUC  outer_AUPRC  outer_PR@10  outer_time  orig_pos_pairs  filtered_pos_pairs
      0   100.0   0.450059     0.094778     0.033333    1.290998   0.574428     0.023366          0.0    0.078016          2124.0               733.0
      1     0.1   0.771760     0.203662     0.200000    0.838359   0.456911     0.044417          0.0    0.229638          2124.0               733.0
      2     0.1   0.538700     0.037494     0.000000    1.108039   0.420932     0.123001          0.0    0.487134          2124.0               733.0
average     0.1   0.586840     0.111978     0.077778    1.079132   0.484090     0.063595          0.0    0.264929          2124.0               733.0

Saved to /home/exouser/gene-embedding-benchmarks/results/tsvs/BulkFM-MASK-CONT-31_sum_intersected_sl.csv
Processing 'BulkFM-MASK-CONT-31' | Operation: sum
Original positives: 5966, Filtered positives: 2535
Fold 0: train=11261, outer=2845
Fold 1: train=11287, outer=2725
Fold 2: train=11252, outer=2795

Results:
   fold  best_C  inner_AUC  inner_AUPRC  inner_PR@10  inner_time  outer_AUC  outer_AUPRC  outer_PR@10  outer_time  orig_pos_pairs  filtered_pos_pairs
      0    1000   0.487716     0.087142     0.000000   10.114253   0.467714     0.110532          0.2    1.978852          5966.0              2535.0
      1    1000   0.516525     0.117607     0.133333   13.233849   0.446376     0.071670          0.1    2.027892          5966.0              2535.0
      2     100   0.515602     0.119034     0.133333    9.391067   0.457368     0.088190          0.0    2.057609          5966.0              2535.0
average    1000   0.506614     0.107928     0.088889   10.913056   0.457153     0.090131          0.1    2.021451          5966.0              2535.0

Saved to /home/exouser/gene-embedding-benchmarks/results/tsvs/BulkFM-MASK-CONT-31_sum_intersected_pombe.csv
Processing 'BulkFM-MASK-CONT-31' | Operation: sum
Original positives: 10000, Filtered positives: 4818
Fold 0: train=19498, outer=5202
Fold 1: train=20268, outer=4999
Fold 2: train=20222, outer=4932

Results:
   fold  best_C  inner_AUC  inner_AUPRC  inner_PR@10  inner_time  outer_AUC  outer_AUPRC  outer_PR@10  outer_time  orig_pos_pairs  filtered_pos_pairs
      0     0.1   0.544197     0.120788     0.100000   68.902599   0.526797     0.122592          0.0   16.178298         10000.0              4818.0
      1     1.0   0.530864     0.112006     0.033333   47.835454   0.506178     0.098941          0.0   10.613008         10000.0              4818.0
      2  1000.0   0.530738     0.122056     0.200000   48.656769   0.510627     0.121047          0.3    3.663373         10000.0              4818.0
average     0.1   0.535266     0.118284     0.111111   55.131607   0.514534     0.114194          0.1   10.151559         10000.0              4818.0

Saved to /home/exouser/gene-embedding-benchmarks/results/tsvs/BulkFM-MASK-CONT-31_sum_intersected_tf.csv
Processing 'BulkFM-MASK-CONT-31' | Operation: sum
Original positives: 10568, Filtered positives: 4927
Fold 0: train=19502, outer=5184
Fold 1: train=20791, outer=4637
Fold 2: train=19508, outer=5110

Results:
   fold  best_C  inner_AUC  inner_AUPRC  inner_PR@10  inner_time  outer_AUC  outer_AUPRC  outer_PR@10  outer_time  orig_pos_pairs  filtered_pos_pairs
      0     0.1   0.521061     0.128673     0.233333   62.243867   0.501695     0.119451     0.400000   12.633747         10568.0              4927.0
      1     0.1   0.610322     0.193015     0.400000   69.422377   0.485086     0.061560     0.000000    9.653527         10568.0              4927.0
      2     0.1   0.560428     0.136539     0.366667   50.813929   0.389736     0.123148     0.400000   13.641594         10568.0              4927.0
average     0.1   0.563937     0.152742     0.333333   60.826724   0.458839     0.101387     0.266667   11.976289         10568.0              4927.0

Saved to /home/exouser/gene-embedding-benchmarks/results/tsvs/BulkFM-MASK-CONT-31_sum_intersected_ng.csv

=== Step 4: Append results to results/gene_benchmark_results.csv ===
  GO: 0.5627
  OMIM: 0.5374
  ng: 0.45883887070000745
  sl: 0.4840903663937786
  tf: 0.514533709353194
  pombe: 0.45715277489784656
  Appended to /home/exouser/BulkFM/results/gene_benchmark_results.csv

==============================================
  Pipeline complete for BulkFM-MASK-CONT-31

  Results:
    GO:    /home/exouser/gene-embedding-benchmarks/results/tsvs/BulkFM-MASK-CONT-31_holdout_results_go.pkl
    OMIM:  /home/exouser/gene-embedding-benchmarks/results/tsvs/BulkFM-MASK-CONT-31_holdout_results.pkl
    NG:    /home/exouser/gene-embedding-benchmarks/results/tsvs/BulkFM-MASK-CONT-31_sum_intersected_ng.csv
    SL:    /home/exouser/gene-embedding-benchmarks/results/tsvs/BulkFM-MASK-CONT-31_sum_intersected_sl.csv
    TF:    /home/exouser/gene-embedding-benchmarks/results/tsvs/BulkFM-MASK-CONT-31_sum_intersected_tf.csv
    pombe: /home/exouser/gene-embedding-benchmarks/results/tsvs/BulkFM-MASK-CONT-31_sum_intersected_pombe.csv
  Logs:   /home/exouser/BulkFM/results/logs/20260801_010513_BulkFM-MASK-CONT-31_*.log
==============================================
